<!doctype html public "-//w3c//dtd html 4.0 transitional//en">
<html><head>
<title>Static Call Graph - [.\Objects\Car.axf]</title></head>
<body><HR>
<H1>Static Call Graph for image .\Objects\Car.axf</H1><HR>
<BR><P>#&#060CALLGRAPH&#062# ARM Linker, 5060960: Last Updated: Fri Nov 17 18:09:43 2023
<BR><P>
<H3>Maximum Stack Usage =        152 bytes + Unknown(Cycles, Untraceable Function Pointers)</H3><H3>
Call chain for Maximum Stack Depth:</H3>
__rt_entry_main &rArr; main &rArr; steer &rArr; differentialTurn &rArr; TIMER_A0_PWM_DutyCycle &rArr; __aeabi_dmul
<P>
<H3>
Mutually Recursive functions
</H3> <LI><a href="#[3]">NMI_Handler</a>&nbsp;&nbsp;&nbsp;&rArr;&nbsp;&nbsp;&nbsp;<a href="#[3]">NMI_Handler</a><BR>
 <LI><a href="#[4]">HardFault_Handler</a>&nbsp;&nbsp;&nbsp;&rArr;&nbsp;&nbsp;&nbsp;<a href="#[4]">HardFault_Handler</a><BR>
 <LI><a href="#[5]">MemManage_Handler</a>&nbsp;&nbsp;&nbsp;&rArr;&nbsp;&nbsp;&nbsp;<a href="#[5]">MemManage_Handler</a><BR>
 <LI><a href="#[6]">BusFault_Handler</a>&nbsp;&nbsp;&nbsp;&rArr;&nbsp;&nbsp;&nbsp;<a href="#[6]">BusFault_Handler</a><BR>
 <LI><a href="#[7]">UsageFault_Handler</a>&nbsp;&nbsp;&nbsp;&rArr;&nbsp;&nbsp;&nbsp;<a href="#[7]">UsageFault_Handler</a><BR>
 <LI><a href="#[8]">SVC_Handler</a>&nbsp;&nbsp;&nbsp;&rArr;&nbsp;&nbsp;&nbsp;<a href="#[8]">SVC_Handler</a><BR>
 <LI><a href="#[9]">DebugMon_Handler</a>&nbsp;&nbsp;&nbsp;&rArr;&nbsp;&nbsp;&nbsp;<a href="#[9]">DebugMon_Handler</a><BR>
 <LI><a href="#[a]">PendSV_Handler</a>&nbsp;&nbsp;&nbsp;&rArr;&nbsp;&nbsp;&nbsp;<a href="#[a]">PendSV_Handler</a><BR>
 <LI><a href="#[24]">ADC14_IRQHandler</a>&nbsp;&nbsp;&nbsp;&rArr;&nbsp;&nbsp;&nbsp;<a href="#[24]">ADC14_IRQHandler</a><BR>
</UL>
<P>
<H3>
Function Pointers
</H3><UL>
 <LI><a href="#[24]">ADC14_IRQHandler</a> from startup_msp432p4111_uvision.o(.text) referenced from startup_msp432p4111_uvision.o(RESET)
 <LI><a href="#[28]">AES256_IRQHandler</a> from startup_msp432p4111_uvision.o(.text) referenced from startup_msp432p4111_uvision.o(RESET)
 <LI><a href="#[6]">BusFault_Handler</a> from startup_msp432p4111_uvision.o(.text) referenced from startup_msp432p4111_uvision.o(RESET)
 <LI><a href="#[38]">CLK_Handler</a> from controlpins.o(i.CLK_Handler) referenced from controlpins.o(i.ControlPin_CLK_Init)
 <LI><a href="#[12]">COMP_E0_IRQHandler</a> from startup_msp432p4111_uvision.o(.text) referenced from startup_msp432p4111_uvision.o(RESET)
 <LI><a href="#[13]">COMP_E1_IRQHandler</a> from startup_msp432p4111_uvision.o(.text) referenced from startup_msp432p4111_uvision.o(RESET)
 <LI><a href="#[d]">CS_IRQHandler</a> from startup_msp432p4111_uvision.o(.text) referenced from startup_msp432p4111_uvision.o(RESET)
 <LI><a href="#[2a]">DMA_ERR_IRQHandler</a> from startup_msp432p4111_uvision.o(.text) referenced from startup_msp432p4111_uvision.o(RESET)
 <LI><a href="#[2e]">DMA_INT0_IRQHandler</a> from startup_msp432p4111_uvision.o(.text) referenced from startup_msp432p4111_uvision.o(RESET)
 <LI><a href="#[2d]">DMA_INT1_IRQHandler</a> from startup_msp432p4111_uvision.o(.text) referenced from startup_msp432p4111_uvision.o(RESET)
 <LI><a href="#[2c]">DMA_INT2_IRQHandler</a> from startup_msp432p4111_uvision.o(.text) referenced from startup_msp432p4111_uvision.o(RESET)
 <LI><a href="#[2b]">DMA_INT3_IRQHandler</a> from startup_msp432p4111_uvision.o(.text) referenced from startup_msp432p4111_uvision.o(RESET)
 <LI><a href="#[9]">DebugMon_Handler</a> from startup_msp432p4111_uvision.o(.text) referenced from startup_msp432p4111_uvision.o(RESET)
 <LI><a href="#[1c]">EUSCIA0_IRQHandler</a> from startup_msp432p4111_uvision.o(.text) referenced from startup_msp432p4111_uvision.o(RESET)
 <LI><a href="#[1d]">EUSCIA1_IRQHandler</a> from startup_msp432p4111_uvision.o(.text) referenced from startup_msp432p4111_uvision.o(RESET)
 <LI><a href="#[1e]">EUSCIA2_IRQHandler</a> from startup_msp432p4111_uvision.o(.text) referenced from startup_msp432p4111_uvision.o(RESET)
 <LI><a href="#[1f]">EUSCIA3_IRQHandler</a> from startup_msp432p4111_uvision.o(.text) referenced from startup_msp432p4111_uvision.o(RESET)
 <LI><a href="#[20]">EUSCIB0_IRQHandler</a> from startup_msp432p4111_uvision.o(.text) referenced from startup_msp432p4111_uvision.o(RESET)
 <LI><a href="#[21]">EUSCIB1_IRQHandler</a> from startup_msp432p4111_uvision.o(.text) referenced from startup_msp432p4111_uvision.o(RESET)
 <LI><a href="#[22]">EUSCIB2_IRQHandler</a> from startup_msp432p4111_uvision.o(.text) referenced from startup_msp432p4111_uvision.o(RESET)
 <LI><a href="#[23]">EUSCIB3_IRQHandler</a> from startup_msp432p4111_uvision.o(.text) referenced from startup_msp432p4111_uvision.o(RESET)
 <LI><a href="#[11]">FLCTL_A_IRQHandler</a> from startup_msp432p4111_uvision.o(.text) referenced from startup_msp432p4111_uvision.o(RESET)
 <LI><a href="#[10]">FPU_IRQHandler</a> from startup_msp432p4111_uvision.o(.text) referenced from startup_msp432p4111_uvision.o(RESET)
 <LI><a href="#[4]">HardFault_Handler</a> from startup_msp432p4111_uvision.o(.text) referenced from startup_msp432p4111_uvision.o(RESET)
 <LI><a href="#[35]">LCD_F_IRQHandler</a> from startup_msp432p4111_uvision.o(.text) referenced from startup_msp432p4111_uvision.o(RESET)
 <LI><a href="#[5]">MemManage_Handler</a> from startup_msp432p4111_uvision.o(.text) referenced from startup_msp432p4111_uvision.o(RESET)
 <LI><a href="#[3]">NMI_Handler</a> from startup_msp432p4111_uvision.o(.text) referenced from startup_msp432p4111_uvision.o(RESET)
 <LI><a href="#[e]">PCM_IRQHandler</a> from startup_msp432p4111_uvision.o(.text) referenced from startup_msp432p4111_uvision.o(RESET)
 <LI><a href="#[2f]">PORT1_IRQHandler</a> from startup_msp432p4111_uvision.o(.text) referenced from startup_msp432p4111_uvision.o(RESET)
 <LI><a href="#[30]">PORT2_IRQHandler</a> from startup_msp432p4111_uvision.o(.text) referenced from startup_msp432p4111_uvision.o(RESET)
 <LI><a href="#[31]">PORT3_IRQHandler</a> from startup_msp432p4111_uvision.o(.text) referenced from startup_msp432p4111_uvision.o(RESET)
 <LI><a href="#[32]">PORT4_IRQHandler</a> from startup_msp432p4111_uvision.o(.text) referenced from startup_msp432p4111_uvision.o(RESET)
 <LI><a href="#[33]">PORT5_IRQHandler</a> from startup_msp432p4111_uvision.o(.text) referenced from startup_msp432p4111_uvision.o(RESET)
 <LI><a href="#[34]">PORT6_IRQHandler</a> from startup_msp432p4111_uvision.o(.text) referenced from startup_msp432p4111_uvision.o(RESET)
 <LI><a href="#[c]">PSS_IRQHandler</a> from startup_msp432p4111_uvision.o(.text) referenced from startup_msp432p4111_uvision.o(RESET)
 <LI><a href="#[a]">PendSV_Handler</a> from startup_msp432p4111_uvision.o(.text) referenced from startup_msp432p4111_uvision.o(RESET)
 <LI><a href="#[29]">RTC_C_IRQHandler</a> from startup_msp432p4111_uvision.o(.text) referenced from startup_msp432p4111_uvision.o(RESET)
 <LI><a href="#[2]">Reset_Handler</a> from startup_msp432p4111_uvision.o(.text) referenced from startup_msp432p4111_uvision.o(RESET)
 <LI><a href="#[39]">SI_Handler</a> from controlpins.o(i.SI_Handler) referenced from controlpins.o(i.ControlPin_SI_Init)
 <LI><a href="#[8]">SVC_Handler</a> from startup_msp432p4111_uvision.o(.text) referenced from startup_msp432p4111_uvision.o(RESET)
 <LI><a href="#[b]">SysTick_Handler</a> from systicktimer.o(i.SysTick_Handler) referenced from startup_msp432p4111_uvision.o(RESET)
 <LI><a href="#[36]">SystemInit</a> from system_msp432p4111.o(i.SystemInit) referenced from startup_msp432p4111_uvision.o(.text)
 <LI><a href="#[25]">T32_INT1_IRQHandler</a> from timer32.o(i.T32_INT1_IRQHandler) referenced from startup_msp432p4111_uvision.o(RESET)
 <LI><a href="#[26]">T32_INT2_IRQHandler</a> from timer32.o(i.T32_INT2_IRQHandler) referenced from startup_msp432p4111_uvision.o(RESET)
 <LI><a href="#[27]">T32_INTC_IRQHandler</a> from startup_msp432p4111_uvision.o(.text) referenced from startup_msp432p4111_uvision.o(RESET)
 <LI><a href="#[14]">TA0_0_IRQHandler</a> from startup_msp432p4111_uvision.o(.text) referenced from startup_msp432p4111_uvision.o(RESET)
 <LI><a href="#[15]">TA0_N_IRQHandler</a> from startup_msp432p4111_uvision.o(.text) referenced from startup_msp432p4111_uvision.o(RESET)
 <LI><a href="#[16]">TA1_0_IRQHandler</a> from startup_msp432p4111_uvision.o(.text) referenced from startup_msp432p4111_uvision.o(RESET)
 <LI><a href="#[17]">TA1_N_IRQHandler</a> from startup_msp432p4111_uvision.o(.text) referenced from startup_msp432p4111_uvision.o(RESET)
 <LI><a href="#[18]">TA2_0_IRQHandler</a> from startup_msp432p4111_uvision.o(.text) referenced from startup_msp432p4111_uvision.o(RESET)
 <LI><a href="#[19]">TA2_N_IRQHandler</a> from startup_msp432p4111_uvision.o(.text) referenced from startup_msp432p4111_uvision.o(RESET)
 <LI><a href="#[1a]">TA3_0_IRQHandler</a> from startup_msp432p4111_uvision.o(.text) referenced from startup_msp432p4111_uvision.o(RESET)
 <LI><a href="#[1b]">TA3_N_IRQHandler</a> from startup_msp432p4111_uvision.o(.text) referenced from startup_msp432p4111_uvision.o(RESET)
 <LI><a href="#[7]">UsageFault_Handler</a> from startup_msp432p4111_uvision.o(.text) referenced from startup_msp432p4111_uvision.o(RESET)
 <LI><a href="#[f]">WDT_A_IRQHandler</a> from startup_msp432p4111_uvision.o(.text) referenced from startup_msp432p4111_uvision.o(RESET)
 <LI><a href="#[3a]">__main</a> from __main.o(!!!main) referenced from startup_msp432p4111_uvision.o(.text)
</UL>
<P>
<H3>
Global Symbols
</H3>
<P><STRONG><a name="[3a]"></a>__main</STRONG> (Thumb, 8 bytes, Stack size 0 bytes, __main.o(!!!main))
<BR><BR>[Calls]<UL><LI><a href="#[3c]">&gt;&gt;</a>&nbsp;&nbsp;&nbsp;__rt_entry
<LI><a href="#[3b]">&gt;&gt;</a>&nbsp;&nbsp;&nbsp;__scatterload
</UL>

<P><STRONG><a name="[3b]"></a>__scatterload</STRONG> (Thumb, 0 bytes, Stack size unknown bytes, __scatter.o(!!!scatter))
<BR><BR>[Called By]<UL><LI><a href="#[3a]">&gt;&gt;</a>&nbsp;&nbsp;&nbsp;__main
</UL>

<P><STRONG><a name="[3d]"></a>__scatterload_rt2</STRONG> (Thumb, 44 bytes, Stack size unknown bytes, __scatter.o(!!!scatter), UNUSED)
<BR><BR>[Calls]<UL><LI><a href="#[3c]">&gt;&gt;</a>&nbsp;&nbsp;&nbsp;__rt_entry
</UL>

<P><STRONG><a name="[86]"></a>__scatterload_rt2_thumb_only</STRONG> (Thumb, 0 bytes, Stack size unknown bytes, __scatter.o(!!!scatter), UNUSED)

<P><STRONG><a name="[87]"></a>__scatterload_null</STRONG> (Thumb, 0 bytes, Stack size unknown bytes, __scatter.o(!!!scatter), UNUSED)

<P><STRONG><a name="[3e]"></a>__scatterload_copy</STRONG> (Thumb, 26 bytes, Stack size unknown bytes, __scatter_copy.o(!!handler_copy), UNUSED)
<BR><BR>[Calls]<UL><LI><a href="#[3e]">&gt;&gt;</a>&nbsp;&nbsp;&nbsp;__scatterload_copy
</UL>
<BR>[Called By]<UL><LI><a href="#[3e]">&gt;&gt;</a>&nbsp;&nbsp;&nbsp;__scatterload_copy
</UL>

<P><STRONG><a name="[88]"></a>__scatterload_zeroinit</STRONG> (Thumb, 28 bytes, Stack size unknown bytes, __scatter_zi.o(!!handler_zi), UNUSED)

<P><STRONG><a name="[44]"></a>__rt_lib_init</STRONG> (Thumb, 0 bytes, Stack size unknown bytes, libinit.o(.ARM.Collect$$libinit$$00000000))
<BR><BR>[Called By]<UL><LI><a href="#[43]">&gt;&gt;</a>&nbsp;&nbsp;&nbsp;__rt_entry_li
</UL>

<P><STRONG><a name="[3f]"></a>__rt_lib_init_fp_1</STRONG> (Thumb, 0 bytes, Stack size unknown bytes, libinit2.o(.ARM.Collect$$libinit$$00000001))
<BR><BR>[Calls]<UL><LI><a href="#[40]">&gt;&gt;</a>&nbsp;&nbsp;&nbsp;_fp_init
</UL>

<P><STRONG><a name="[89]"></a>__rt_lib_init_alloca_1</STRONG> (Thumb, 0 bytes, Stack size unknown bytes, libinit2.o(.ARM.Collect$$libinit$$0000002E))

<P><STRONG><a name="[8a]"></a>__rt_lib_init_argv_1</STRONG> (Thumb, 0 bytes, Stack size unknown bytes, libinit2.o(.ARM.Collect$$libinit$$0000002C))

<P><STRONG><a name="[8b]"></a>__rt_lib_init_atexit_1</STRONG> (Thumb, 0 bytes, Stack size unknown bytes, libinit2.o(.ARM.Collect$$libinit$$0000001B))

<P><STRONG><a name="[8c]"></a>__rt_lib_init_clock_1</STRONG> (Thumb, 0 bytes, Stack size unknown bytes, libinit2.o(.ARM.Collect$$libinit$$00000021))

<P><STRONG><a name="[8d]"></a>__rt_lib_init_cpp_1</STRONG> (Thumb, 0 bytes, Stack size unknown bytes, libinit2.o(.ARM.Collect$$libinit$$00000032))

<P><STRONG><a name="[8e]"></a>__rt_lib_init_exceptions_1</STRONG> (Thumb, 0 bytes, Stack size unknown bytes, libinit2.o(.ARM.Collect$$libinit$$00000030))

<P><STRONG><a name="[8f]"></a>__rt_lib_init_fp_trap_1</STRONG> (Thumb, 0 bytes, Stack size unknown bytes, libinit2.o(.ARM.Collect$$libinit$$0000001F))

<P><STRONG><a name="[90]"></a>__rt_lib_init_getenv_1</STRONG> (Thumb, 0 bytes, Stack size unknown bytes, libinit2.o(.ARM.Collect$$libinit$$00000023))

<P><STRONG><a name="[91]"></a>__rt_lib_init_heap_1</STRONG> (Thumb, 0 bytes, Stack size unknown bytes, libinit2.o(.ARM.Collect$$libinit$$0000000A))

<P><STRONG><a name="[92]"></a>__rt_lib_init_lc_collate_1</STRONG> (Thumb, 0 bytes, Stack size unknown bytes, libinit2.o(.ARM.Collect$$libinit$$00000011))

<P><STRONG><a name="[93]"></a>__rt_lib_init_lc_ctype_1</STRONG> (Thumb, 0 bytes, Stack size unknown bytes, libinit2.o(.ARM.Collect$$libinit$$00000013))

<P><STRONG><a name="[94]"></a>__rt_lib_init_lc_monetary_1</STRONG> (Thumb, 0 bytes, Stack size unknown bytes, libinit2.o(.ARM.Collect$$libinit$$00000015))

<P><STRONG><a name="[95]"></a>__rt_lib_init_lc_numeric_1</STRONG> (Thumb, 0 bytes, Stack size unknown bytes, libinit2.o(.ARM.Collect$$libinit$$00000017))

<P><STRONG><a name="[96]"></a>__rt_lib_init_lc_time_1</STRONG> (Thumb, 0 bytes, Stack size unknown bytes, libinit2.o(.ARM.Collect$$libinit$$00000019))

<P><STRONG><a name="[97]"></a>__rt_lib_init_preinit_1</STRONG> (Thumb, 0 bytes, Stack size unknown bytes, libinit2.o(.ARM.Collect$$libinit$$00000004))

<P><STRONG><a name="[98]"></a>__rt_lib_init_rand_1</STRONG> (Thumb, 0 bytes, Stack size unknown bytes, libinit2.o(.ARM.Collect$$libinit$$0000000E))

<P><STRONG><a name="[99]"></a>__rt_lib_init_return</STRONG> (Thumb, 0 bytes, Stack size unknown bytes, libinit2.o(.ARM.Collect$$libinit$$00000033))

<P><STRONG><a name="[9a]"></a>__rt_lib_init_signal_1</STRONG> (Thumb, 0 bytes, Stack size unknown bytes, libinit2.o(.ARM.Collect$$libinit$$0000001D))

<P><STRONG><a name="[9b]"></a>__rt_lib_init_stdio_1</STRONG> (Thumb, 0 bytes, Stack size unknown bytes, libinit2.o(.ARM.Collect$$libinit$$00000025))

<P><STRONG><a name="[9c]"></a>__rt_lib_init_user_alloc_1</STRONG> (Thumb, 0 bytes, Stack size unknown bytes, libinit2.o(.ARM.Collect$$libinit$$0000000C))

<P><STRONG><a name="[49]"></a>__rt_lib_shutdown</STRONG> (Thumb, 0 bytes, Stack size unknown bytes, libshutdown.o(.ARM.Collect$$libshutdown$$00000000))
<BR><BR>[Called By]<UL><LI><a href="#[48]">&gt;&gt;</a>&nbsp;&nbsp;&nbsp;__rt_exit_ls
</UL>

<P><STRONG><a name="[9d]"></a>__rt_lib_shutdown_cpp_1</STRONG> (Thumb, 0 bytes, Stack size unknown bytes, libshutdown2.o(.ARM.Collect$$libshutdown$$00000004))

<P><STRONG><a name="[9e]"></a>__rt_lib_shutdown_fini_1</STRONG> (Thumb, 0 bytes, Stack size unknown bytes, libshutdown2.o(.ARM.Collect$$libshutdown$$00000002))

<P><STRONG><a name="[9f]"></a>__rt_lib_shutdown_fp_trap_1</STRONG> (Thumb, 0 bytes, Stack size unknown bytes, libshutdown2.o(.ARM.Collect$$libshutdown$$00000009))

<P><STRONG><a name="[a0]"></a>__rt_lib_shutdown_heap_1</STRONG> (Thumb, 0 bytes, Stack size unknown bytes, libshutdown2.o(.ARM.Collect$$libshutdown$$00000011))

<P><STRONG><a name="[a1]"></a>__rt_lib_shutdown_return</STRONG> (Thumb, 0 bytes, Stack size unknown bytes, libshutdown2.o(.ARM.Collect$$libshutdown$$00000012))

<P><STRONG><a name="[a2]"></a>__rt_lib_shutdown_signal_1</STRONG> (Thumb, 0 bytes, Stack size unknown bytes, libshutdown2.o(.ARM.Collect$$libshutdown$$0000000C))

<P><STRONG><a name="[a3]"></a>__rt_lib_shutdown_stdio_1</STRONG> (Thumb, 0 bytes, Stack size unknown bytes, libshutdown2.o(.ARM.Collect$$libshutdown$$00000006))

<P><STRONG><a name="[a4]"></a>__rt_lib_shutdown_user_alloc_1</STRONG> (Thumb, 0 bytes, Stack size unknown bytes, libshutdown2.o(.ARM.Collect$$libshutdown$$0000000E))

<P><STRONG><a name="[3c]"></a>__rt_entry</STRONG> (Thumb, 0 bytes, Stack size unknown bytes, __rtentry.o(.ARM.Collect$$rtentry$$00000000))
<BR><BR>[Called By]<UL><LI><a href="#[3a]">&gt;&gt;</a>&nbsp;&nbsp;&nbsp;__main
<LI><a href="#[3d]">&gt;&gt;</a>&nbsp;&nbsp;&nbsp;__scatterload_rt2
</UL>

<P><STRONG><a name="[a5]"></a>__rt_entry_presh_1</STRONG> (Thumb, 0 bytes, Stack size unknown bytes, __rtentry2.o(.ARM.Collect$$rtentry$$00000002))

<P><STRONG><a name="[41]"></a>__rt_entry_sh</STRONG> (Thumb, 0 bytes, Stack size unknown bytes, __rtentry4.o(.ARM.Collect$$rtentry$$00000004))
<BR><BR>[Stack]<UL><LI>Max Depth = 8 + Unknown Stack Size
<LI>Call Chain = __rt_entry_sh &rArr; __user_setup_stackheap
</UL>
<BR>[Calls]<UL><LI><a href="#[42]">&gt;&gt;</a>&nbsp;&nbsp;&nbsp;__user_setup_stackheap
</UL>

<P><STRONG><a name="[43]"></a>__rt_entry_li</STRONG> (Thumb, 0 bytes, Stack size unknown bytes, __rtentry2.o(.ARM.Collect$$rtentry$$0000000A))
<BR><BR>[Calls]<UL><LI><a href="#[44]">&gt;&gt;</a>&nbsp;&nbsp;&nbsp;__rt_lib_init
</UL>

<P><STRONG><a name="[a6]"></a>__rt_entry_postsh_1</STRONG> (Thumb, 0 bytes, Stack size unknown bytes, __rtentry2.o(.ARM.Collect$$rtentry$$00000009))

<P><STRONG><a name="[45]"></a>__rt_entry_main</STRONG> (Thumb, 0 bytes, Stack size unknown bytes, __rtentry2.o(.ARM.Collect$$rtentry$$0000000D))
<BR><BR>[Stack]<UL><LI>Max Depth = 152 + Unknown Stack Size
<LI>Call Chain = __rt_entry_main &rArr; main &rArr; steer &rArr; differentialTurn &rArr; TIMER_A0_PWM_DutyCycle &rArr; __aeabi_dmul
</UL>
<BR>[Calls]<UL><LI><a href="#[46]">&gt;&gt;</a>&nbsp;&nbsp;&nbsp;main
<LI><a href="#[47]">&gt;&gt;</a>&nbsp;&nbsp;&nbsp;exit
</UL>

<P><STRONG><a name="[a7]"></a>__rt_entry_postli_1</STRONG> (Thumb, 0 bytes, Stack size unknown bytes, __rtentry2.o(.ARM.Collect$$rtentry$$0000000C))

<P><STRONG><a name="[4f]"></a>__rt_exit</STRONG> (Thumb, 0 bytes, Stack size unknown bytes, rtexit.o(.ARM.Collect$$rtexit$$00000000))
<BR><BR>[Called By]<UL><LI><a href="#[47]">&gt;&gt;</a>&nbsp;&nbsp;&nbsp;exit
</UL>

<P><STRONG><a name="[48]"></a>__rt_exit_ls</STRONG> (Thumb, 0 bytes, Stack size unknown bytes, rtexit2.o(.ARM.Collect$$rtexit$$00000003))
<BR><BR>[Calls]<UL><LI><a href="#[49]">&gt;&gt;</a>&nbsp;&nbsp;&nbsp;__rt_lib_shutdown
</UL>

<P><STRONG><a name="[a8]"></a>__rt_exit_prels_1</STRONG> (Thumb, 0 bytes, Stack size unknown bytes, rtexit2.o(.ARM.Collect$$rtexit$$00000002))

<P><STRONG><a name="[4a]"></a>__rt_exit_exit</STRONG> (Thumb, 0 bytes, Stack size unknown bytes, rtexit2.o(.ARM.Collect$$rtexit$$00000004))
<BR><BR>[Calls]<UL><LI><a href="#[4b]">&gt;&gt;</a>&nbsp;&nbsp;&nbsp;_sys_exit
</UL>

<P><STRONG><a name="[6d]"></a>DisableInterrupts</STRONG> (Thumb, 4 bytes, Stack size 0 bytes, cortexm.o(.emb_text))
<BR><BR>[Called By]<UL><LI><a href="#[6c]">&gt;&gt;</a>&nbsp;&nbsp;&nbsp;initCar
</UL>

<P><STRONG><a name="[70]"></a>EnableInterrupts</STRONG> (Thumb, 4 bytes, Stack size 0 bytes, cortexm.o(.emb_text))
<BR><BR>[Called By]<UL><LI><a href="#[6c]">&gt;&gt;</a>&nbsp;&nbsp;&nbsp;initCar
</UL>

<P><STRONG><a name="[5c]"></a>StartCritical</STRONG> (Thumb, 8 bytes, Stack size 0 bytes, cortexm.o(.emb_text))
<BR><BR>[Called By]<UL><LI><a href="#[5a]">&gt;&gt;</a>&nbsp;&nbsp;&nbsp;Timer32_1_Init
<LI><a href="#[58]">&gt;&gt;</a>&nbsp;&nbsp;&nbsp;SysTickTimer_Init
</UL>

<P><STRONG><a name="[5d]"></a>EndCritical</STRONG> (Thumb, 6 bytes, Stack size 0 bytes, cortexm.o(.emb_text))
<BR><BR>[Called By]<UL><LI><a href="#[5a]">&gt;&gt;</a>&nbsp;&nbsp;&nbsp;Timer32_1_Init
<LI><a href="#[58]">&gt;&gt;</a>&nbsp;&nbsp;&nbsp;SysTickTimer_Init
</UL>

<P><STRONG><a name="[a9]"></a>WaitForInterrupt</STRONG> (Thumb, 4 bytes, Stack size 0 bytes, cortexm.o(.emb_text), UNUSED)

<P><STRONG><a name="[4c]"></a>delay</STRONG> (Thumb, 6 bytes, Stack size 0 bytes, cortexm.o(.emb_text), UNUSED)
<BR><BR>[Calls]<UL><LI><a href="#[4c]">&gt;&gt;</a>&nbsp;&nbsp;&nbsp;delay
</UL>
<BR>[Called By]<UL><LI><a href="#[4c]">&gt;&gt;</a>&nbsp;&nbsp;&nbsp;delay
</UL>

<P><STRONG><a name="[2]"></a>Reset_Handler</STRONG> (Thumb, 8 bytes, Stack size 0 bytes, startup_msp432p4111_uvision.o(.text))
<BR>[Address Reference Count : 1]<UL><LI> startup_msp432p4111_uvision.o(RESET)
</UL>
<P><STRONG><a name="[3]"></a>NMI_Handler</STRONG> (Thumb, 2 bytes, Stack size 0 bytes, startup_msp432p4111_uvision.o(.text))
<BR><BR>[Calls]<UL><LI><a href="#[3]">&gt;&gt;</a>&nbsp;&nbsp;&nbsp;NMI_Handler
</UL>
<BR>[Called By]<UL><LI><a href="#[3]">&gt;&gt;</a>&nbsp;&nbsp;&nbsp;NMI_Handler
</UL>
<BR>[Address Reference Count : 1]<UL><LI> startup_msp432p4111_uvision.o(RESET)
</UL>
<P><STRONG><a name="[4]"></a>HardFault_Handler</STRONG> (Thumb, 2 bytes, Stack size 0 bytes, startup_msp432p4111_uvision.o(.text))
<BR><BR>[Calls]<UL><LI><a href="#[4]">&gt;&gt;</a>&nbsp;&nbsp;&nbsp;HardFault_Handler
</UL>
<BR>[Called By]<UL><LI><a href="#[4]">&gt;&gt;</a>&nbsp;&nbsp;&nbsp;HardFault_Handler
</UL>
<BR>[Address Reference Count : 1]<UL><LI> startup_msp432p4111_uvision.o(RESET)
</UL>
<P><STRONG><a name="[5]"></a>MemManage_Handler</STRONG> (Thumb, 2 bytes, Stack size 0 bytes, startup_msp432p4111_uvision.o(.text))
<BR><BR>[Calls]<UL><LI><a href="#[5]">&gt;&gt;</a>&nbsp;&nbsp;&nbsp;MemManage_Handler
</UL>
<BR>[Called By]<UL><LI><a href="#[5]">&gt;&gt;</a>&nbsp;&nbsp;&nbsp;MemManage_Handler
</UL>
<BR>[Address Reference Count : 1]<UL><LI> startup_msp432p4111_uvision.o(RESET)
</UL>
<P><STRONG><a name="[6]"></a>BusFault_Handler</STRONG> (Thumb, 2 bytes, Stack size 0 bytes, startup_msp432p4111_uvision.o(.text))
<BR><BR>[Calls]<UL><LI><a href="#[6]">&gt;&gt;</a>&nbsp;&nbsp;&nbsp;BusFault_Handler
</UL>
<BR>[Called By]<UL><LI><a href="#[6]">&gt;&gt;</a>&nbsp;&nbsp;&nbsp;BusFault_Handler
</UL>
<BR>[Address Reference Count : 1]<UL><LI> startup_msp432p4111_uvision.o(RESET)
</UL>
<P><STRONG><a name="[7]"></a>UsageFault_Handler</STRONG> (Thumb, 2 bytes, Stack size 0 bytes, startup_msp432p4111_uvision.o(.text))
<BR><BR>[Calls]<UL><LI><a href="#[7]">&gt;&gt;</a>&nbsp;&nbsp;&nbsp;UsageFault_Handler
</UL>
<BR>[Called By]<UL><LI><a href="#[7]">&gt;&gt;</a>&nbsp;&nbsp;&nbsp;UsageFault_Handler
</UL>
<BR>[Address Reference Count : 1]<UL><LI> startup_msp432p4111_uvision.o(RESET)
</UL>
<P><STRONG><a name="[8]"></a>SVC_Handler</STRONG> (Thumb, 2 bytes, Stack size 0 bytes, startup_msp432p4111_uvision.o(.text))
<BR><BR>[Calls]<UL><LI><a href="#[8]">&gt;&gt;</a>&nbsp;&nbsp;&nbsp;SVC_Handler
</UL>
<BR>[Called By]<UL><LI><a href="#[8]">&gt;&gt;</a>&nbsp;&nbsp;&nbsp;SVC_Handler
</UL>
<BR>[Address Reference Count : 1]<UL><LI> startup_msp432p4111_uvision.o(RESET)
</UL>
<P><STRONG><a name="[9]"></a>DebugMon_Handler</STRONG> (Thumb, 2 bytes, Stack size 0 bytes, startup_msp432p4111_uvision.o(.text))
<BR><BR>[Calls]<UL><LI><a href="#[9]">&gt;&gt;</a>&nbsp;&nbsp;&nbsp;DebugMon_Handler
</UL>
<BR>[Called By]<UL><LI><a href="#[9]">&gt;&gt;</a>&nbsp;&nbsp;&nbsp;DebugMon_Handler
</UL>
<BR>[Address Reference Count : 1]<UL><LI> startup_msp432p4111_uvision.o(RESET)
</UL>
<P><STRONG><a name="[a]"></a>PendSV_Handler</STRONG> (Thumb, 2 bytes, Stack size 0 bytes, startup_msp432p4111_uvision.o(.text))
<BR><BR>[Calls]<UL><LI><a href="#[a]">&gt;&gt;</a>&nbsp;&nbsp;&nbsp;PendSV_Handler
</UL>
<BR>[Called By]<UL><LI><a href="#[a]">&gt;&gt;</a>&nbsp;&nbsp;&nbsp;PendSV_Handler
</UL>
<BR>[Address Reference Count : 1]<UL><LI> startup_msp432p4111_uvision.o(RESET)
</UL>
<P><STRONG><a name="[24]"></a>ADC14_IRQHandler</STRONG> (Thumb, 0 bytes, Stack size 0 bytes, startup_msp432p4111_uvision.o(.text))
<BR><BR>[Calls]<UL><LI><a href="#[24]">&gt;&gt;</a>&nbsp;&nbsp;&nbsp;ADC14_IRQHandler
</UL>
<BR>[Called By]<UL><LI><a href="#[24]">&gt;&gt;</a>&nbsp;&nbsp;&nbsp;ADC14_IRQHandler
</UL>
<BR>[Address Reference Count : 1]<UL><LI> startup_msp432p4111_uvision.o(RESET)
</UL>
<P><STRONG><a name="[28]"></a>AES256_IRQHandler</STRONG> (Thumb, 0 bytes, Stack size 0 bytes, startup_msp432p4111_uvision.o(.text))
<BR>[Address Reference Count : 1]<UL><LI> startup_msp432p4111_uvision.o(RESET)
</UL>
<P><STRONG><a name="[12]"></a>COMP_E0_IRQHandler</STRONG> (Thumb, 0 bytes, Stack size 0 bytes, startup_msp432p4111_uvision.o(.text))
<BR>[Address Reference Count : 1]<UL><LI> startup_msp432p4111_uvision.o(RESET)
</UL>
<P><STRONG><a name="[13]"></a>COMP_E1_IRQHandler</STRONG> (Thumb, 0 bytes, Stack size 0 bytes, startup_msp432p4111_uvision.o(.text))
<BR>[Address Reference Count : 1]<UL><LI> startup_msp432p4111_uvision.o(RESET)
</UL>
<P><STRONG><a name="[d]"></a>CS_IRQHandler</STRONG> (Thumb, 0 bytes, Stack size 0 bytes, startup_msp432p4111_uvision.o(.text))
<BR>[Address Reference Count : 1]<UL><LI> startup_msp432p4111_uvision.o(RESET)
</UL>
<P><STRONG><a name="[2a]"></a>DMA_ERR_IRQHandler</STRONG> (Thumb, 0 bytes, Stack size 0 bytes, startup_msp432p4111_uvision.o(.text))
<BR>[Address Reference Count : 1]<UL><LI> startup_msp432p4111_uvision.o(RESET)
</UL>
<P><STRONG><a name="[2e]"></a>DMA_INT0_IRQHandler</STRONG> (Thumb, 0 bytes, Stack size 0 bytes, startup_msp432p4111_uvision.o(.text))
<BR>[Address Reference Count : 1]<UL><LI> startup_msp432p4111_uvision.o(RESET)
</UL>
<P><STRONG><a name="[2d]"></a>DMA_INT1_IRQHandler</STRONG> (Thumb, 0 bytes, Stack size 0 bytes, startup_msp432p4111_uvision.o(.text))
<BR>[Address Reference Count : 1]<UL><LI> startup_msp432p4111_uvision.o(RESET)
</UL>
<P><STRONG><a name="[2c]"></a>DMA_INT2_IRQHandler</STRONG> (Thumb, 0 bytes, Stack size 0 bytes, startup_msp432p4111_uvision.o(.text))
<BR>[Address Reference Count : 1]<UL><LI> startup_msp432p4111_uvision.o(RESET)
</UL>
<P><STRONG><a name="[2b]"></a>DMA_INT3_IRQHandler</STRONG> (Thumb, 0 bytes, Stack size 0 bytes, startup_msp432p4111_uvision.o(.text))
<BR>[Address Reference Count : 1]<UL><LI> startup_msp432p4111_uvision.o(RESET)
</UL>
<P><STRONG><a name="[1c]"></a>EUSCIA0_IRQHandler</STRONG> (Thumb, 0 bytes, Stack size 0 bytes, startup_msp432p4111_uvision.o(.text))
<BR>[Address Reference Count : 1]<UL><LI> startup_msp432p4111_uvision.o(RESET)
</UL>
<P><STRONG><a name="[1d]"></a>EUSCIA1_IRQHandler</STRONG> (Thumb, 0 bytes, Stack size 0 bytes, startup_msp432p4111_uvision.o(.text))
<BR>[Address Reference Count : 1]<UL><LI> startup_msp432p4111_uvision.o(RESET)
</UL>
<P><STRONG><a name="[1e]"></a>EUSCIA2_IRQHandler</STRONG> (Thumb, 0 bytes, Stack size 0 bytes, startup_msp432p4111_uvision.o(.text))
<BR>[Address Reference Count : 1]<UL><LI> startup_msp432p4111_uvision.o(RESET)
</UL>
<P><STRONG><a name="[1f]"></a>EUSCIA3_IRQHandler</STRONG> (Thumb, 0 bytes, Stack size 0 bytes, startup_msp432p4111_uvision.o(.text))
<BR>[Address Reference Count : 1]<UL><LI> startup_msp432p4111_uvision.o(RESET)
</UL>
<P><STRONG><a name="[20]"></a>EUSCIB0_IRQHandler</STRONG> (Thumb, 0 bytes, Stack size 0 bytes, startup_msp432p4111_uvision.o(.text))
<BR>[Address Reference Count : 1]<UL><LI> startup_msp432p4111_uvision.o(RESET)
</UL>
<P><STRONG><a name="[21]"></a>EUSCIB1_IRQHandler</STRONG> (Thumb, 0 bytes, Stack size 0 bytes, startup_msp432p4111_uvision.o(.text))
<BR>[Address Reference Count : 1]<UL><LI> startup_msp432p4111_uvision.o(RESET)
</UL>
<P><STRONG><a name="[22]"></a>EUSCIB2_IRQHandler</STRONG> (Thumb, 0 bytes, Stack size 0 bytes, startup_msp432p4111_uvision.o(.text))
<BR>[Address Reference Count : 1]<UL><LI> startup_msp432p4111_uvision.o(RESET)
</UL>
<P><STRONG><a name="[23]"></a>EUSCIB3_IRQHandler</STRONG> (Thumb, 0 bytes, Stack size 0 bytes, startup_msp432p4111_uvision.o(.text))
<BR>[Address Reference Count : 1]<UL><LI> startup_msp432p4111_uvision.o(RESET)
</UL>
<P><STRONG><a name="[11]"></a>FLCTL_A_IRQHandler</STRONG> (Thumb, 0 bytes, Stack size 0 bytes, startup_msp432p4111_uvision.o(.text))
<BR>[Address Reference Count : 1]<UL><LI> startup_msp432p4111_uvision.o(RESET)
</UL>
<P><STRONG><a name="[10]"></a>FPU_IRQHandler</STRONG> (Thumb, 0 bytes, Stack size 0 bytes, startup_msp432p4111_uvision.o(.text))
<BR>[Address Reference Count : 1]<UL><LI> startup_msp432p4111_uvision.o(RESET)
</UL>
<P><STRONG><a name="[35]"></a>LCD_F_IRQHandler</STRONG> (Thumb, 0 bytes, Stack size 0 bytes, startup_msp432p4111_uvision.o(.text))
<BR>[Address Reference Count : 1]<UL><LI> startup_msp432p4111_uvision.o(RESET)
</UL>
<P><STRONG><a name="[e]"></a>PCM_IRQHandler</STRONG> (Thumb, 0 bytes, Stack size 0 bytes, startup_msp432p4111_uvision.o(.text))
<BR>[Address Reference Count : 1]<UL><LI> startup_msp432p4111_uvision.o(RESET)
</UL>
<P><STRONG><a name="[2f]"></a>PORT1_IRQHandler</STRONG> (Thumb, 0 bytes, Stack size 0 bytes, startup_msp432p4111_uvision.o(.text))
<BR>[Address Reference Count : 1]<UL><LI> startup_msp432p4111_uvision.o(RESET)
</UL>
<P><STRONG><a name="[30]"></a>PORT2_IRQHandler</STRONG> (Thumb, 0 bytes, Stack size 0 bytes, startup_msp432p4111_uvision.o(.text))
<BR>[Address Reference Count : 1]<UL><LI> startup_msp432p4111_uvision.o(RESET)
</UL>
<P><STRONG><a name="[31]"></a>PORT3_IRQHandler</STRONG> (Thumb, 0 bytes, Stack size 0 bytes, startup_msp432p4111_uvision.o(.text))
<BR>[Address Reference Count : 1]<UL><LI> startup_msp432p4111_uvision.o(RESET)
</UL>
<P><STRONG><a name="[32]"></a>PORT4_IRQHandler</STRONG> (Thumb, 0 bytes, Stack size 0 bytes, startup_msp432p4111_uvision.o(.text))
<BR>[Address Reference Count : 1]<UL><LI> startup_msp432p4111_uvision.o(RESET)
</UL>
<P><STRONG><a name="[33]"></a>PORT5_IRQHandler</STRONG> (Thumb, 0 bytes, Stack size 0 bytes, startup_msp432p4111_uvision.o(.text))
<BR>[Address Reference Count : 1]<UL><LI> startup_msp432p4111_uvision.o(RESET)
</UL>
<P><STRONG><a name="[34]"></a>PORT6_IRQHandler</STRONG> (Thumb, 0 bytes, Stack size 0 bytes, startup_msp432p4111_uvision.o(.text))
<BR>[Address Reference Count : 1]<UL><LI> startup_msp432p4111_uvision.o(RESET)
</UL>
<P><STRONG><a name="[c]"></a>PSS_IRQHandler</STRONG> (Thumb, 0 bytes, Stack size 0 bytes, startup_msp432p4111_uvision.o(.text))
<BR>[Address Reference Count : 1]<UL><LI> startup_msp432p4111_uvision.o(RESET)
</UL>
<P><STRONG><a name="[29]"></a>RTC_C_IRQHandler</STRONG> (Thumb, 0 bytes, Stack size 0 bytes, startup_msp432p4111_uvision.o(.text))
<BR>[Address Reference Count : 1]<UL><LI> startup_msp432p4111_uvision.o(RESET)
</UL>
<P><STRONG><a name="[27]"></a>T32_INTC_IRQHandler</STRONG> (Thumb, 0 bytes, Stack size 0 bytes, startup_msp432p4111_uvision.o(.text))
<BR>[Address Reference Count : 1]<UL><LI> startup_msp432p4111_uvision.o(RESET)
</UL>
<P><STRONG><a name="[14]"></a>TA0_0_IRQHandler</STRONG> (Thumb, 0 bytes, Stack size 0 bytes, startup_msp432p4111_uvision.o(.text))
<BR>[Address Reference Count : 1]<UL><LI> startup_msp432p4111_uvision.o(RESET)
</UL>
<P><STRONG><a name="[15]"></a>TA0_N_IRQHandler</STRONG> (Thumb, 0 bytes, Stack size 0 bytes, startup_msp432p4111_uvision.o(.text))
<BR>[Address Reference Count : 1]<UL><LI> startup_msp432p4111_uvision.o(RESET)
</UL>
<P><STRONG><a name="[16]"></a>TA1_0_IRQHandler</STRONG> (Thumb, 0 bytes, Stack size 0 bytes, startup_msp432p4111_uvision.o(.text))
<BR>[Address Reference Count : 1]<UL><LI> startup_msp432p4111_uvision.o(RESET)
</UL>
<P><STRONG><a name="[17]"></a>TA1_N_IRQHandler</STRONG> (Thumb, 0 bytes, Stack size 0 bytes, startup_msp432p4111_uvision.o(.text))
<BR>[Address Reference Count : 1]<UL><LI> startup_msp432p4111_uvision.o(RESET)
</UL>
<P><STRONG><a name="[18]"></a>TA2_0_IRQHandler</STRONG> (Thumb, 0 bytes, Stack size 0 bytes, startup_msp432p4111_uvision.o(.text))
<BR>[Address Reference Count : 1]<UL><LI> startup_msp432p4111_uvision.o(RESET)
</UL>
<P><STRONG><a name="[19]"></a>TA2_N_IRQHandler</STRONG> (Thumb, 0 bytes, Stack size 0 bytes, startup_msp432p4111_uvision.o(.text))
<BR>[Address Reference Count : 1]<UL><LI> startup_msp432p4111_uvision.o(RESET)
</UL>
<P><STRONG><a name="[1a]"></a>TA3_0_IRQHandler</STRONG> (Thumb, 0 bytes, Stack size 0 bytes, startup_msp432p4111_uvision.o(.text))
<BR>[Address Reference Count : 1]<UL><LI> startup_msp432p4111_uvision.o(RESET)
</UL>
<P><STRONG><a name="[1b]"></a>TA3_N_IRQHandler</STRONG> (Thumb, 0 bytes, Stack size 0 bytes, startup_msp432p4111_uvision.o(.text))
<BR>[Address Reference Count : 1]<UL><LI> startup_msp432p4111_uvision.o(RESET)
</UL>
<P><STRONG><a name="[f]"></a>WDT_A_IRQHandler</STRONG> (Thumb, 0 bytes, Stack size 0 bytes, startup_msp432p4111_uvision.o(.text))
<BR>[Address Reference Count : 1]<UL><LI> startup_msp432p4111_uvision.o(RESET)
</UL>
<P><STRONG><a name="[4e]"></a>__user_initial_stackheap</STRONG> (Thumb, 10 bytes, Stack size 0 bytes, startup_msp432p4111_uvision.o(.text))
<BR><BR>[Called By]<UL><LI><a href="#[42]">&gt;&gt;</a>&nbsp;&nbsp;&nbsp;__user_setup_stackheap
</UL>

<P><STRONG><a name="[aa]"></a>__use_two_region_memory</STRONG> (Thumb, 2 bytes, Stack size 0 bytes, heapauxi.o(.text), UNUSED)

<P><STRONG><a name="[ab]"></a>__rt_heap_escrow$2region</STRONG> (Thumb, 2 bytes, Stack size 0 bytes, heapauxi.o(.text), UNUSED)

<P><STRONG><a name="[ac]"></a>__rt_heap_expand$2region</STRONG> (Thumb, 2 bytes, Stack size 0 bytes, heapauxi.o(.text), UNUSED)

<P><STRONG><a name="[42]"></a>__user_setup_stackheap</STRONG> (Thumb, 74 bytes, Stack size 8 bytes, sys_stackheap_outer.o(.text))
<BR><BR>[Stack]<UL><LI>Max Depth = 8<LI>Call Chain = __user_setup_stackheap
</UL>
<BR>[Calls]<UL><LI><a href="#[4d]">&gt;&gt;</a>&nbsp;&nbsp;&nbsp;__user_perproc_libspace
<LI><a href="#[4e]">&gt;&gt;</a>&nbsp;&nbsp;&nbsp;__user_initial_stackheap
</UL>
<BR>[Called By]<UL><LI><a href="#[41]">&gt;&gt;</a>&nbsp;&nbsp;&nbsp;__rt_entry_sh
</UL>

<P><STRONG><a name="[47]"></a>exit</STRONG> (Thumb, 18 bytes, Stack size 8 bytes, exit.o(.text))
<BR><BR>[Stack]<UL><LI>Max Depth = 8 + Unknown Stack Size
<LI>Call Chain = exit
</UL>
<BR>[Calls]<UL><LI><a href="#[4f]">&gt;&gt;</a>&nbsp;&nbsp;&nbsp;__rt_exit
</UL>
<BR>[Called By]<UL><LI><a href="#[45]">&gt;&gt;</a>&nbsp;&nbsp;&nbsp;__rt_entry_main
</UL>

<P><STRONG><a name="[ad]"></a>__user_libspace</STRONG> (Thumb, 8 bytes, Stack size 0 bytes, libspace.o(.text), UNUSED)

<P><STRONG><a name="[4d]"></a>__user_perproc_libspace</STRONG> (Thumb, 0 bytes, Stack size 0 bytes, libspace.o(.text))
<BR><BR>[Called By]<UL><LI><a href="#[42]">&gt;&gt;</a>&nbsp;&nbsp;&nbsp;__user_setup_stackheap
</UL>

<P><STRONG><a name="[ae]"></a>__user_perthread_libspace</STRONG> (Thumb, 0 bytes, Stack size 0 bytes, libspace.o(.text), UNUSED)

<P><STRONG><a name="[4b]"></a>_sys_exit</STRONG> (Thumb, 8 bytes, Stack size 0 bytes, sys_exit.o(.text))
<BR><BR>[Called By]<UL><LI><a href="#[4a]">&gt;&gt;</a>&nbsp;&nbsp;&nbsp;__rt_exit_exit
</UL>

<P><STRONG><a name="[af]"></a>__I$use$semihosting</STRONG> (Thumb, 0 bytes, Stack size 0 bytes, use_no_semi.o(.text), UNUSED)

<P><STRONG><a name="[b0]"></a>__use_no_semihosting_swi</STRONG> (Thumb, 2 bytes, Stack size 0 bytes, use_no_semi.o(.text), UNUSED)

<P><STRONG><a name="[b1]"></a>__semihosting_library_function</STRONG> (Thumb, 0 bytes, Stack size unknown bytes, indicate_semi.o(.text), UNUSED)

<P><STRONG><a name="[6b]"></a>ADC0_InitSWTriggerCh6</STRONG> (Thumb, 88 bytes, Stack size 0 bytes, adc14.o(i.ADC0_InitSWTriggerCh6))
<BR><BR>[Called By]<UL><LI><a href="#[6a]">&gt;&gt;</a>&nbsp;&nbsp;&nbsp;initCamera
</UL>

<P><STRONG><a name="[50]"></a>ADC_In</STRONG> (Thumb, 30 bytes, Stack size 0 bytes, adc14.o(i.ADC_In))
<BR><BR>[Called By]<UL><LI><a href="#[38]">&gt;&gt;</a>&nbsp;&nbsp;&nbsp;CLK_Handler
</UL>

<P><STRONG><a name="[38]"></a>CLK_Handler</STRONG> (Thumb, 64 bytes, Stack size 8 bytes, controlpins.o(i.CLK_Handler))
<BR><BR>[Stack]<UL><LI>Max Depth = 8<LI>Call Chain = CLK_Handler
</UL>
<BR>[Calls]<UL><LI><a href="#[51]">&gt;&gt;</a>&nbsp;&nbsp;&nbsp;DisableSysTickTimer
<LI><a href="#[50]">&gt;&gt;</a>&nbsp;&nbsp;&nbsp;ADC_In
</UL>
<BR>[Called By]<UL><LI><a href="#[39]">&gt;&gt;</a>&nbsp;&nbsp;&nbsp;SI_Handler
</UL>
<BR>[Address Reference Count : 1]<UL><LI> controlpins.o(i.ControlPin_CLK_Init)
</UL>
<P><STRONG><a name="[52]"></a>CalcPeriodFromFrequency</STRONG> (Thumb, 70 bytes, Stack size 16 bytes, timer32.o(i.CalcPeriodFromFrequency))
<BR><BR>[Stack]<UL><LI>Max Depth = 48<LI>Call Chain = CalcPeriodFromFrequency &rArr; __aeabi_dmul
</UL>
<BR>[Calls]<UL><LI><a href="#[55]">&gt;&gt;</a>&nbsp;&nbsp;&nbsp;__aeabi_dmul
<LI><a href="#[53]">&gt;&gt;</a>&nbsp;&nbsp;&nbsp;__aeabi_ui2d
<LI><a href="#[56]">&gt;&gt;</a>&nbsp;&nbsp;&nbsp;__aeabi_d2uiz
<LI><a href="#[54]">&gt;&gt;</a>&nbsp;&nbsp;&nbsp;__aeabi_ddiv
</UL>
<BR>[Called By]<UL><LI><a href="#[59]">&gt;&gt;</a>&nbsp;&nbsp;&nbsp;ControlPin_SI_Init
</UL>

<P><STRONG><a name="[57]"></a>ControlPin_CLK_Init</STRONG> (Thumb, 84 bytes, Stack size 8 bytes, controlpins.o(i.ControlPin_CLK_Init))
<BR><BR>[Stack]<UL><LI>Max Depth = 40<LI>Call Chain = ControlPin_CLK_Init &rArr; __aeabi_d2uiz
</UL>
<BR>[Calls]<UL><LI><a href="#[58]">&gt;&gt;</a>&nbsp;&nbsp;&nbsp;SysTickTimer_Init
<LI><a href="#[51]">&gt;&gt;</a>&nbsp;&nbsp;&nbsp;DisableSysTickTimer
<LI><a href="#[53]">&gt;&gt;</a>&nbsp;&nbsp;&nbsp;__aeabi_ui2d
<LI><a href="#[56]">&gt;&gt;</a>&nbsp;&nbsp;&nbsp;__aeabi_d2uiz
<LI><a href="#[54]">&gt;&gt;</a>&nbsp;&nbsp;&nbsp;__aeabi_ddiv
</UL>
<BR>[Called By]<UL><LI><a href="#[6a]">&gt;&gt;</a>&nbsp;&nbsp;&nbsp;initCamera
</UL>

<P><STRONG><a name="[59]"></a>ControlPin_SI_Init</STRONG> (Thumb, 66 bytes, Stack size 8 bytes, controlpins.o(i.ControlPin_SI_Init))
<BR><BR>[Stack]<UL><LI>Max Depth = 56<LI>Call Chain = ControlPin_SI_Init &rArr; CalcPeriodFromFrequency &rArr; __aeabi_dmul
</UL>
<BR>[Calls]<UL><LI><a href="#[5a]">&gt;&gt;</a>&nbsp;&nbsp;&nbsp;Timer32_1_Init
<LI><a href="#[52]">&gt;&gt;</a>&nbsp;&nbsp;&nbsp;CalcPeriodFromFrequency
</UL>
<BR>[Called By]<UL><LI><a href="#[6a]">&gt;&gt;</a>&nbsp;&nbsp;&nbsp;initCamera
</UL>

<P><STRONG><a name="[51]"></a>DisableSysTickTimer</STRONG> (Thumb, 10 bytes, Stack size 0 bytes, systicktimer.o(i.DisableSysTickTimer))
<BR><BR>[Called By]<UL><LI><a href="#[58]">&gt;&gt;</a>&nbsp;&nbsp;&nbsp;SysTickTimer_Init
<LI><a href="#[38]">&gt;&gt;</a>&nbsp;&nbsp;&nbsp;CLK_Handler
<LI><a href="#[57]">&gt;&gt;</a>&nbsp;&nbsp;&nbsp;ControlPin_CLK_Init
</UL>

<P><STRONG><a name="[5b]"></a>EnableSysTickTimer</STRONG> (Thumb, 10 bytes, Stack size 0 bytes, systicktimer.o(i.EnableSysTickTimer))
<BR><BR>[Called By]<UL><LI><a href="#[58]">&gt;&gt;</a>&nbsp;&nbsp;&nbsp;SysTickTimer_Init
<LI><a href="#[39]">&gt;&gt;</a>&nbsp;&nbsp;&nbsp;SI_Handler
</UL>

<P><STRONG><a name="[39]"></a>SI_Handler</STRONG> (Thumb, 62 bytes, Stack size 8 bytes, controlpins.o(i.SI_Handler))
<BR><BR>[Stack]<UL><LI>Max Depth = 16<LI>Call Chain = SI_Handler &rArr; CLK_Handler
</UL>
<BR>[Calls]<UL><LI><a href="#[5b]">&gt;&gt;</a>&nbsp;&nbsp;&nbsp;EnableSysTickTimer
<LI><a href="#[38]">&gt;&gt;</a>&nbsp;&nbsp;&nbsp;CLK_Handler
</UL>
<BR>[Address Reference Count : 1]<UL><LI> controlpins.o(i.ControlPin_SI_Init)
</UL>
<P><STRONG><a name="[58]"></a>SysTickTimer_Init</STRONG> (Thumb, 58 bytes, Stack size 16 bytes, systicktimer.o(i.SysTickTimer_Init))
<BR><BR>[Stack]<UL><LI>Max Depth = 16<LI>Call Chain = SysTickTimer_Init
</UL>
<BR>[Calls]<UL><LI><a href="#[5d]">&gt;&gt;</a>&nbsp;&nbsp;&nbsp;EndCritical
<LI><a href="#[5c]">&gt;&gt;</a>&nbsp;&nbsp;&nbsp;StartCritical
<LI><a href="#[5b]">&gt;&gt;</a>&nbsp;&nbsp;&nbsp;EnableSysTickTimer
<LI><a href="#[51]">&gt;&gt;</a>&nbsp;&nbsp;&nbsp;DisableSysTickTimer
</UL>
<BR>[Called By]<UL><LI><a href="#[57]">&gt;&gt;</a>&nbsp;&nbsp;&nbsp;ControlPin_CLK_Init
</UL>

<P><STRONG><a name="[b]"></a>SysTick_Handler</STRONG> (Thumb, 12 bytes, Stack size 0 bytes, systicktimer.o(i.SysTick_Handler))
<BR>[Address Reference Count : 1]<UL><LI> startup_msp432p4111_uvision.o(RESET)
</UL>
<P><STRONG><a name="[36]"></a>SystemInit</STRONG> (Thumb, 138 bytes, Stack size 8 bytes, system_msp432p4111.o(i.SystemInit))
<BR><BR>[Stack]<UL><LI>Max Depth = 8<LI>Call Chain = SystemInit
</UL>
<BR>[Address Reference Count : 1]<UL><LI> startup_msp432p4111_uvision.o(.text)
</UL>
<P><STRONG><a name="[25]"></a>T32_INT1_IRQHandler</STRONG> (Thumb, 24 bytes, Stack size 16 bytes, timer32.o(i.T32_INT1_IRQHandler))
<BR><BR>[Stack]<UL><LI>Max Depth = 16<LI>Call Chain = T32_INT1_IRQHandler
</UL>
<BR>[Address Reference Count : 1]<UL><LI> startup_msp432p4111_uvision.o(RESET)
</UL>
<P><STRONG><a name="[26]"></a>T32_INT2_IRQHandler</STRONG> (Thumb, 24 bytes, Stack size 16 bytes, timer32.o(i.T32_INT2_IRQHandler))
<BR><BR>[Stack]<UL><LI>Max Depth = 16<LI>Call Chain = T32_INT2_IRQHandler
</UL>
<BR>[Address Reference Count : 1]<UL><LI> startup_msp432p4111_uvision.o(RESET)
</UL>
<P><STRONG><a name="[5e]"></a>TIMER_A0_PWM_DutyCycle</STRONG> (Thumb, 52 bytes, Stack size 16 bytes, timera.o(i.TIMER_A0_PWM_DutyCycle))
<BR><BR>[Stack]<UL><LI>Max Depth = 48<LI>Call Chain = TIMER_A0_PWM_DutyCycle &rArr; __aeabi_dmul
</UL>
<BR>[Calls]<UL><LI><a href="#[55]">&gt;&gt;</a>&nbsp;&nbsp;&nbsp;__aeabi_dmul
<LI><a href="#[53]">&gt;&gt;</a>&nbsp;&nbsp;&nbsp;__aeabi_ui2d
<LI><a href="#[56]">&gt;&gt;</a>&nbsp;&nbsp;&nbsp;__aeabi_d2uiz
</UL>
<BR>[Called By]<UL><LI><a href="#[74]">&gt;&gt;</a>&nbsp;&nbsp;&nbsp;stop
<LI><a href="#[69]">&gt;&gt;</a>&nbsp;&nbsp;&nbsp;drive
<LI><a href="#[65]">&gt;&gt;</a>&nbsp;&nbsp;&nbsp;differentialTurn
</UL>

<P><STRONG><a name="[5f]"></a>TIMER_A0_PWM_Init</STRONG> (Thumb, 202 bytes, Stack size 24 bytes, timera.o(i.TIMER_A0_PWM_Init))
<BR><BR>[Stack]<UL><LI>Max Depth = 56<LI>Call Chain = TIMER_A0_PWM_Init &rArr; __aeabi_dmul
</UL>
<BR>[Calls]<UL><LI><a href="#[55]">&gt;&gt;</a>&nbsp;&nbsp;&nbsp;__aeabi_dmul
<LI><a href="#[53]">&gt;&gt;</a>&nbsp;&nbsp;&nbsp;__aeabi_ui2d
<LI><a href="#[56]">&gt;&gt;</a>&nbsp;&nbsp;&nbsp;__aeabi_d2uiz
</UL>
<BR>[Called By]<UL><LI><a href="#[6f]">&gt;&gt;</a>&nbsp;&nbsp;&nbsp;initDC
</UL>

<P><STRONG><a name="[60]"></a>TIMER_A2_PWM_DutyCycle</STRONG> (Thumb, 54 bytes, Stack size 16 bytes, timera.o(i.TIMER_A2_PWM_DutyCycle))
<BR><BR>[Stack]<UL><LI>Max Depth = 48<LI>Call Chain = TIMER_A2_PWM_DutyCycle &rArr; __aeabi_dmul
</UL>
<BR>[Calls]<UL><LI><a href="#[55]">&gt;&gt;</a>&nbsp;&nbsp;&nbsp;__aeabi_dmul
<LI><a href="#[53]">&gt;&gt;</a>&nbsp;&nbsp;&nbsp;__aeabi_ui2d
<LI><a href="#[56]">&gt;&gt;</a>&nbsp;&nbsp;&nbsp;__aeabi_d2uiz
</UL>
<BR>[Called By]<UL><LI><a href="#[77]">&gt;&gt;</a>&nbsp;&nbsp;&nbsp;toggleServo
</UL>

<P><STRONG><a name="[61]"></a>TIMER_A2_PWM_Init</STRONG> (Thumb, 114 bytes, Stack size 16 bytes, timera.o(i.TIMER_A2_PWM_Init))
<BR><BR>[Stack]<UL><LI>Max Depth = 48<LI>Call Chain = TIMER_A2_PWM_Init &rArr; __aeabi_dmul
</UL>
<BR>[Calls]<UL><LI><a href="#[55]">&gt;&gt;</a>&nbsp;&nbsp;&nbsp;__aeabi_dmul
<LI><a href="#[53]">&gt;&gt;</a>&nbsp;&nbsp;&nbsp;__aeabi_ui2d
<LI><a href="#[56]">&gt;&gt;</a>&nbsp;&nbsp;&nbsp;__aeabi_d2uiz
</UL>
<BR>[Called By]<UL><LI><a href="#[6e]">&gt;&gt;</a>&nbsp;&nbsp;&nbsp;initServo
</UL>

<P><STRONG><a name="[5a]"></a>Timer32_1_Init</STRONG> (Thumb, 84 bytes, Stack size 16 bytes, timer32.o(i.Timer32_1_Init))
<BR><BR>[Stack]<UL><LI>Max Depth = 16<LI>Call Chain = Timer32_1_Init
</UL>
<BR>[Calls]<UL><LI><a href="#[5d]">&gt;&gt;</a>&nbsp;&nbsp;&nbsp;EndCritical
<LI><a href="#[5c]">&gt;&gt;</a>&nbsp;&nbsp;&nbsp;StartCritical
</UL>
<BR>[Called By]<UL><LI><a href="#[59]">&gt;&gt;</a>&nbsp;&nbsp;&nbsp;ControlPin_SI_Init
</UL>

<P><STRONG><a name="[67]"></a>__hardfp_fabs</STRONG> (Thumb, 20 bytes, Stack size 8 bytes, fabs.o(i.__hardfp_fabs))
<BR><BR>[Stack]<UL><LI>Max Depth = 8<LI>Call Chain = __hardfp_fabs
</UL>
<BR>[Called By]<UL><LI><a href="#[65]">&gt;&gt;</a>&nbsp;&nbsp;&nbsp;differentialTurn
<LI><a href="#[76]">&gt;&gt;</a>&nbsp;&nbsp;&nbsp;steer
</UL>

<P><STRONG><a name="[75]"></a>carpetDetection</STRONG> (Thumb, 40 bytes, Stack size 8 bytes, camera.o(i.carpetDetection))
<BR><BR>[Stack]<UL><LI>Max Depth = 8<LI>Call Chain = carpetDetection
</UL>
<BR>[Called By]<UL><LI><a href="#[46]">&gt;&gt;</a>&nbsp;&nbsp;&nbsp;main
</UL>

<P><STRONG><a name="[62]"></a>compute_pid</STRONG> (Thumb, 84 bytes, Stack size 16 bytes, pid.o(i.compute_pid))
<BR><BR>[Stack]<UL><LI>Max Depth = 48<LI>Call Chain = compute_pid &rArr; __aeabi_dsub
</UL>
<BR>[Calls]<UL><LI><a href="#[63]">&gt;&gt;</a>&nbsp;&nbsp;&nbsp;__aeabi_dsub
<LI><a href="#[64]">&gt;&gt;</a>&nbsp;&nbsp;&nbsp;__aeabi_dadd
</UL>
<BR>[Called By]<UL><LI><a href="#[46]">&gt;&gt;</a>&nbsp;&nbsp;&nbsp;main
</UL>

<P><STRONG><a name="[72]"></a>data_smoother</STRONG> (Thumb, 146 bytes, Stack size 16 bytes, camera.o(i.data_smoother))
<BR><BR>[Stack]<UL><LI>Max Depth = 16<LI>Call Chain = data_smoother
</UL>
<BR>[Called By]<UL><LI><a href="#[46]">&gt;&gt;</a>&nbsp;&nbsp;&nbsp;main
</UL>

<P><STRONG><a name="[65]"></a>differentialTurn</STRONG> (Thumb, 270 bytes, Stack size 64 bytes, dcmotors.o(i.differentialTurn))
<BR><BR>[Stack]<UL><LI>Max Depth = 112<LI>Call Chain = differentialTurn &rArr; TIMER_A0_PWM_DutyCycle &rArr; __aeabi_dmul
</UL>
<BR>[Calls]<UL><LI><a href="#[5e]">&gt;&gt;</a>&nbsp;&nbsp;&nbsp;TIMER_A0_PWM_DutyCycle
<LI><a href="#[67]">&gt;&gt;</a>&nbsp;&nbsp;&nbsp;__hardfp_fabs
<LI><a href="#[66]">&gt;&gt;</a>&nbsp;&nbsp;&nbsp;__aeabi_cdrcmple
<LI><a href="#[55]">&gt;&gt;</a>&nbsp;&nbsp;&nbsp;__aeabi_dmul
<LI><a href="#[68]">&gt;&gt;</a>&nbsp;&nbsp;&nbsp;__aeabi_cdcmple
<LI><a href="#[54]">&gt;&gt;</a>&nbsp;&nbsp;&nbsp;__aeabi_ddiv
<LI><a href="#[63]">&gt;&gt;</a>&nbsp;&nbsp;&nbsp;__aeabi_dsub
<LI><a href="#[64]">&gt;&gt;</a>&nbsp;&nbsp;&nbsp;__aeabi_dadd
</UL>
<BR>[Called By]<UL><LI><a href="#[76]">&gt;&gt;</a>&nbsp;&nbsp;&nbsp;steer
</UL>

<P><STRONG><a name="[69]"></a>drive</STRONG> (Thumb, 86 bytes, Stack size 24 bytes, dcmotors.o(i.drive))
<BR><BR>[Stack]<UL><LI>Max Depth = 72<LI>Call Chain = drive &rArr; TIMER_A0_PWM_DutyCycle &rArr; __aeabi_dmul
</UL>
<BR>[Calls]<UL><LI><a href="#[5e]">&gt;&gt;</a>&nbsp;&nbsp;&nbsp;TIMER_A0_PWM_DutyCycle
<LI><a href="#[54]">&gt;&gt;</a>&nbsp;&nbsp;&nbsp;__aeabi_ddiv
</UL>
<BR>[Called By]<UL><LI><a href="#[76]">&gt;&gt;</a>&nbsp;&nbsp;&nbsp;steer
</UL>

<P><STRONG><a name="[71]"></a>enableMotors</STRONG> (Thumb, 20 bytes, Stack size 0 bytes, dcmotors.o(i.enableMotors))
<BR><BR>[Called By]<UL><LI><a href="#[6f]">&gt;&gt;</a>&nbsp;&nbsp;&nbsp;initDC
</UL>

<P><STRONG><a name="[6a]"></a>initCamera</STRONG> (Thumb, 24 bytes, Stack size 8 bytes, camera.o(i.initCamera))
<BR><BR>[Stack]<UL><LI>Max Depth = 64<LI>Call Chain = initCamera &rArr; ControlPin_SI_Init &rArr; CalcPeriodFromFrequency &rArr; __aeabi_dmul
</UL>
<BR>[Calls]<UL><LI><a href="#[59]">&gt;&gt;</a>&nbsp;&nbsp;&nbsp;ControlPin_SI_Init
<LI><a href="#[57]">&gt;&gt;</a>&nbsp;&nbsp;&nbsp;ControlPin_CLK_Init
<LI><a href="#[6b]">&gt;&gt;</a>&nbsp;&nbsp;&nbsp;ADC0_InitSWTriggerCh6
</UL>
<BR>[Called By]<UL><LI><a href="#[6c]">&gt;&gt;</a>&nbsp;&nbsp;&nbsp;initCar
</UL>

<P><STRONG><a name="[6c]"></a>initCar</STRONG> (Thumb, 46 bytes, Stack size 8 bytes, car.o(i.initCar))
<BR><BR>[Stack]<UL><LI>Max Depth = 80<LI>Call Chain = initCar &rArr; initDC &rArr; TIMER_A0_PWM_Init &rArr; __aeabi_dmul
</UL>
<BR>[Calls]<UL><LI><a href="#[6e]">&gt;&gt;</a>&nbsp;&nbsp;&nbsp;initServo
<LI><a href="#[6f]">&gt;&gt;</a>&nbsp;&nbsp;&nbsp;initDC
<LI><a href="#[6a]">&gt;&gt;</a>&nbsp;&nbsp;&nbsp;initCamera
<LI><a href="#[70]">&gt;&gt;</a>&nbsp;&nbsp;&nbsp;EnableInterrupts
<LI><a href="#[6d]">&gt;&gt;</a>&nbsp;&nbsp;&nbsp;DisableInterrupts
</UL>
<BR>[Called By]<UL><LI><a href="#[46]">&gt;&gt;</a>&nbsp;&nbsp;&nbsp;main
</UL>

<P><STRONG><a name="[6f]"></a>initDC</STRONG> (Thumb, 144 bytes, Stack size 16 bytes, dcmotors.o(i.initDC))
<BR><BR>[Stack]<UL><LI>Max Depth = 72<LI>Call Chain = initDC &rArr; TIMER_A0_PWM_Init &rArr; __aeabi_dmul
</UL>
<BR>[Calls]<UL><LI><a href="#[5f]">&gt;&gt;</a>&nbsp;&nbsp;&nbsp;TIMER_A0_PWM_Init
<LI><a href="#[71]">&gt;&gt;</a>&nbsp;&nbsp;&nbsp;enableMotors
</UL>
<BR>[Called By]<UL><LI><a href="#[6c]">&gt;&gt;</a>&nbsp;&nbsp;&nbsp;initCar
</UL>

<P><STRONG><a name="[6e]"></a>initServo</STRONG> (Thumb, 14 bytes, Stack size 0 bytes, servomotor.o(i.initServo))
<BR><BR>[Stack]<UL><LI>Max Depth = 48<LI>Call Chain = initServo &rArr; TIMER_A2_PWM_Init &rArr; __aeabi_dmul
</UL>
<BR>[Calls]<UL><LI><a href="#[61]">&gt;&gt;</a>&nbsp;&nbsp;&nbsp;TIMER_A2_PWM_Init
</UL>
<BR>[Called By]<UL><LI><a href="#[6c]">&gt;&gt;</a>&nbsp;&nbsp;&nbsp;initCar
</UL>

<P><STRONG><a name="[46]"></a>main</STRONG> (Thumb, 98 bytes, Stack size 0 bytes, car.o(i.main))
<BR><BR>[Stack]<UL><LI>Max Depth = 152<LI>Call Chain = main &rArr; steer &rArr; differentialTurn &rArr; TIMER_A0_PWM_DutyCycle &rArr; __aeabi_dmul
</UL>
<BR>[Calls]<UL><LI><a href="#[73]">&gt;&gt;</a>&nbsp;&nbsp;&nbsp;track_position
<LI><a href="#[74]">&gt;&gt;</a>&nbsp;&nbsp;&nbsp;stop
<LI><a href="#[72]">&gt;&gt;</a>&nbsp;&nbsp;&nbsp;data_smoother
<LI><a href="#[62]">&gt;&gt;</a>&nbsp;&nbsp;&nbsp;compute_pid
<LI><a href="#[75]">&gt;&gt;</a>&nbsp;&nbsp;&nbsp;carpetDetection
<LI><a href="#[76]">&gt;&gt;</a>&nbsp;&nbsp;&nbsp;steer
<LI><a href="#[6c]">&gt;&gt;</a>&nbsp;&nbsp;&nbsp;initCar
</UL>
<BR>[Called By]<UL><LI><a href="#[45]">&gt;&gt;</a>&nbsp;&nbsp;&nbsp;__rt_entry_main
</UL>

<P><STRONG><a name="[76]"></a>steer</STRONG> (Thumb, 256 bytes, Stack size 40 bytes, car.o(i.steer))
<BR><BR>[Stack]<UL><LI>Max Depth = 152<LI>Call Chain = steer &rArr; differentialTurn &rArr; TIMER_A0_PWM_DutyCycle &rArr; __aeabi_dmul
</UL>
<BR>[Calls]<UL><LI><a href="#[77]">&gt;&gt;</a>&nbsp;&nbsp;&nbsp;toggleServo
<LI><a href="#[69]">&gt;&gt;</a>&nbsp;&nbsp;&nbsp;drive
<LI><a href="#[65]">&gt;&gt;</a>&nbsp;&nbsp;&nbsp;differentialTurn
<LI><a href="#[67]">&gt;&gt;</a>&nbsp;&nbsp;&nbsp;__hardfp_fabs
<LI><a href="#[66]">&gt;&gt;</a>&nbsp;&nbsp;&nbsp;__aeabi_cdrcmple
<LI><a href="#[55]">&gt;&gt;</a>&nbsp;&nbsp;&nbsp;__aeabi_dmul
<LI><a href="#[64]">&gt;&gt;</a>&nbsp;&nbsp;&nbsp;__aeabi_dadd
</UL>
<BR>[Called By]<UL><LI><a href="#[46]">&gt;&gt;</a>&nbsp;&nbsp;&nbsp;main
</UL>

<P><STRONG><a name="[74]"></a>stop</STRONG> (Thumb, 74 bytes, Stack size 16 bytes, dcmotors.o(i.stop))
<BR><BR>[Stack]<UL><LI>Max Depth = 64<LI>Call Chain = stop &rArr; TIMER_A0_PWM_DutyCycle &rArr; __aeabi_dmul
</UL>
<BR>[Calls]<UL><LI><a href="#[5e]">&gt;&gt;</a>&nbsp;&nbsp;&nbsp;TIMER_A0_PWM_DutyCycle
</UL>
<BR>[Called By]<UL><LI><a href="#[46]">&gt;&gt;</a>&nbsp;&nbsp;&nbsp;main
</UL>

<P><STRONG><a name="[77]"></a>toggleServo</STRONG> (Thumb, 90 bytes, Stack size 16 bytes, servomotor.o(i.toggleServo))
<BR><BR>[Stack]<UL><LI>Max Depth = 64<LI>Call Chain = toggleServo &rArr; TIMER_A2_PWM_DutyCycle &rArr; __aeabi_dmul
</UL>
<BR>[Calls]<UL><LI><a href="#[60]">&gt;&gt;</a>&nbsp;&nbsp;&nbsp;TIMER_A2_PWM_DutyCycle
<LI><a href="#[66]">&gt;&gt;</a>&nbsp;&nbsp;&nbsp;__aeabi_cdrcmple
<LI><a href="#[68]">&gt;&gt;</a>&nbsp;&nbsp;&nbsp;__aeabi_cdcmple
<LI><a href="#[54]">&gt;&gt;</a>&nbsp;&nbsp;&nbsp;__aeabi_ddiv
</UL>
<BR>[Called By]<UL><LI><a href="#[76]">&gt;&gt;</a>&nbsp;&nbsp;&nbsp;steer
</UL>

<P><STRONG><a name="[73]"></a>track_position</STRONG> (Thumb, 92 bytes, Stack size 32 bytes, camera.o(i.track_position))
<BR><BR>[Stack]<UL><LI>Max Depth = 64<LI>Call Chain = track_position &rArr; __aeabi_ddiv
</UL>
<BR>[Calls]<UL><LI><a href="#[53]">&gt;&gt;</a>&nbsp;&nbsp;&nbsp;__aeabi_ui2d
<LI><a href="#[78]">&gt;&gt;</a>&nbsp;&nbsp;&nbsp;__aeabi_i2d
<LI><a href="#[54]">&gt;&gt;</a>&nbsp;&nbsp;&nbsp;__aeabi_ddiv
<LI><a href="#[64]">&gt;&gt;</a>&nbsp;&nbsp;&nbsp;__aeabi_dadd
</UL>
<BR>[Called By]<UL><LI><a href="#[46]">&gt;&gt;</a>&nbsp;&nbsp;&nbsp;main
</UL>

<P><STRONG><a name="[64]"></a>__aeabi_dadd</STRONG> (Thumb, 0 bytes, Stack size 16 bytes, daddsub_clz.o(x$fpl$dadd))
<BR><BR>[Stack]<UL><LI>Max Depth = 16<LI>Call Chain = __aeabi_dadd
</UL>
<BR>[Called By]<UL><LI><a href="#[73]">&gt;&gt;</a>&nbsp;&nbsp;&nbsp;track_position
<LI><a href="#[65]">&gt;&gt;</a>&nbsp;&nbsp;&nbsp;differentialTurn
<LI><a href="#[62]">&gt;&gt;</a>&nbsp;&nbsp;&nbsp;compute_pid
<LI><a href="#[76]">&gt;&gt;</a>&nbsp;&nbsp;&nbsp;steer
</UL>

<P><STRONG><a name="[79]"></a>_dadd</STRONG> (Thumb, 332 bytes, Stack size 16 bytes, daddsub_clz.o(x$fpl$dadd), UNUSED)
<BR><BR>[Calls]<UL><LI><a href="#[7b]">&gt;&gt;</a>&nbsp;&nbsp;&nbsp;__fpl_dretinf
<LI><a href="#[7c]">&gt;&gt;</a>&nbsp;&nbsp;&nbsp;__fpl_dnaninf
<LI><a href="#[7a]">&gt;&gt;</a>&nbsp;&nbsp;&nbsp;_dsub1
</UL>

<P><STRONG><a name="[80]"></a>__fpl_dcmp_Inf</STRONG> (Thumb, 24 bytes, Stack size 0 bytes, dcmpi.o(x$fpl$dcmpinf), UNUSED)
<BR><BR>[Called By]<UL><LI><a href="#[7f]">&gt;&gt;</a>&nbsp;&nbsp;&nbsp;_dcmple
</UL>

<P><STRONG><a name="[54]"></a>__aeabi_ddiv</STRONG> (Thumb, 0 bytes, Stack size 32 bytes, ddiv.o(x$fpl$ddiv))
<BR><BR>[Stack]<UL><LI>Max Depth = 32<LI>Call Chain = __aeabi_ddiv
</UL>
<BR>[Called By]<UL><LI><a href="#[52]">&gt;&gt;</a>&nbsp;&nbsp;&nbsp;CalcPeriodFromFrequency
<LI><a href="#[57]">&gt;&gt;</a>&nbsp;&nbsp;&nbsp;ControlPin_CLK_Init
<LI><a href="#[73]">&gt;&gt;</a>&nbsp;&nbsp;&nbsp;track_position
<LI><a href="#[77]">&gt;&gt;</a>&nbsp;&nbsp;&nbsp;toggleServo
<LI><a href="#[69]">&gt;&gt;</a>&nbsp;&nbsp;&nbsp;drive
<LI><a href="#[65]">&gt;&gt;</a>&nbsp;&nbsp;&nbsp;differentialTurn
</UL>

<P><STRONG><a name="[7d]"></a>_ddiv</STRONG> (Thumb, 552 bytes, Stack size 32 bytes, ddiv.o(x$fpl$ddiv), UNUSED)
<BR><BR>[Calls]<UL><LI><a href="#[7b]">&gt;&gt;</a>&nbsp;&nbsp;&nbsp;__fpl_dretinf
<LI><a href="#[7c]">&gt;&gt;</a>&nbsp;&nbsp;&nbsp;__fpl_dnaninf
</UL>

<P><STRONG><a name="[56]"></a>__aeabi_d2uiz</STRONG> (Thumb, 0 bytes, Stack size 32 bytes, dfixu.o(x$fpl$dfixu))
<BR><BR>[Stack]<UL><LI>Max Depth = 32<LI>Call Chain = __aeabi_d2uiz
</UL>
<BR>[Called By]<UL><LI><a href="#[61]">&gt;&gt;</a>&nbsp;&nbsp;&nbsp;TIMER_A2_PWM_Init
<LI><a href="#[60]">&gt;&gt;</a>&nbsp;&nbsp;&nbsp;TIMER_A2_PWM_DutyCycle
<LI><a href="#[5f]">&gt;&gt;</a>&nbsp;&nbsp;&nbsp;TIMER_A0_PWM_Init
<LI><a href="#[5e]">&gt;&gt;</a>&nbsp;&nbsp;&nbsp;TIMER_A0_PWM_DutyCycle
<LI><a href="#[52]">&gt;&gt;</a>&nbsp;&nbsp;&nbsp;CalcPeriodFromFrequency
<LI><a href="#[57]">&gt;&gt;</a>&nbsp;&nbsp;&nbsp;ControlPin_CLK_Init
</UL>

<P><STRONG><a name="[7e]"></a>_dfixu</STRONG> (Thumb, 90 bytes, Stack size 32 bytes, dfixu.o(x$fpl$dfixu), UNUSED)
<BR><BR>[Calls]<UL><LI><a href="#[7c]">&gt;&gt;</a>&nbsp;&nbsp;&nbsp;__fpl_dnaninf
</UL>

<P><STRONG><a name="[78]"></a>__aeabi_i2d</STRONG> (Thumb, 0 bytes, Stack size 0 bytes, dflt_clz.o(x$fpl$dflt))
<BR><BR>[Called By]<UL><LI><a href="#[73]">&gt;&gt;</a>&nbsp;&nbsp;&nbsp;track_position
</UL>

<P><STRONG><a name="[b2]"></a>_dflt</STRONG> (Thumb, 46 bytes, Stack size 0 bytes, dflt_clz.o(x$fpl$dflt), UNUSED)

<P><STRONG><a name="[53]"></a>__aeabi_ui2d</STRONG> (Thumb, 0 bytes, Stack size 0 bytes, dflt_clz.o(x$fpl$dfltu))
<BR><BR>[Called By]<UL><LI><a href="#[61]">&gt;&gt;</a>&nbsp;&nbsp;&nbsp;TIMER_A2_PWM_Init
<LI><a href="#[60]">&gt;&gt;</a>&nbsp;&nbsp;&nbsp;TIMER_A2_PWM_DutyCycle
<LI><a href="#[5f]">&gt;&gt;</a>&nbsp;&nbsp;&nbsp;TIMER_A0_PWM_Init
<LI><a href="#[5e]">&gt;&gt;</a>&nbsp;&nbsp;&nbsp;TIMER_A0_PWM_DutyCycle
<LI><a href="#[52]">&gt;&gt;</a>&nbsp;&nbsp;&nbsp;CalcPeriodFromFrequency
<LI><a href="#[57]">&gt;&gt;</a>&nbsp;&nbsp;&nbsp;ControlPin_CLK_Init
<LI><a href="#[73]">&gt;&gt;</a>&nbsp;&nbsp;&nbsp;track_position
</UL>

<P><STRONG><a name="[b3]"></a>_dfltu</STRONG> (Thumb, 38 bytes, Stack size 0 bytes, dflt_clz.o(x$fpl$dfltu), UNUSED)

<P><STRONG><a name="[68]"></a>__aeabi_cdcmple</STRONG> (Thumb, 0 bytes, Stack size 32 bytes, dleqf.o(x$fpl$dleqf))
<BR><BR>[Stack]<UL><LI>Max Depth = 32<LI>Call Chain = __aeabi_cdcmple
</UL>
<BR>[Called By]<UL><LI><a href="#[77]">&gt;&gt;</a>&nbsp;&nbsp;&nbsp;toggleServo
<LI><a href="#[65]">&gt;&gt;</a>&nbsp;&nbsp;&nbsp;differentialTurn
</UL>

<P><STRONG><a name="[7f]"></a>_dcmple</STRONG> (Thumb, 120 bytes, Stack size 32 bytes, dleqf.o(x$fpl$dleqf), UNUSED)
<BR><BR>[Calls]<UL><LI><a href="#[7c]">&gt;&gt;</a>&nbsp;&nbsp;&nbsp;__fpl_dnaninf
<LI><a href="#[80]">&gt;&gt;</a>&nbsp;&nbsp;&nbsp;__fpl_dcmp_Inf
</UL>

<P><STRONG><a name="[83]"></a>__fpl_dcmple_InfNaN</STRONG> (Thumb, 0 bytes, Stack size unknown bytes, dleqf.o(x$fpl$dleqf), UNUSED)
<BR><BR>[Called By]<UL><LI><a href="#[82]">&gt;&gt;</a>&nbsp;&nbsp;&nbsp;_drcmple
</UL>

<P><STRONG><a name="[55]"></a>__aeabi_dmul</STRONG> (Thumb, 0 bytes, Stack size 32 bytes, dmul.o(x$fpl$dmul))
<BR><BR>[Stack]<UL><LI>Max Depth = 32<LI>Call Chain = __aeabi_dmul
</UL>
<BR>[Called By]<UL><LI><a href="#[61]">&gt;&gt;</a>&nbsp;&nbsp;&nbsp;TIMER_A2_PWM_Init
<LI><a href="#[60]">&gt;&gt;</a>&nbsp;&nbsp;&nbsp;TIMER_A2_PWM_DutyCycle
<LI><a href="#[5f]">&gt;&gt;</a>&nbsp;&nbsp;&nbsp;TIMER_A0_PWM_Init
<LI><a href="#[5e]">&gt;&gt;</a>&nbsp;&nbsp;&nbsp;TIMER_A0_PWM_DutyCycle
<LI><a href="#[52]">&gt;&gt;</a>&nbsp;&nbsp;&nbsp;CalcPeriodFromFrequency
<LI><a href="#[65]">&gt;&gt;</a>&nbsp;&nbsp;&nbsp;differentialTurn
<LI><a href="#[76]">&gt;&gt;</a>&nbsp;&nbsp;&nbsp;steer
</UL>

<P><STRONG><a name="[81]"></a>_dmul</STRONG> (Thumb, 332 bytes, Stack size 32 bytes, dmul.o(x$fpl$dmul), UNUSED)
<BR><BR>[Calls]<UL><LI><a href="#[7b]">&gt;&gt;</a>&nbsp;&nbsp;&nbsp;__fpl_dretinf
<LI><a href="#[7c]">&gt;&gt;</a>&nbsp;&nbsp;&nbsp;__fpl_dnaninf
</UL>

<P><STRONG><a name="[7c]"></a>__fpl_dnaninf</STRONG> (Thumb, 156 bytes, Stack size 16 bytes, dnaninf.o(x$fpl$dnaninf), UNUSED)
<BR><BR>[Called By]<UL><LI><a href="#[81]">&gt;&gt;</a>&nbsp;&nbsp;&nbsp;_dmul
<LI><a href="#[7f]">&gt;&gt;</a>&nbsp;&nbsp;&nbsp;_dcmple
<LI><a href="#[7e]">&gt;&gt;</a>&nbsp;&nbsp;&nbsp;_dfixu
<LI><a href="#[7d]">&gt;&gt;</a>&nbsp;&nbsp;&nbsp;_ddiv
<LI><a href="#[84]">&gt;&gt;</a>&nbsp;&nbsp;&nbsp;_dsub
<LI><a href="#[79]">&gt;&gt;</a>&nbsp;&nbsp;&nbsp;_dadd
</UL>

<P><STRONG><a name="[7b]"></a>__fpl_dretinf</STRONG> (Thumb, 12 bytes, Stack size 0 bytes, dretinf.o(x$fpl$dretinf), UNUSED)
<BR><BR>[Called By]<UL><LI><a href="#[81]">&gt;&gt;</a>&nbsp;&nbsp;&nbsp;_dmul
<LI><a href="#[7d]">&gt;&gt;</a>&nbsp;&nbsp;&nbsp;_ddiv
<LI><a href="#[79]">&gt;&gt;</a>&nbsp;&nbsp;&nbsp;_dadd
</UL>

<P><STRONG><a name="[66]"></a>__aeabi_cdrcmple</STRONG> (Thumb, 0 bytes, Stack size 16 bytes, drleqf.o(x$fpl$drleqf))
<BR><BR>[Stack]<UL><LI>Max Depth = 16<LI>Call Chain = __aeabi_cdrcmple
</UL>
<BR>[Called By]<UL><LI><a href="#[77]">&gt;&gt;</a>&nbsp;&nbsp;&nbsp;toggleServo
<LI><a href="#[65]">&gt;&gt;</a>&nbsp;&nbsp;&nbsp;differentialTurn
<LI><a href="#[76]">&gt;&gt;</a>&nbsp;&nbsp;&nbsp;steer
</UL>

<P><STRONG><a name="[82]"></a>_drcmple</STRONG> (Thumb, 108 bytes, Stack size 16 bytes, drleqf.o(x$fpl$drleqf), UNUSED)
<BR><BR>[Calls]<UL><LI><a href="#[83]">&gt;&gt;</a>&nbsp;&nbsp;&nbsp;__fpl_dcmple_InfNaN
</UL>

<P><STRONG><a name="[63]"></a>__aeabi_dsub</STRONG> (Thumb, 0 bytes, Stack size 32 bytes, daddsub_clz.o(x$fpl$dsub))
<BR><BR>[Stack]<UL><LI>Max Depth = 32<LI>Call Chain = __aeabi_dsub
</UL>
<BR>[Called By]<UL><LI><a href="#[65]">&gt;&gt;</a>&nbsp;&nbsp;&nbsp;differentialTurn
<LI><a href="#[62]">&gt;&gt;</a>&nbsp;&nbsp;&nbsp;compute_pid
</UL>

<P><STRONG><a name="[84]"></a>_dsub</STRONG> (Thumb, 464 bytes, Stack size 32 bytes, daddsub_clz.o(x$fpl$dsub), UNUSED)
<BR><BR>[Calls]<UL><LI><a href="#[7c]">&gt;&gt;</a>&nbsp;&nbsp;&nbsp;__fpl_dnaninf
<LI><a href="#[85]">&gt;&gt;</a>&nbsp;&nbsp;&nbsp;_dadd1
</UL>

<P><STRONG><a name="[40]"></a>_fp_init</STRONG> (Thumb, 10 bytes, Stack size 0 bytes, fpinit.o(x$fpl$fpinit))
<BR><BR>[Called By]<UL><LI><a href="#[3f]">&gt;&gt;</a>&nbsp;&nbsp;&nbsp;__rt_lib_init_fp_1
</UL>

<P><STRONG><a name="[b4]"></a>__fplib_config_fpu_vfp</STRONG> (Thumb, 0 bytes, Stack size unknown bytes, fpinit.o(x$fpl$fpinit), UNUSED)

<P><STRONG><a name="[b5]"></a>__fplib_config_pureend_doubles</STRONG> (Thumb, 0 bytes, Stack size unknown bytes, fpinit.o(x$fpl$fpinit), UNUSED)
<P>
<H3>
Local Symbols
</H3>
<P><STRONG><a name="[85]"></a>_dadd1</STRONG> (Thumb, 0 bytes, Stack size unknown bytes, daddsub_clz.o(x$fpl$dadd), UNUSED)
<BR><BR>[Called By]<UL><LI><a href="#[84]">&gt;&gt;</a>&nbsp;&nbsp;&nbsp;_dsub
</UL>

<P><STRONG><a name="[7a]"></a>_dsub1</STRONG> (Thumb, 0 bytes, Stack size unknown bytes, daddsub_clz.o(x$fpl$dsub), UNUSED)
<BR><BR>[Called By]<UL><LI><a href="#[79]">&gt;&gt;</a>&nbsp;&nbsp;&nbsp;_dadd
</UL>
<P>
<H3>
Undefined Global Symbols
</H3><HR></body></html>
