Component: ARM Compiler 5.06 update 7 (build 960) Tool: armlink [4d3601]

==============================================================================

Section Cross References

    bluetooth.o(i.display_menu) refers to uart.o(i.uart2_put) for uart2_put
    bluetooth.o(i.execute_cmd) refers to bluetooth.o(i.display_menu) for display_menu
    bluetooth.o(i.execute_cmd) refers to uart.o(i.uart2_put) for uart2_put
    bluetooth.o(i.execute_cmd) refers to bluetooth.o(i.get_speed) for get_speed
    bluetooth.o(i.execute_cmd) refers to bluetooth.o(.data) for printCamera
    bluetooth.o(i.get_speed) refers to uart.o(i.uart2_dataAvailable) for uart2_dataAvailable
    bluetooth.o(i.get_speed) refers to uart.o(i.uart2_getchar) for uart2_getchar
    bluetooth.o(i.get_speed) refers to uart.o(i.uart2_put) for uart2_put
    bluetooth.o(i.get_speed) refers to atoi.o(.text) for atoi
    bluetooth.o(i.get_speed) refers to dflt_clz.o(x$fpl$dflt) for __aeabi_i2d
    bluetooth.o(i.get_speed) refers to dcmotors.o(i.toggleDCMotorForward) for toggleDCMotorForward
    car.o(i.initCar) refers to cortexm.o(.emb_text) for DisableInterrupts
    car.o(i.initCar) refers to servomotor.o(i.servoInit) for servoInit
    car.o(i.initCar) refers to dcmotors.o(i.DC_motors_init) for DC_motors_init
    car.o(i.initCar) refers to dcmotors.o(i.enable_DCMotor) for enable_DCMotor
    car.o(i.initCar) refers to camera.o(i.INIT_Camera) for INIT_Camera
    car.o(i.initCar) refers to leds.o(i.LED1_Init) for LED1_Init
    car.o(i.initCar) refers to leds.o(i.LED2_Init) for LED2_Init
    car.o(i.initCar) refers to oled.o(i.OLED_Init) for OLED_Init
    car.o(i.initCar) refers to oled.o(i.OLED_display_on) for OLED_display_on
    car.o(i.initCar) refers to oled.o(i.OLED_display_clear) for OLED_display_clear
    car.o(i.initCar) refers to switches.o(i.Switch1_Init) for Switch1_Init
    car.o(i.initCar) refers to switches.o(i.Switch2_Init) for Switch2_Init
    car.o(i.initCar) refers to uart.o(i.uart0_init) for uart0_init
    car.o(i.initCar) refers to uart.o(i.uart2_init) for uart2_init
    car.o(i.initCar) refers to system_msp432p4111.o(.data) for SystemCoreClock
    car.o(i.main) refers to _printf_percent.o(.ARM.Collect$$_printf_percent$$00000000) for _printf_percent
    car.o(i.main) refers to _printf_d.o(.ARM.Collect$$_printf_percent$$00000009) for _printf_d
    car.o(i.main) refers to _printf_dec.o(.text) for _printf_int_dec
    car.o(i.main) refers to car.o(i.initCar) for initCar
    car.o(i.main) refers to uart.o(i.uart2_put) for uart2_put
    car.o(i.main) refers to bluetooth.o(i.display_menu) for display_menu
    car.o(i.main) refers to uart.o(i.uart2_dataAvailable) for uart2_dataAvailable
    car.o(i.main) refers to uart.o(i.uart2_getchar) for uart2_getchar
    car.o(i.main) refers to bluetooth.o(i.execute_cmd) for execute_cmd
    car.o(i.main) refers to camera.o(i.data_smoother) for data_smoother
    car.o(i.main) refers to oled.o(i.OLED_DisplayCameraData) for OLED_DisplayCameraData
    car.o(i.main) refers to camera.o(i.track_position) for track_position
    car.o(i.main) refers to rt_memclr_w.o(.text) for __aeabi_memclr4
    car.o(i.main) refers to noretval__2sprintf.o(.text) for __2sprintf
    car.o(i.main) refers to dflt_clz.o(x$fpl$dflt) for __aeabi_i2d
    car.o(i.main) refers to car.o(i.set_steering) for set_steering
    car.o(i.main) refers to dcmotors.o(i.toggleDCMotorForward) for toggleDCMotorForward
    car.o(i.main) refers to controlpins.o(.data) for g_sendData
    car.o(i.main) refers to car.o(.bss) for smoothData
    car.o(i.main) refers to controlpins.o(.bss) for line
    car.o(i.main) refers to car.o(.data) for referenceTrackPosition
    car.o(i.main) refers to bluetooth.o(.data) for printCamera
    car.o(i.set_steering) refers to fabs.o(i.__hardfp_fabs) for __hardfp_fabs
    car.o(i.set_steering) refers to drleqf.o(x$fpl$drleqf) for __aeabi_cdrcmple
    car.o(i.set_steering) refers to servomotor.o(i.toggleServo) for toggleServo
    car.o(i.set_steering) refers to dcmotors.o(i.leftTurn) for leftTurn
    car.o(i.set_steering) refers to dleqf.o(x$fpl$dleqf) for __aeabi_cdcmple
    car.o(i.set_steering) refers to dcmotors.o(i.rightTurn) for rightTurn
    car.o(i.set_steering) refers to dmul.o(x$fpl$dmul) for __aeabi_dmul
    car.o(i.set_steering) refers to daddsub_clz.o(x$fpl$dadd) for __aeabi_dadd
    car.o(i.set_steering) refers to dcmotors.o(i.toggleDCMotorForward) for toggleDCMotorForward
    camera.o(i.INIT_Camera) refers to controlpins.o(i.ControlPin_SI_Init) for ControlPin_SI_Init
    camera.o(i.INIT_Camera) refers to controlpins.o(i.ControlPin_CLK_Init) for ControlPin_CLK_Init
    camera.o(i.INIT_Camera) refers to adc14.o(i.ADC0_InitSWTriggerCh6) for ADC0_InitSWTriggerCh6
    camera.o(i.INIT_Camera) refers to controlpins.o(.data) for g_sendData
    camera.o(i.data_smoother) refers to camera.o(.data) for numDataPoints
    camera.o(i.track_position) refers to camera.o(.data) for numDataPoints
[...]
    Removing timera.o(.rrx_text), (6 bytes).
    Removing uart.o(.rev16_text), (4 bytes).
    Removing uart.o(.revsh_text), (4 bytes).
    Removing uart.o(.rrx_text), (6 bytes).
    Removing uart.o(i.uart0_dataAvailable), (24 bytes).
    Removing uart.o(i.uart0_getchar), (28 bytes).
    Removing uart.o(i.uart0_put), (22 bytes).
    Removing uart.o(i.uart0_putchar), (24 bytes).
    Removing system_msp432p4111.o(.rev16_text), (4 bytes).
    Removing system_msp432p4111.o(.revsh_text), (4 bytes).
    Removing system_msp432p4111.o(.rrx_text), (6 bytes).
    Removing system_msp432p4111.o(i.SystemCoreClockUpdate), (628 bytes).

74 unused section(s) (total 3266 bytes) removed from the image.

==============================================================================

Image Symbol Table

    Local Symbols

    Symbol Name                              Value     Ov Type        Size  Object(Section)

    RESET                                    0x00000000   Section      324  startup_msp432p4111_uvision.o(RESET)
    ../clib/angel/boardlib.s                 0x00000000   Number         0  boardinit3.o ABSOLUTE
    ../clib/angel/boardlib.s                 0x00000000   Number         0  boardshut.o ABSOLUTE
    ../clib/angel/boardlib.s                 0x00000000   Number         0  boardinit1.o ABSOLUTE
    ../clib/angel/boardlib.s                 0x00000000   Number         0  boardinit2.o ABSOLUTE
    ../clib/angel/handlers.s                 0x00000000   Number         0  __scatter_zi.o ABSOLUTE
    ../clib/angel/handlers.s                 0x00000000   Number         0  __scatter_copy.o ABSOLUTE
    ../clib/angel/kernel.s                   0x00000000   Number         0  rtexit2.o ABSOLUTE
    ../clib/angel/kernel.s                   0x00000000   Number         0  __rtentry4.o ABSOLUTE
    ../clib/angel/kernel.s                   0x00000000   Number         0  __rtentry2.o ABSOLUTE
    ../clib/angel/kernel.s                   0x00000000   Number         0  rtexit.o ABSOLUTE
    ../clib/angel/kernel.s                   0x00000000   Number         0  __rtentry.o ABSOLUTE
    ../clib/angel/rt.s                       0x00000000   Number         0  rt_ctype_table.o ABSOLUTE
    ../clib/angel/rt.s                       0x00000000   Number         0  rt_errno_addr.o ABSOLUTE
    ../clib/angel/rt.s                       0x00000000   Number         0  rt_locale.o ABSOLUTE
    ../clib/angel/rt.s                       0x00000000   Number         0  rt_errno_addr_intlibspace.o ABSOLUTE
    ../clib/angel/rt.s                       0x00000000   Number         0  rt_raise.o ABSOLUTE
    ../clib/angel/rt.s                       0x00000000   Number         0  rt_locale_intlibspace.o ABSOLUTE
    ../clib/angel/scatter.s                  0x00000000   Number         0  __scatter.o ABSOLUTE
    ../clib/angel/startup.s                  0x00000000   Number         0  __main.o ABSOLUTE
    ../clib/angel/sys.s                      0x00000000   Number         0  libspace.o ABSOLUTE
    ../clib/angel/sys.s                      0x00000000   Number         0  indicate_semi.o ABSOLUTE
    ../clib/angel/sys.s                      0x00000000   Number         0  sys_stackheap_outer.o ABSOLUTE
    ../clib/angel/sys.s                      0x00000000   Number         0  use_no_semi.o ABSOLUTE
    ../clib/angel/sysapp.c                   0x00000000   Number         0  sys_command.o ABSOLUTE
    ../clib/angel/sysapp.c                   0x00000000   Number         0  sys_exit.o ABSOLUTE
    ../clib/angel/sysapp.c                   0x00000000   Number         0  sys_wrch.o ABSOLUTE
    ../clib/armsys.c                         0x00000000   Number         0  argv_veneer.o ABSOLUTE
    ../clib/armsys.c                         0x00000000   Number         0  argv_veneer.o ABSOLUTE
    ../clib/armsys.c                         0x00000000   Number         0  no_argv.o ABSOLUTE
    ../clib/armsys.c                         0x00000000   Number         0  _get_argv_nomalloc.o ABSOLUTE
    ../clib/heapalloc.c                      0x00000000   Number         0  hrguard.o ABSOLUTE
    ../clib/heapaux.c                        0x00000000   Number         0  heapauxi.o ABSOLUTE
    ../clib/libinit.s                        0x00000000   Number         0  libshutdown.o ABSOLUTE
    ../clib/libinit.s                        0x00000000   Number         0  libinit2.o ABSOLUTE
    ../clib/libinit.s                        0x00000000   Number         0  libinit.o ABSOLUTE
    ../clib/libinit.s                        0x00000000   Number         0  libshutdown2.o ABSOLUTE
    ../clib/locale.s                         0x00000000   Number         0  lc_ctype_c.o ABSOLUTE
    ../clib/memcpset.s                       0x00000000   Number         0  rt_memclr_w.o ABSOLUTE
    ../clib/memcpset.s                       0x00000000   Number         0  rt_memclr.o ABSOLUTE
    ../clib/memcpset.s                       0x00000000   Number         0  strcmpv7m.o ABSOLUTE
    ../clib/printf.c                         0x00000000   Number         0  noretval__2sprintf.o ABSOLUTE
    ../clib/printf.c                         0x00000000   Number         0  __2sprintf.o ABSOLUTE
    ../clib/printf.c                         0x00000000   Number         0  _sputc.o ABSOLUTE
    ../clib/printf.c                         0x00000000   Number         0  _printf_intcommon.o ABSOLUTE
    ../clib/printf.c                         0x00000000   Number         0  __printf.o ABSOLUTE
    ../clib/printf.c                         0x00000000   Number         0  _printf_char_common.o ABSOLUTE
    ../clib/printf.c                         0x00000000   Number         0  __printf_flags_ss_wp.o ABSOLUTE
    ../clib/printf.c                         0x00000000   Number         0  __printf_nopercent.o ABSOLUTE
    ../clib/printf.c                         0x00000000   Number         0  __printf_ss_wp.o ABSOLUTE
    ../clib/printf.c                         0x00000000   Number         0  __printf_flags_wp.o ABSOLUTE
    ../clib/printf.c                         0x00000000   Number         0  __printf_wp.o ABSOLUTE
    ../clib/printf.c                         0x00000000   Number         0  __printf_flags_ss.o ABSOLUTE
    ../clib/printf.c                         0x00000000   Number         0  __printf_ss.o ABSOLUTE
    ../clib/printf.c                         0x00000000   Number         0  __printf_flags.o ABSOLUTE
    ../clib/printf.c                         0x00000000   Number         0  _printf_dec.o ABSOLUTE
    ../clib/printf_percent.s                 0x00000000   Number         0  _printf_d.o ABSOLUTE
    ../clib/printf_percent.s                 0x00000000   Number         0  _printf_percent_end.o ABSOLUTE
    ../clib/printf_percent.s                 0x00000000   Number         0  _printf_percent.o ABSOLUTE
    ../clib/scanf.c                          0x00000000   Number         0  atoi.o ABSOLUTE
    ../clib/scanf.c                          0x00000000   Number         0  strtol.o ABSOLUTE
    ../clib/scanf.c                          0x00000000   Number         0  _chval.o ABSOLUTE
    ../clib/scanf.c                          0x00000000   Number         0  _strtoul.o ABSOLUTE
    ../clib/signal.c                         0x00000000   Number         0  defsig_segv_inner.o ABSOLUTE
    ../clib/signal.c                         0x00000000   Number         0  defsig_cppl_inner.o ABSOLUTE
    ../clib/signal.c                         0x00000000   Number         0  defsig_pvfn_inner.o ABSOLUTE
    ../clib/signal.c                         0x00000000   Number         0  defsig_stak_inner.o ABSOLUTE
    ../clib/signal.c                         0x00000000   Number         0  defsig_rtred_inner.o ABSOLUTE
    ../clib/signal.c                         0x00000000   Number         0  defsig_fpe_inner.o ABSOLUTE
    ../clib/signal.c                         0x00000000   Number         0  defsig_rtmem_formal.o ABSOLUTE
    ../clib/signal.c                         0x00000000   Number         0  defsig_rtmem_outer.o ABSOLUTE
    ../clib/signal.c                         0x00000000   Number         0  defsig_general.o ABSOLUTE
    ../clib/signal.c                         0x00000000   Number         0  __raise.o ABSOLUTE
    ../clib/signal.c                         0x00000000   Number         0  defsig_rtmem_inner.o ABSOLUTE
    ../clib/signal.c                         0x00000000   Number         0  defsig_exit.o ABSOLUTE
    ../clib/signal.c                         0x00000000   Number         0  defsig_abrt_inner.o ABSOLUTE
    ../clib/signal.c                         0x00000000   Number         0  defsig_other.o ABSOLUTE
    ../clib/signal.s                         0x00000000   Number         0  defsig.o ABSOLUTE
    ../clib/stdlib.c                         0x00000000   Number         0  exit.o ABSOLUTE
    ../clib/string.c                         0x00000000   Number         0  strlen.o ABSOLUTE
    ../fplib/daddsub.s                       0x00000000   Number         0  daddsub_clz.o ABSOLUTE
    ../fplib/dcmpi.s                         0x00000000   Number         0  dcmpi.o ABSOLUTE
    ../fplib/ddiv.s                          0x00000000   Number         0  ddiv.o ABSOLUTE
    ../fplib/dfix.s                          0x00000000   Number         0  dfix.o ABSOLUTE
    ../fplib/dfixu.s                         0x00000000   Number         0  dfixu.o ABSOLUTE
    ../fplib/dflt.s                          0x00000000   Number         0  dflt_clz.o ABSOLUTE
    ../fplib/dleqf.s                         0x00000000   Number         0  dleqf.o ABSOLUTE
    ../fplib/dmul.s                          0x00000000   Number         0  dmul.o ABSOLUTE
    ../fplib/dnaninf.s                       0x00000000   Number         0  dnaninf.o ABSOLUTE
    ../fplib/dretinf.s                       0x00000000   Number         0  dretinf.o ABSOLUTE
    ../fplib/drleqf.s                        0x00000000   Number         0  drleqf.o ABSOLUTE
    ../fplib/f2d.s                           0x00000000   Number         0  f2d.o ABSOLUTE
    ../fplib/fnaninf.s                       0x00000000   Number         0  fnaninf.o ABSOLUTE
    ../fplib/fpinit.s                        0x00000000   Number         0  fpinit.o ABSOLUTE
    ../fplib/usenofp.s                       0x00000000   Number         0  usenofp.o ABSOLUTE
    ../mathlib/fabs.c                        0x00000000   Number         0  fabs.o ABSOLUTE
    ../mathlib/floor.c                       0x00000000   Number         0  floor.o ABSOLUTE
    ADC14.c                                  0x00000000   Number         0  adc14.o ABSOLUTE
    ADC14.c                                  0x00000000   Number         0  adc14.o ABSOLUTE
    Bluetooth.c                              0x00000000   Number         0  bluetooth.o ABSOLUTE
    Bluetooth.c                              0x00000000   Number         0  bluetooth.o ABSOLUTE
    CAR.c                                    0x00000000   Number         0  car.o ABSOLUTE
    CAR.c                                    0x00000000   Number         0  car.o ABSOLUTE
    Camera.c                                 0x00000000   Number         0  camera.o ABSOLUTE
    Camera.c                                 0x00000000   Number         0  camera.o ABSOLUTE
    ControlPins.c                            0x00000000   Number         0  controlpins.o ABSOLUTE
    ControlPins.c                            0x00000000   Number         0  controlpins.o ABSOLUTE
    CortexM.c                                0x00000000   Number         0  cortexm.o ABSOLUTE
    CortexM.c                                0x00000000   Number         0  cortexm.o ABSOLUTE
    DCMotors.c                               0x00000000   Number         0  dcmotors.o ABSOLUTE
    DCMotors.c                               0x00000000   Number         0  dcmotors.o ABSOLUTE
    I2C.c                                    0x00000000   Number         0  i2c.o ABSOLUTE
    I2C.c                                    0x00000000   Number         0  i2c.o ABSOLUTE
    LEDs.c                                   0x00000000   Number         0  leds.o ABSOLUTE
    LEDs.c                                   0x00000000   Number         0  leds.o ABSOLUTE
    OLED.c                                   0x00000000   Number         0  oled.o ABSOLUTE
    OLED.c                                   0x00000000   Number         0  oled.o ABSOLUTE
    PID.c                                    0x00000000   Number         0  pid.o ABSOLUTE
    RTE/Device/MSP432P4111/startup_msp432p4111_uvision.s 0x00000000   Number         0  startup_msp432p4111_uvision.o ABSOLUTE
    RTE/Device/MSP432P4111/system_msp432p4111.c 0x00000000   Number         0  system_msp432p4111.o ABSOLUTE
    RTE\Device\MSP432P4111\system_msp432p4111.c 0x00000000   Number         0  system_msp432p4111.o ABSOLUTE
    ServoMotor.c                             0x00000000   Number         0  servomotor.o ABSOLUTE
    ServoMotor.c                             0x00000000   Number         0  servomotor.o ABSOLUTE
    Switches.c                               0x00000000   Number         0  switches.o ABSOLUTE
    Switches.c                               0x00000000   Number         0  switches.o ABSOLUTE
    SysTickTimer.c                           0x00000000   Number         0  systicktimer.o ABSOLUTE
    SysTickTimer.c                           0x00000000   Number         0  systicktimer.o ABSOLUTE
    Timer32.c                                0x00000000   Number         0  timer32.o ABSOLUTE
    Timer32.c                                0x00000000   Number         0  timer32.o ABSOLUTE
    TimerA.c                                 0x00000000   Number         0  timera.o ABSOLUTE
    TimerA.c                                 0x00000000   Number         0  timera.o ABSOLUTE
    UART.c                                   0x00000000   Number         0  uart.o ABSOLUTE
    UART.c                                   0x00000000   Number         0  uart.o ABSOLUTE
    dc.s                                     0x00000000   Number         0  dc.o ABSOLUTE
    !!!main                                  0x00000144   Section        8  __main.o(!!!main)
    !!!scatter                               0x0000014c   Section       52  __scatter.o(!!!scatter)
    !!handler_copy                           0x00000180   Section       26  __scatter_copy.o(!!handler_copy)
    !!handler_zi                             0x0000019c   Section       28  __scatter_zi.o(!!handler_zi)
    .ARM.Collect$$_printf_percent$$00000000  0x000001b8   Section        0  _printf_percent.o(.ARM.Collect$$_printf_percent$$00000000)
    .ARM.Collect$$_printf_percent$$00000009  0x000001b8   Section        6  _printf_d.o(.ARM.Collect$$_printf_percent$$00000009)
    .ARM.Collect$$_printf_percent$$00000017  0x000001be   Section        4  _printf_percent_end.o(.ARM.Collect$$_printf_percent$$00000017)
    .ARM.Collect$$libinit$$00000000          0x000001c2   Section        2  libinit.o(.ARM.Collect$$libinit$$00000000)
    .ARM.Collect$$libinit$$00000001          0x000001c4   Section        4  libinit2.o(.ARM.Collect$$libinit$$00000001)
    .ARM.Collect$$libinit$$00000004          0x000001c8   Section        0  libinit2.o(.ARM.Collect$$libinit$$00000004)
    .ARM.Collect$$libinit$$0000000A          0x000001c8   Section        0  libinit2.o(.ARM.Collect$$libinit$$0000000A)
    .ARM.Collect$$libinit$$0000000C          0x000001c8   Section        0  libinit2.o(.ARM.Collect$$libinit$$0000000C)
    .ARM.Collect$$libinit$$0000000E          0x000001c8   Section        0  libinit2.o(.ARM.Collect$$libinit$$0000000E)
    .ARM.Collect$$libinit$$0000000F          0x000001c8   Section        6  libinit2.o(.ARM.Collect$$libinit$$0000000F)
    .ARM.Collect$$libinit$$00000011          0x000001ce   Section        0  libinit2.o(.ARM.Collect$$libinit$$00000011)
    .ARM.Collect$$libinit$$00000012          0x000001ce   Section       12  libinit2.o(.ARM.Collect$$libinit$$00000012)
    .ARM.Collect$$libinit$$00000013          0x000001da   Section        0  libinit2.o(.ARM.Collect$$libinit$$00000013)
    .ARM.Collect$$libinit$$00000015          0x000001da   Section        0  libinit2.o(.ARM.Collect$$libinit$$00000015)
    .ARM.Collect$$libinit$$00000017          0x000001da   Section        0  libinit2.o(.ARM.Collect$$libinit$$00000017)
    .ARM.Collect$$libinit$$00000019          0x000001da   Section        0  libinit2.o(.ARM.Collect$$libinit$$00000019)
    .ARM.Collect$$libinit$$0000001B          0x000001da   Section        0  libinit2.o(.ARM.Collect$$libinit$$0000001B)
    .ARM.Collect$$libinit$$0000001D          0x000001da   Section        0  libinit2.o(.ARM.Collect$$libinit$$0000001D)
    .ARM.Collect$$libinit$$0000001F          0x000001da   Section        0  libinit2.o(.ARM.Collect$$libinit$$0000001F)
    .ARM.Collect$$libinit$$00000021          0x000001da   Section        0  libinit2.o(.ARM.Collect$$libinit$$00000021)
    .ARM.Collect$$libinit$$00000023          0x000001da   Section        0  libinit2.o(.ARM.Collect$$libinit$$00000023)
    .ARM.Collect$$libinit$$00000025          0x000001da   Section        0  libinit2.o(.ARM.Collect$$libinit$$00000025)
    .ARM.Collect$$libinit$$0000002C          0x000001da   Section        0  libinit2.o(.ARM.Collect$$libinit$$0000002C)
    .ARM.Collect$$libinit$$0000002E          0x000001da   Section        0  libinit2.o(.ARM.Collect$$libinit$$0000002E)
    .ARM.Collect$$libinit$$00000030          0x000001da   Section        0  libinit2.o(.ARM.Collect$$libinit$$00000030)
    .ARM.Collect$$libinit$$00000032          0x000001da   Section        0  libinit2.o(.ARM.Collect$$libinit$$00000032)
    .ARM.Collect$$libinit$$00000033          0x000001da   Section        2  libinit2.o(.ARM.Collect$$libinit$$00000033)
    .ARM.Collect$$libshutdown$$00000000      0x000001dc   Section        2  libshutdown.o(.ARM.Collect$$libshutdown$$00000000)
    .ARM.Collect$$libshutdown$$00000002      0x000001de   Section        0  libshutdown2.o(.ARM.Collect$$libshutdown$$00000002)
    .ARM.Collect$$libshutdown$$00000004      0x000001de   Section        0  libshutdown2.o(.ARM.Collect$$libshutdown$$00000004)
    .ARM.Collect$$libshutdown$$00000006      0x000001de   Section        0  libshutdown2.o(.ARM.Collect$$libshutdown$$00000006)
    .ARM.Collect$$libshutdown$$00000009      0x000001de   Section        0  libshutdown2.o(.ARM.Collect$$libshutdown$$00000009)
    .ARM.Collect$$libshutdown$$0000000C      0x000001de   Section        0  libshutdown2.o(.ARM.Collect$$libshutdown$$0000000C)
    .ARM.Collect$$libshutdown$$0000000E      0x000001de   Section        0  libshutdown2.o(.ARM.Collect$$libshutdown$$0000000E)
    .ARM.Collect$$libshutdown$$00000011      0x000001de   Section        0  libshutdown2.o(.ARM.Collect$$libshutdown$$00000011)
    .ARM.Collect$$libshutdown$$00000012      0x000001de   Section        2  libshutdown2.o(.ARM.Collect$$libshutdown$$00000012)
    .ARM.Collect$$rtentry$$00000000          0x000001e0   Section        0  __rtentry.o(.ARM.Collect$$rtentry$$00000000)
    .ARM.Collect$$rtentry$$00000002          0x000001e0   Section        0  __rtentry2.o(.ARM.Collect$$rtentry$$00000002)
    .ARM.Collect$$rtentry$$00000004          0x000001e0   Section        6  __rtentry4.o(.ARM.Collect$$rtentry$$00000004)
    .ARM.Collect$$rtentry$$00000009          0x000001e6   Section        0  __rtentry2.o(.ARM.Collect$$rtentry$$00000009)
    .ARM.Collect$$rtentry$$0000000A          0x000001e6   Section        4  __rtentry2.o(.ARM.Collect$$rtentry$$0000000A)
    .ARM.Collect$$rtentry$$0000000C          0x000001ea   Section        0  __rtentry2.o(.ARM.Collect$$rtentry$$0000000C)
    .ARM.Collect$$rtentry$$0000000D          0x000001ea   Section        8  __rtentry2.o(.ARM.Collect$$rtentry$$0000000D)
    .ARM.Collect$$rtexit$$00000000           0x000001f2   Section        2  rtexit.o(.ARM.Collect$$rtexit$$00000000)
    .ARM.Collect$$rtexit$$00000002           0x000001f4   Section        0  rtexit2.o(.ARM.Collect$$rtexit$$00000002)
    .ARM.Collect$$rtexit$$00000003           0x000001f4   Section        4  rtexit2.o(.ARM.Collect$$rtexit$$00000003)
    .ARM.Collect$$rtexit$$00000004           0x000001f8   Section        6  rtexit2.o(.ARM.Collect$$rtexit$$00000004)
    .emb_text                                0x00000200   Section       32  cortexm.o(.emb_text)
    $v0                                      0x00000200   Number         0  cortexm.o(.emb_text)
    .text                                    0x00000220   Section       60  startup_msp432p4111_uvision.o(.text)
    $v0                                      0x00000220   Number         0  startup_msp432p4111_uvision.o(.text)
    .text                                    0x0000025c   Section        0  noretval__2sprintf.o(.text)
    .text                                    0x00000284   Section        0  __printf.o(.text)
    .text                                    0x000002ec   Section        0  _printf_dec.o(.text)
    .text                                    0x00000364   Section        0  atoi.o(.text)
    .text                                    0x0000037e   Section       68  rt_memclr.o(.text)
    .text                                    0x000003c2   Section       78  rt_memclr_w.o(.text)
    .text                                    0x00000410   Section        0  heapauxi.o(.text)
    .text                                    0x00000418   Section        8  rt_errno_addr_intlibspace.o(.text)
    .text                                    0x00000420   Section        0  _printf_intcommon.o(.text)
    .text                                    0x000004d4   Section        0  _printf_char_common.o(.text)
    _printf_input_char                       0x000004d5   Thumb Code    10  _printf_char_common.o(.text)
    .text                                    0x00000504   Section        0  _sputc.o(.text)
    .text                                    0x0000050e   Section        0  strtol.o(.text)
    .text                                    0x00000580   Section        8  libspace.o(.text)
    .text                                    0x00000588   Section       16  rt_ctype_table.o(.text)
    .text                                    0x00000598   Section        0  _strtoul.o(.text)
    .text                                    0x00000636   Section       74  sys_stackheap_outer.o(.text)
    .text                                    0x00000680   Section        8  rt_locale_intlibspace.o(.text)
    .text                                    0x00000688   Section        0  _chval.o(.text)
    .text                                    0x000006a4   Section        0  exit.o(.text)
    .text                                    0x000006b8   Section      128  strcmpv7m.o(.text)
    .text                                    0x00000738   Section        0  sys_exit.o(.text)
    .text                                    0x00000744   Section        2  use_no_semi.o(.text)
    .text                                    0x00000746   Section        0  indicate_semi.o(.text)
    i.ADC0_InitSWTriggerCh6                  0x00000748   Section        0  adc14.o(i.ADC0_InitSWTriggerCh6)
    i.ADC_In                                 0x000007dc   Section        0  adc14.o(i.ADC_In)
    i.CLK_Handler                            0x00000814   Section        0  controlpins.o(i.CLK_Handler)
    i.CalcPeriodFromFrequency                0x0000088c   Section        0  timer32.o(i.CalcPeriodFromFrequency)
    i.ControlPin_CLK_Init                    0x000008f4   Section        0  controlpins.o(i.ControlPin_CLK_Init)
    i.ControlPin_SI_Init                     0x00000978   Section        0  controlpins.o(i.ControlPin_SI_Init)
    i.DC_motors_init                         0x000009d4   Section        0  dcmotors.o(i.DC_motors_init)
    i.DisableSysTickTimer                    0x00000aac   Section        0  systicktimer.o(i.DisableSysTickTimer)
    i.EnableSysTickTimer                     0x00000ab6   Section        0  systicktimer.o(i.EnableSysTickTimer)
    i.INIT_Camera                            0x00000ac0   Section        0  camera.o(i.INIT_Camera)
    i.LED1_Init                              0x00000adc   Section        0  leds.o(i.LED1_Init)
    i.LED2_Init                              0x00000b20   Section        0  leds.o(i.LED2_Init)
    i.OLED_DisplayCameraData                 0x00000b64   Section        0  oled.o(i.OLED_DisplayCameraData)
    i.OLED_Init                              0x00000b7c   Section        0  oled.o(i.OLED_Init)
    i.OLED_display_clear                     0x00000c9c   Section        0  oled.o(i.OLED_display_clear)
    i.OLED_display_on                        0x00000cb4   Section        0  oled.o(i.OLED_display_on)
    i.OLED_sendCommand                       0x00000cbe   Section        0  oled.o(i.OLED_sendCommand)
    i.OLED_sendData                          0x00000cd6   Section        0  oled.o(i.OLED_sendData)
    i.OLED_write_display                     0x00000d00   Section        0  oled.o(i.OLED_write_display)
    i.SI_Handler                             0x00000d28   Section        0  controlpins.o(i.SI_Handler)
    i.Switch1_Init                           0x00000d7c   Section        0  switches.o(i.Switch1_Init)
    i.Switch2_Init                           0x00000dc0   Section        0  switches.o(i.Switch2_Init)
    i.SysTickTimer_Init                      0x00000e04   Section        0  systicktimer.o(i.SysTickTimer_Init)
    i.SysTick_Handler                        0x00000e4c   Section        0  systicktimer.o(i.SysTick_Handler)
    i.SystemInit                             0x00000e68   Section        0  system_msp432p4111.o(i.SystemInit)
    i.T32_INT1_IRQHandler                    0x00000efc   Section        0  timer32.o(i.T32_INT1_IRQHandler)
    i.T32_INT2_IRQHandler                    0x00000f28   Section        0  timer32.o(i.T32_INT2_IRQHandler)
    i.TIMER_A0_PWM_DutyCycle                 0x00000f54   Section        0  timera.o(i.TIMER_A0_PWM_DutyCycle)
    i.TIMER_A0_PWM_Init                      0x00000f98   Section        0  timera.o(i.TIMER_A0_PWM_Init)
    i.TIMER_A2_PWM_DutyCycle                 0x000010c4   Section        0  timera.o(i.TIMER_A2_PWM_DutyCycle)
    i.TIMER_A2_PWM_Init                      0x00001108   Section        0  timera.o(i.TIMER_A2_PWM_Init)
    i.Timer32_1_Init                         0x000011b4   Section        0  timer32.o(i.Timer32_1_Init)
    i.__hardfp_fabs                          0x0000123c   Section        0  fabs.o(i.__hardfp_fabs)
    i.__hardfp_floor                         0x00001250   Section        0  floor.o(i.__hardfp_floor)
    i.data_smoother                          0x00001368   Section        0  camera.o(i.data_smoother)
    i.display_menu                           0x00001454   Section        0  bluetooth.o(i.display_menu)
    i.draw_1d_data                           0x000014ec   Section        0  oled.o(i.draw_1d_data)
    i.enable_DCMotor                         0x0000159c   Section        0  dcmotors.o(i.enable_DCMotor)
    i.execute_cmd                            0x000015b8   Section        0  bluetooth.o(i.execute_cmd)
    i.get_speed                              0x00001634   Section        0  bluetooth.o(i.get_speed)
    i.i2c0_Init                              0x000016d0   Section        0  i2c.o(i.i2c0_Init)
    i.i2c0_put                               0x00001728   Section        0  i2c.o(i.i2c0_put)
    i.i2c0_putchar                           0x00001790   Section        0  i2c.o(i.i2c0_putchar)
    i2c0_putchar                             0x00001791   Thumb Code    20  i2c.o(i.i2c0_putchar)
    i.initCar                                0x000017a8   Section        0  car.o(i.initCar)
    i.leftTurn                               0x000017f8   Section        0  dcmotors.o(i.leftTurn)
    i.main                                   0x000018c4   Section        0  car.o(i.main)
    i.rightTurn                              0x00001a18   Section        0  dcmotors.o(i.rightTurn)
    i.servoInit                              0x00001ae4   Section        0  servomotor.o(i.servoInit)
    i.set_steering                           0x00001b18   Section        0  car.o(i.set_steering)
    i.toggleDCMotorForward                   0x00001c58   Section        0  dcmotors.o(i.toggleDCMotorForward)
    i.toggleServo                            0x00001ce0   Section        0  servomotor.o(i.toggleServo)
    i.track_position                         0x00001d20   Section        0  camera.o(i.track_position)
    i.uart0_init                             0x00001d50   Section        0  uart.o(i.uart0_init)
    i.uart2_dataAvailable                    0x00001da4   Section        0  uart.o(i.uart2_dataAvailable)
    i.uart2_getchar                          0x00001dbc   Section        0  uart.o(i.uart2_getchar)
    i.uart2_init                             0x00001dd8   Section        0  uart.o(i.uart2_init)
    i.uart2_put                              0x00001e2c   Section        0  uart.o(i.uart2_put)
    i.uart2_putchar                          0x00001e44   Section        0  uart.o(i.uart2_putchar)
    locale$$code                             0x00001e60   Section       44  lc_ctype_c.o(locale$$code)
    x$fpl$dadd                               0x00001e8c   Section      336  daddsub_clz.o(x$fpl$dadd)
    $v0                                      0x00001e8c   Number         0  daddsub_clz.o(x$fpl$dadd)
    _dadd1                                   0x00001e9d   Thumb Code     0  daddsub_clz.o(x$fpl$dadd)
    x$fpl$dcmpinf                            0x00001fdc   Section       24  dcmpi.o(x$fpl$dcmpinf)
    $v0                                      0x00001fdc   Number         0  dcmpi.o(x$fpl$dcmpinf)
    x$fpl$ddiv                               0x00001ff4   Section      688  ddiv.o(x$fpl$ddiv)
    $v0                                      0x00001ff4   Number         0  ddiv.o(x$fpl$ddiv)
    ddiv_entry                               0x00001ffb   Thumb Code     0  ddiv.o(x$fpl$ddiv)
    x$fpl$dfix                               0x000022a4   Section       94  dfix.o(x$fpl$dfix)
    $v0                                      0x000022a4   Number         0  dfix.o(x$fpl$dfix)
    x$fpl$dfixu                              0x00002304   Section       90  dfixu.o(x$fpl$dfixu)
    $v0                                      0x00002304   Number         0  dfixu.o(x$fpl$dfixu)
    x$fpl$dflt                               0x0000235e   Section       46  dflt_clz.o(x$fpl$dflt)
    $v0                                      0x0000235e   Number         0  dflt_clz.o(x$fpl$dflt)
    x$fpl$dfltu                              0x0000238c   Section       38  dflt_clz.o(x$fpl$dfltu)
    $v0                                      0x0000238c   Number         0  dflt_clz.o(x$fpl$dfltu)
    x$fpl$dleqf                              0x000023b4   Section      120  dleqf.o(x$fpl$dleqf)
    $v0                                      0x000023b4   Number         0  dleqf.o(x$fpl$dleqf)
    x$fpl$dmul                               0x0000242c   Section      340  dmul.o(x$fpl$dmul)
    $v0                                      0x0000242c   Number         0  dmul.o(x$fpl$dmul)
    x$fpl$dnaninf                            0x00002580   Section      156  dnaninf.o(x$fpl$dnaninf)
    $v0                                      0x00002580   Number         0  dnaninf.o(x$fpl$dnaninf)
    x$fpl$dretinf                            0x0000261c   Section       12  dretinf.o(x$fpl$dretinf)
    $v0                                      0x0000261c   Number         0  dretinf.o(x$fpl$dretinf)
    x$fpl$drleqf                             0x00002628   Section      108  drleqf.o(x$fpl$drleqf)
    $v0                                      0x00002628   Number         0  drleqf.o(x$fpl$drleqf)
    x$fpl$drsb                               0x00002694   Section       22  daddsub_clz.o(x$fpl$drsb)
    $v0                                      0x00002694   Number         0  daddsub_clz.o(x$fpl$drsb)
    x$fpl$dsub                               0x000026ac   Section      468  daddsub_clz.o(x$fpl$dsub)
    $v0                                      0x000026ac   Number         0  daddsub_clz.o(x$fpl$dsub)
    _dsub1                                   0x000026bd   Thumb Code     0  daddsub_clz.o(x$fpl$dsub)
    x$fpl$f2d                                0x00002880   Section       86  f2d.o(x$fpl$f2d)
    $v0                                      0x00002880   Number         0  f2d.o(x$fpl$f2d)
    x$fpl$fnaninf                            0x000028d6   Section      140  fnaninf.o(x$fpl$fnaninf)
    $v0                                      0x000028d6   Number         0  fnaninf.o(x$fpl$fnaninf)
    x$fpl$fpinit                             0x00002962   Section       10  fpinit.o(x$fpl$fpinit)
    $v0                                      0x00002962   Number         0  fpinit.o(x$fpl$fpinit)
    x$fpl$usenofp                            0x0000296c   Section        0  usenofp.o(x$fpl$usenofp)
    locale$$data                             0x0000298c   Section      272  lc_ctype_c.o(locale$$data)
    __lcctype_c_name                         0x00002990   Data           2  lc_ctype_c.o(locale$$data)
    __lcctype_c_start                        0x00002998   Data           0  lc_ctype_c.o(locale$$data)
    __lcctype_c_end                          0x00002a9c   Data           0  lc_ctype_c.o(locale$$data)
    .data                                    0x20000000   Section        1  bluetooth.o(.data)
    .data                                    0x20000004   Section        8  car.o(.data)
    .data                                    0x2000000c   Section        4  camera.o(.data)
    .data                                    0x20000010   Section        9  controlpins.o(.data)
    pixelCounter                             0x20000014   Data           4  controlpins.o(.data)
    .data                                    0x20000020   Section        8  dcmotors.o(.data)
    .data                                    0x20000028   Section        8  systicktimer.o(.data)
    .data                                    0x20000030   Section       25  timer32.o(.data)
    timer1Period                             0x20000040   Data           4  timer32.o(.data)
    timer2Period                             0x20000044   Data           4  timer32.o(.data)
    .data                                    0x2000004c   Section        4  system_msp432p4111.o(.data)
    .bss                                     0x20000050   Section      256  car.o(.bss)
    .bss                                     0x20000150   Section      256  controlpins.o(.bss)
    .bss                                     0x20000250   Section     3132  oled.o(.bss)
    .bss                                     0x20000e8c   Section       40  timera.o(.bss)
    DEFAULT_PERIOD_A0                        0x20000e8c   Data          20  timera.o(.bss)
    DEFAULT_PERIOD_A2                        0x20000ea0   Data          20  timera.o(.bss)
    .bss                                     0x20000eb4   Section       96  libspace.o(.bss)
    HEAP                                     0x20000f18   Section        0  startup_msp432p4111_uvision.o(HEAP)
    STACK                                    0x20000f18   Section      512  startup_msp432p4111_uvision.o(STACK)
    Heap_Mem                                 0x20000f18   Data           0  startup_msp432p4111_uvision.o(HEAP)
    Stack_Mem                                0x20000f18   Data         512  startup_msp432p4111_uvision.o(STACK)
    __initial_sp                             0x20001118   Data           0  startup_msp432p4111_uvision.o(STACK)

    Global Symbols

    Symbol Name                              Value     Ov Type        Size  Object(Section)

    BuildAttributes$$THM_ISAv4$E$P$D$K$B$S$7EM$VFPi3$EXTD16$VFPS$VFMA$PE$A:L22UL41UL21$X:L11$S22US41US21$IEEE1$IW$USESV6$~STKCKD$USESV7$~SHL$OTIME$ROPI$IEEEJ$EBA8$UX$STANDARDLIB$REQ8$PRES8$EABIv2 0x00000000   Number         0  anon$$obj.o ABSOLUTE
    __ARM_use_no_argv                        0x00000000   Number         0  car.o ABSOLUTE
    __Vectors                                0x00000000   Data           4  startup_msp432p4111_uvision.o(RESET)
    __ARM_exceptions_init                     - Undefined Weak Reference
    __alloca_initialize                       - Undefined Weak Reference
    __arm_fini_                               - Undefined Weak Reference
    __arm_preinit_                            - Undefined Weak Reference
    __cpp_initialize__aeabi_                  - Undefined Weak Reference
    __cxa_finalize                            - Undefined Weak Reference
    __sigvec_lookup                           - Undefined Weak Reference
    _atexit_init                              - Undefined Weak Reference
    _call_atexit_fns                          - Undefined Weak Reference
    _clock_init                               - Undefined Weak Reference
    _fp_trap_init                             - Undefined Weak Reference
    _fp_trap_shutdown                         - Undefined Weak Reference
    _get_lc_collate                           - Undefined Weak Reference
    _get_lc_monetary                          - Undefined Weak Reference
    _get_lc_numeric                           - Undefined Weak Reference
    _get_lc_time                              - Undefined Weak Reference
    _getenv_init                              - Undefined Weak Reference
    _handle_redirection                       - Undefined Weak Reference
    _init_alloc                               - Undefined Weak Reference
    _init_user_alloc                          - Undefined Weak Reference
    _initio                                   - Undefined Weak Reference
    _printf_post_padding                      - Undefined Weak Reference
    _printf_pre_padding                       - Undefined Weak Reference
    _printf_truncate_signed                   - Undefined Weak Reference
    _printf_truncate_unsigned                 - Undefined Weak Reference
    _rand_init                                - Undefined Weak Reference
    _signal_finish                            - Undefined Weak Reference
    _signal_init                              - Undefined Weak Reference
    _terminate_alloc                          - Undefined Weak Reference
    _terminate_user_alloc                     - Undefined Weak Reference
    _terminateio                              - Undefined Weak Reference
    __Vectors_End                            0x00000144   Data           0  startup_msp432p4111_uvision.o(RESET)
    __Vectors_Size                           0x00000144   Number         0  startup_msp432p4111_uvision.o ABSOLUTE
    __main                                   0x00000145   Thumb Code     8  __main.o(!!!main)
    __scatterload                            0x0000014d   Thumb Code     0  __scatter.o(!!!scatter)
    __scatterload_rt2                        0x0000014d   Thumb Code    44  __scatter.o(!!!scatter)
    __scatterload_rt2_thumb_only             0x0000014d   Thumb Code     0  __scatter.o(!!!scatter)
    __scatterload_null                       0x0000015b   Thumb Code     0  __scatter.o(!!!scatter)
    __scatterload_copy                       0x00000181   Thumb Code    26  __scatter_copy.o(!!handler_copy)
    __scatterload_zeroinit                   0x0000019d   Thumb Code    28  __scatter_zi.o(!!handler_zi)
    _printf_d                                0x000001b9   Thumb Code     0  _printf_d.o(.ARM.Collect$$_printf_percent$$00000009)
    _printf_percent                          0x000001b9   Thumb Code     0  _printf_percent.o(.ARM.Collect$$_printf_percent$$00000000)
    _printf_percent_end                      0x000001bf   Thumb Code     0  _printf_percent_end.o(.ARM.Collect$$_printf_percent$$00000017)
    __rt_lib_init                            0x000001c3   Thumb Code     0  libinit.o(.ARM.Collect$$libinit$$00000000)
    __rt_lib_init_fp_1                       0x000001c5   Thumb Code     0  libinit2.o(.ARM.Collect$$libinit$$00000001)
    __rt_lib_init_heap_1                     0x000001c9   Thumb Code     0  libinit2.o(.ARM.Collect$$libinit$$0000000A)
    __rt_lib_init_lc_common                  0x000001c9   Thumb Code     0  libinit2.o(.ARM.Collect$$libinit$$0000000F)
    __rt_lib_init_preinit_1                  0x000001c9   Thumb Code     0  libinit2.o(.ARM.Collect$$libinit$$00000004)
    __rt_lib_init_rand_1                     0x000001c9   Thumb Code     0  libinit2.o(.ARM.Collect$$libinit$$0000000E)
    __rt_lib_init_user_alloc_1               0x000001c9   Thumb Code     0  libinit2.o(.ARM.Collect$$libinit$$0000000C)
    __rt_lib_init_lc_collate_1               0x000001cf   Thumb Code     0  libinit2.o(.ARM.Collect$$libinit$$00000011)
    __rt_lib_init_lc_ctype_2                 0x000001cf   Thumb Code     0  libinit2.o(.ARM.Collect$$libinit$$00000012)
    __rt_lib_init_alloca_1                   0x000001db   Thumb Code     0  libinit2.o(.ARM.Collect$$libinit$$0000002E)
    __rt_lib_init_argv_1                     0x000001db   Thumb Code     0  libinit2.o(.ARM.Collect$$libinit$$0000002C)
    __rt_lib_init_atexit_1                   0x000001db   Thumb Code     0  libinit2.o(.ARM.Collect$$libinit$$0000001B)
    __rt_lib_init_clock_1                    0x000001db   Thumb Code     0  libinit2.o(.ARM.Collect$$libinit$$00000021)
    __rt_lib_init_cpp_1                      0x000001db   Thumb Code     0  libinit2.o(.ARM.Collect$$libinit$$00000032)
    __rt_lib_init_exceptions_1               0x000001db   Thumb Code     0  libinit2.o(.ARM.Collect$$libinit$$00000030)
    __rt_lib_init_fp_trap_1                  0x000001db   Thumb Code     0  libinit2.o(.ARM.Collect$$libinit$$0000001F)
    __rt_lib_init_getenv_1                   0x000001db   Thumb Code     0  libinit2.o(.ARM.Collect$$libinit$$00000023)
    __rt_lib_init_lc_ctype_1                 0x000001db   Thumb Code     0  libinit2.o(.ARM.Collect$$libinit$$00000013)
    __rt_lib_init_lc_monetary_1              0x000001db   Thumb Code     0  libinit2.o(.ARM.Collect$$libinit$$00000015)
    __rt_lib_init_lc_numeric_1               0x000001db   Thumb Code     0  libinit2.o(.ARM.Collect$$libinit$$00000017)
    __rt_lib_init_lc_time_1                  0x000001db   Thumb Code     0  libinit2.o(.ARM.Collect$$libinit$$00000019)
    __rt_lib_init_return                     0x000001db   Thumb Code     0  libinit2.o(.ARM.Collect$$libinit$$00000033)
    __rt_lib_init_signal_1                   0x000001db   Thumb Code     0  libinit2.o(.ARM.Collect$$libinit$$0000001D)
    __rt_lib_init_stdio_1                    0x000001db   Thumb Code     0  libinit2.o(.ARM.Collect$$libinit$$00000025)
    __rt_lib_shutdown                        0x000001dd   Thumb Code     0  libshutdown.o(.ARM.Collect$$libshutdown$$00000000)
    __rt_lib_shutdown_cpp_1                  0x000001df   Thumb Code     0  libshutdown2.o(.ARM.Collect$$libshutdown$$00000004)
    __rt_lib_shutdown_fini_1                 0x000001df   Thumb Code     0  libshutdown2.o(.ARM.Collect$$libshutdown$$00000002)
    __rt_lib_shutdown_fp_trap_1              0x000001df   Thumb Code     0  libshutdown2.o(.ARM.Collect$$libshutdown$$00000009)
    __rt_lib_shutdown_heap_1                 0x000001df   Thumb Code     0  libshutdown2.o(.ARM.Collect$$libshutdown$$00000011)
    __rt_lib_shutdown_return                 0x000001df   Thumb Code     0  libshutdown2.o(.ARM.Collect$$libshutdown$$00000012)
    __rt_lib_shutdown_signal_1               0x000001df   Thumb Code     0  libshutdown2.o(.ARM.Collect$$libshutdown$$0000000C)
    __rt_lib_shutdown_stdio_1                0x000001df   Thumb Code     0  libshutdown2.o(.ARM.Collect$$libshutdown$$00000006)
    __rt_lib_shutdown_user_alloc_1           0x000001df   Thumb Code     0  libshutdown2.o(.ARM.Collect$$libshutdown$$0000000E)
    __rt_entry                               0x000001e1   Thumb Code     0  __rtentry.o(.ARM.Collect$$rtentry$$00000000)
    __rt_entry_presh_1                       0x000001e1   Thumb Code     0  __rtentry2.o(.ARM.Collect$$rtentry$$00000002)
    __rt_entry_sh                            0x000001e1   Thumb Code     0  __rtentry4.o(.ARM.Collect$$rtentry$$00000004)
    __rt_entry_li                            0x000001e7   Thumb Code     0  __rtentry2.o(.ARM.Collect$$rtentry$$0000000A)
    __rt_entry_postsh_1                      0x000001e7   Thumb Code     0  __rtentry2.o(.ARM.Collect$$rtentry$$00000009)
    __rt_entry_main                          0x000001eb   Thumb Code     0  __rtentry2.o(.ARM.Collect$$rtentry$$0000000D)
    __rt_entry_postli_1                      0x000001eb   Thumb Code     0  __rtentry2.o(.ARM.Collect$$rtentry$$0000000C)
    __rt_exit                                0x000001f3   Thumb Code     0  rtexit.o(.ARM.Collect$$rtexit$$00000000)
    __rt_exit_ls                             0x000001f5   Thumb Code     0  rtexit2.o(.ARM.Collect$$rtexit$$00000003)
    __rt_exit_prels_1                        0x000001f5   Thumb Code     0  rtexit2.o(.ARM.Collect$$rtexit$$00000002)
    __rt_exit_exit                           0x000001f9   Thumb Code     0  rtexit2.o(.ARM.Collect$$rtexit$$00000004)
    DisableInterrupts                        0x00000201   Thumb Code     4  cortexm.o(.emb_text)
    EnableInterrupts                         0x00000205   Thumb Code     4  cortexm.o(.emb_text)
    StartCritical                            0x00000209   Thumb Code     8  cortexm.o(.emb_text)
    EndCritical                              0x00000211   Thumb Code     6  cortexm.o(.emb_text)
    WaitForInterrupt                         0x00000217   Thumb Code     4  cortexm.o(.emb_text)
    delay                                    0x0000021b   Thumb Code     6  cortexm.o(.emb_text)
    Reset_Handler                            0x00000221   Thumb Code     8  startup_msp432p4111_uvision.o(.text)
    NMI_Handler                              0x00000229   Thumb Code     2  startup_msp432p4111_uvision.o(.text)
    HardFault_Handler                        0x0000022b   Thumb Code     2  startup_msp432p4111_uvision.o(.text)
    MemManage_Handler                        0x0000022d   Thumb Code     2  startup_msp432p4111_uvision.o(.text)
    BusFault_Handler                         0x0000022f   Thumb Code     2  startup_msp432p4111_uvision.o(.text)
    UsageFault_Handler                       0x00000231   Thumb Code     2  startup_msp432p4111_uvision.o(.text)
    SVC_Handler                              0x00000233   Thumb Code     2  startup_msp432p4111_uvision.o(.text)
    DebugMon_Handler                         0x00000235   Thumb Code     2  startup_msp432p4111_uvision.o(.text)
    PendSV_Handler                           0x00000237   Thumb Code     2  startup_msp432p4111_uvision.o(.text)
    ADC14_IRQHandler                         0x0000023b   Thumb Code     0  startup_msp432p4111_uvision.o(.text)
    AES256_IRQHandler                        0x0000023b   Thumb Code     0  startup_msp432p4111_uvision.o(.text)
    COMP_E0_IRQHandler                       0x0000023b   Thumb Code     0  startup_msp432p4111_uvision.o(.text)
    COMP_E1_IRQHandler                       0x0000023b   Thumb Code     0  startup_msp432p4111_uvision.o(.text)
    CS_IRQHandler                            0x0000023b   Thumb Code     0  startup_msp432p4111_uvision.o(.text)
    DMA_ERR_IRQHandler                       0x0000023b   Thumb Code     0  startup_msp432p4111_uvision.o(.text)
    DMA_INT0_IRQHandler                      0x0000023b   Thumb Code     0  startup_msp432p4111_uvision.o(.text)
    DMA_INT1_IRQHandler                      0x0000023b   Thumb Code     0  startup_msp432p4111_uvision.o(.text)
    DMA_INT2_IRQHandler                      0x0000023b   Thumb Code     0  startup_msp432p4111_uvision.o(.text)
    DMA_INT3_IRQHandler                      0x0000023b   Thumb Code     0  startup_msp432p4111_uvision.o(.text)
    EUSCIA0_IRQHandler                       0x0000023b   Thumb Code     0  startup_msp432p4111_uvision.o(.text)
    EUSCIA1_IRQHandler                       0x0000023b   Thumb Code     0  startup_msp432p4111_uvision.o(.text)
    EUSCIA2_IRQHandler                       0x0000023b   Thumb Code     0  startup_msp432p4111_uvision.o(.text)
    EUSCIA3_IRQHandler                       0x0000023b   Thumb Code     0  startup_msp432p4111_uvision.o(.text)
    EUSCIB0_IRQHandler                       0x0000023b   Thumb Code     0  startup_msp432p4111_uvision.o(.text)
    EUSCIB1_IRQHandler                       0x0000023b   Thumb Code     0  startup_msp432p4111_uvision.o(.text)
    EUSCIB2_IRQHandler                       0x0000023b   Thumb Code     0  startup_msp432p4111_uvision.o(.text)
    EUSCIB3_IRQHandler                       0x0000023b   Thumb Code     0  startup_msp432p4111_uvision.o(.text)
    FLCTL_A_IRQHandler                       0x0000023b   Thumb Code     0  startup_msp432p4111_uvision.o(.text)
    FPU_IRQHandler                           0x0000023b   Thumb Code     0  startup_msp432p4111_uvision.o(.text)
    LCD_F_IRQHandler                         0x0000023b   Thumb Code     0  startup_msp432p4111_uvision.o(.text)
    PCM_IRQHandler                           0x0000023b   Thumb Code     0  startup_msp432p4111_uvision.o(.text)
    PORT1_IRQHandler                         0x0000023b   Thumb Code     0  startup_msp432p4111_uvision.o(.text)
    PORT2_IRQHandler                         0x0000023b   Thumb Code     0  startup_msp432p4111_uvision.o(.text)
    PORT3_IRQHandler                         0x0000023b   Thumb Code     0  startup_msp432p4111_uvision.o(.text)
    PORT4_IRQHandler                         0x0000023b   Thumb Code     0  startup_msp432p4111_uvision.o(.text)
    PORT5_IRQHandler                         0x0000023b   Thumb Code     0  startup_msp432p4111_uvision.o(.text)
    PORT6_IRQHandler                         0x0000023b   Thumb Code     0  startup_msp432p4111_uvision.o(.text)
    PSS_IRQHandler                           0x0000023b   Thumb Code     0  startup_msp432p4111_uvision.o(.text)
    RTC_C_IRQHandler                         0x0000023b   Thumb Code     0  startup_msp432p4111_uvision.o(.text)
    T32_INTC_IRQHandler                      0x0000023b   Thumb Code     0  startup_msp432p4111_uvision.o(.text)
    TA0_0_IRQHandler                         0x0000023b   Thumb Code     0  startup_msp432p4111_uvision.o(.text)
    TA0_N_IRQHandler                         0x0000023b   Thumb Code     0  startup_msp432p4111_uvision.o(.text)
    TA1_0_IRQHandler                         0x0000023b   Thumb Code     0  startup_msp432p4111_uvision.o(.text)
    TA1_N_IRQHandler                         0x0000023b   Thumb Code     0  startup_msp432p4111_uvision.o(.text)
    TA2_0_IRQHandler                         0x0000023b   Thumb Code     0  startup_msp432p4111_uvision.o(.text)
    TA2_N_IRQHandler                         0x0000023b   Thumb Code     0  startup_msp432p4111_uvision.o(.text)
    TA3_0_IRQHandler                         0x0000023b   Thumb Code     0  startup_msp432p4111_uvision.o(.text)
    TA3_N_IRQHandler                         0x0000023b   Thumb Code     0  startup_msp432p4111_uvision.o(.text)
    WDT_A_IRQHandler                         0x0000023b   Thumb Code     0  startup_msp432p4111_uvision.o(.text)
    __user_initial_stackheap                 0x0000023d   Thumb Code    10  startup_msp432p4111_uvision.o(.text)
    __2sprintf                               0x0000025d   Thumb Code    34  noretval__2sprintf.o(.text)
    __printf                                 0x00000285   Thumb Code   104  __printf.o(.text)
    _printf_int_dec                          0x000002ed   Thumb Code   104  _printf_dec.o(.text)
    atoi                                     0x00000365   Thumb Code    26  atoi.o(.text)
    __aeabi_memclr                           0x0000037f   Thumb Code     0  rt_memclr.o(.text)
    __rt_memclr                              0x0000037f   Thumb Code    68  rt_memclr.o(.text)
    _memset                                  0x00000383   Thumb Code     0  rt_memclr.o(.text)
    __aeabi_memclr4                          0x000003c3   Thumb Code     0  rt_memclr_w.o(.text)
    __aeabi_memclr8                          0x000003c3   Thumb Code     0  rt_memclr_w.o(.text)
    __rt_memclr_w                            0x000003c3   Thumb Code    78  rt_memclr_w.o(.text)
    _memset_w                                0x000003c7   Thumb Code     0  rt_memclr_w.o(.text)
    __use_two_region_memory                  0x00000411   Thumb Code     2  heapauxi.o(.text)
    __rt_heap_escrow$2region                 0x00000413   Thumb Code     2  heapauxi.o(.text)
    __rt_heap_expand$2region                 0x00000415   Thumb Code     2  heapauxi.o(.text)
    __aeabi_errno_addr                       0x00000419   Thumb Code     8  rt_errno_addr_intlibspace.o(.text)
    __errno$intlibspace                      0x00000419   Thumb Code     0  rt_errno_addr_intlibspace.o(.text)
    __rt_errno_addr$intlibspace              0x00000419   Thumb Code     0  rt_errno_addr_intlibspace.o(.text)
    _printf_int_common                       0x00000421   Thumb Code   178  _printf_intcommon.o(.text)
    _printf_char_common                      0x000004df   Thumb Code    32  _printf_char_common.o(.text)
    _sputc                                   0x00000505   Thumb Code    10  _sputc.o(.text)
    strtol                                   0x0000050f   Thumb Code   112  strtol.o(.text)
    __user_libspace                          0x00000581   Thumb Code     8  libspace.o(.text)
    __user_perproc_libspace                  0x00000581   Thumb Code     0  libspace.o(.text)
    __user_perthread_libspace                0x00000581   Thumb Code     0  libspace.o(.text)
    __rt_ctype_table                         0x00000589   Thumb Code    16  rt_ctype_table.o(.text)
    _strtoul                                 0x00000599   Thumb Code   158  _strtoul.o(.text)
    __user_setup_stackheap                   0x00000637   Thumb Code    74  sys_stackheap_outer.o(.text)
    __rt_locale                              0x00000681   Thumb Code     8  rt_locale_intlibspace.o(.text)
    _chval                                   0x00000689   Thumb Code    28  _chval.o(.text)
    exit                                     0x000006a5   Thumb Code    18  exit.o(.text)
    strcmp                                   0x000006b9   Thumb Code   128  strcmpv7m.o(.text)
    _sys_exit                                0x00000739   Thumb Code     8  sys_exit.o(.text)
    __I$use$semihosting                      0x00000745   Thumb Code     0  use_no_semi.o(.text)
    __use_no_semihosting_swi                 0x00000745   Thumb Code     2  use_no_semi.o(.text)
    __semihosting_library_function           0x00000747   Thumb Code     0  indicate_semi.o(.text)
    ADC0_InitSWTriggerCh6                    0x00000749   Thumb Code   126  adc14.o(i.ADC0_InitSWTriggerCh6)
    ADC_In                                   0x000007dd   Thumb Code    48  adc14.o(i.ADC_In)
    CLK_Handler                              0x00000815   Thumb Code   104  controlpins.o(i.CLK_Handler)
    CalcPeriodFromFrequency                  0x0000088d   Thumb Code    84  timer32.o(i.CalcPeriodFromFrequency)
    ControlPin_CLK_Init                      0x000008f5   Thumb Code   110  controlpins.o(i.ControlPin_CLK_Init)
    ControlPin_SI_Init                       0x00000979   Thumb Code    76  controlpins.o(i.ControlPin_SI_Init)
    DC_motors_init                           0x000009d5   Thumb Code   208  dcmotors.o(i.DC_motors_init)
    DisableSysTickTimer                      0x00000aad   Thumb Code    10  systicktimer.o(i.DisableSysTickTimer)
    EnableSysTickTimer                       0x00000ab7   Thumb Code    10  systicktimer.o(i.EnableSysTickTimer)
    INIT_Camera                              0x00000ac1   Thumb Code    22  camera.o(i.INIT_Camera)
    LED1_Init                                0x00000add   Thumb Code    62  leds.o(i.LED1_Init)
    LED2_Init                                0x00000b21   Thumb Code    62  leds.o(i.LED2_Init)
    OLED_DisplayCameraData                   0x00000b65   Thumb Code    18  oled.o(i.OLED_DisplayCameraData)
    OLED_Init                                0x00000b7d   Thumb Code   278  oled.o(i.OLED_Init)
    OLED_display_clear                       0x00000c9d   Thumb Code    20  oled.o(i.OLED_display_clear)
    OLED_display_on                          0x00000cb5   Thumb Code    10  oled.o(i.OLED_display_on)
    OLED_sendCommand                         0x00000cbf   Thumb Code    24  oled.o(i.OLED_sendCommand)
    OLED_sendData                            0x00000cd7   Thumb Code    42  oled.o(i.OLED_sendData)
    OLED_write_display                       0x00000d01   Thumb Code    38  oled.o(i.OLED_write_display)
    SI_Handler                               0x00000d29   Thumb Code    78  controlpins.o(i.SI_Handler)
    Switch1_Init                             0x00000d7d   Thumb Code    62  switches.o(i.Switch1_Init)
    Switch2_Init                             0x00000dc1   Thumb Code    62  switches.o(i.Switch2_Init)
    SysTickTimer_Init                        0x00000e05   Thumb Code    62  systicktimer.o(i.SysTickTimer_Init)
    SysTick_Handler                          0x00000e4d   Thumb Code    20  systicktimer.o(i.SysTick_Handler)
    SystemInit                               0x00000e69   Thumb Code   122  system_msp432p4111.o(i.SystemInit)
    T32_INT1_IRQHandler                      0x00000efd   Thumb Code    30  timer32.o(i.T32_INT1_IRQHandler)
    T32_INT2_IRQHandler                      0x00000f29   Thumb Code    30  timer32.o(i.T32_INT2_IRQHandler)
    TIMER_A0_PWM_DutyCycle                   0x00000f55   Thumb Code    60  timera.o(i.TIMER_A0_PWM_DutyCycle)
    TIMER_A0_PWM_Init                        0x00000f99   Thumb Code   288  timera.o(i.TIMER_A0_PWM_Init)
    TIMER_A2_PWM_DutyCycle                   0x000010c5   Thumb Code    60  timera.o(i.TIMER_A2_PWM_DutyCycle)
    TIMER_A2_PWM_Init                        0x00001109   Thumb Code   158  timera.o(i.TIMER_A2_PWM_Init)
    Timer32_1_Init                           0x000011b5   Thumb Code   114  timer32.o(i.Timer32_1_Init)
    __hardfp_fabs                            0x0000123d   Thumb Code    20  fabs.o(i.__hardfp_fabs)
    __hardfp_floor                           0x00001251   Thumb Code   252  floor.o(i.__hardfp_floor)
    data_smoother                            0x00001369   Thumb Code   230  camera.o(i.data_smoother)
    display_menu                             0x00001455   Thumb Code    28  bluetooth.o(i.display_menu)
    draw_1d_data                             0x000014ed   Thumb Code   162  oled.o(i.draw_1d_data)
    enable_DCMotor                           0x0000159d   Thumb Code    24  dcmotors.o(i.enable_DCMotor)
    execute_cmd                              0x000015b9   Thumb Code    68  bluetooth.o(i.execute_cmd)
    get_speed                                0x00001635   Thumb Code   124  bluetooth.o(i.get_speed)
    i2c0_Init                                0x000016d1   Thumb Code    72  i2c.o(i.i2c0_Init)
    i2c0_put                                 0x00001729   Thumb Code   100  i2c.o(i.i2c0_put)
    initCar                                  0x000017a9   Thumb Code    76  car.o(i.initCar)
    leftTurn                                 0x000017f9   Thumb Code   174  dcmotors.o(i.leftTurn)
    main                                     0x000018c5   Thumb Code   218  car.o(i.main)
    rightTurn                                0x00001a19   Thumb Code   174  dcmotors.o(i.rightTurn)
    servoInit                                0x00001ae5   Thumb Code    44  servomotor.o(i.servoInit)
    set_steering                             0x00001b19   Thumb Code   248  car.o(i.set_steering)
    toggleDCMotorForward                     0x00001c59   Thumb Code   114  dcmotors.o(i.toggleDCMotorForward)
    toggleServo                              0x00001ce1   Thumb Code    54  servomotor.o(i.toggleServo)
    track_position                           0x00001d21   Thumb Code    42  camera.o(i.track_position)
    uart0_init                               0x00001d51   Thumb Code    76  uart.o(i.uart0_init)
    uart2_dataAvailable                      0x00001da5   Thumb Code    18  uart.o(i.uart2_dataAvailable)
    uart2_getchar                            0x00001dbd   Thumb Code    24  uart.o(i.uart2_getchar)
    uart2_init                               0x00001dd9   Thumb Code    74  uart.o(i.uart2_init)
    uart2_put                                0x00001e2d   Thumb Code    22  uart.o(i.uart2_put)
    uart2_putchar                            0x00001e45   Thumb Code    22  uart.o(i.uart2_putchar)
    _get_lc_ctype                            0x00001e61   Thumb Code    44  lc_ctype_c.o(locale$$code)
    __aeabi_dadd                             0x00001e8d   Thumb Code     0  daddsub_clz.o(x$fpl$dadd)
    _dadd                                    0x00001e8d   Thumb Code   332  daddsub_clz.o(x$fpl$dadd)
    __fpl_dcmp_Inf                           0x00001fdd   Thumb Code    24  dcmpi.o(x$fpl$dcmpinf)
    __aeabi_ddiv                             0x00001ff5   Thumb Code     0  ddiv.o(x$fpl$ddiv)
    _ddiv                                    0x00001ff5   Thumb Code   552  ddiv.o(x$fpl$ddiv)
    __aeabi_d2iz                             0x000022a5   Thumb Code     0  dfix.o(x$fpl$dfix)
    _dfix                                    0x000022a5   Thumb Code    94  dfix.o(x$fpl$dfix)
    __aeabi_d2uiz                            0x00002305   Thumb Code     0  dfixu.o(x$fpl$dfixu)
    _dfixu                                   0x00002305   Thumb Code    90  dfixu.o(x$fpl$dfixu)
    __aeabi_i2d                              0x0000235f   Thumb Code     0  dflt_clz.o(x$fpl$dflt)
    _dflt                                    0x0000235f   Thumb Code    46  dflt_clz.o(x$fpl$dflt)
    __aeabi_ui2d                             0x0000238d   Thumb Code     0  dflt_clz.o(x$fpl$dfltu)
    _dfltu                                   0x0000238d   Thumb Code    38  dflt_clz.o(x$fpl$dfltu)
    __aeabi_cdcmple                          0x000023b5   Thumb Code     0  dleqf.o(x$fpl$dleqf)
    _dcmple                                  0x000023b5   Thumb Code   120  dleqf.o(x$fpl$dleqf)
    __fpl_dcmple_InfNaN                      0x00002417   Thumb Code     0  dleqf.o(x$fpl$dleqf)
    __aeabi_dmul                             0x0000242d   Thumb Code     0  dmul.o(x$fpl$dmul)
    _dmul                                    0x0000242d   Thumb Code   332  dmul.o(x$fpl$dmul)
    __fpl_dnaninf                            0x00002581   Thumb Code   156  dnaninf.o(x$fpl$dnaninf)
    __fpl_dretinf                            0x0000261d   Thumb Code    12  dretinf.o(x$fpl$dretinf)
    __aeabi_cdrcmple                         0x00002629   Thumb Code     0  drleqf.o(x$fpl$drleqf)
    _drcmple                                 0x00002629   Thumb Code   108  drleqf.o(x$fpl$drleqf)
    __aeabi_drsub                            0x00002695   Thumb Code     0  daddsub_clz.o(x$fpl$drsb)
    _drsb                                    0x00002695   Thumb Code    22  daddsub_clz.o(x$fpl$drsb)
    __aeabi_dsub                             0x000026ad   Thumb Code     0  daddsub_clz.o(x$fpl$dsub)
    _dsub                                    0x000026ad   Thumb Code   464  daddsub_clz.o(x$fpl$dsub)
    __aeabi_f2d                              0x00002881   Thumb Code     0  f2d.o(x$fpl$f2d)
    _f2d                                     0x00002881   Thumb Code    86  f2d.o(x$fpl$f2d)
    __fpl_fnaninf                            0x000028d7   Thumb Code   140  fnaninf.o(x$fpl$fnaninf)
    _fp_init                                 0x00002963   Thumb Code    10  fpinit.o(x$fpl$fpinit)
    __fplib_config_fpu_vfp                   0x0000296b   Thumb Code     0  fpinit.o(x$fpl$fpinit)
    __fplib_config_pureend_doubles           0x0000296b   Thumb Code     0  fpinit.o(x$fpl$fpinit)
    Region$$Table$$Base                      0x0000296c   Number         0  anon$$obj.o(Region$$Table)
    __I$use$fp                               0x0000296c   Number         0  usenofp.o(x$fpl$usenofp)
    Region$$Table$$Limit                     0x0000298c   Number         0  anon$$obj.o(Region$$Table)
    __ctype                                  0x00002999   Data           0  lc_ctype_c.o(locale$$data)
    printCamera                              0x20000000   Data           1  bluetooth.o(.data)
    referenceTrackPosition                   0x20000004   Data           4  car.o(.data)
    error                                    0x20000008   Data           4  car.o(.data)
    numDataPoints                            0x2000000c   Data           4  camera.o(.data)
    tempCounter                              0x20000010   Data           4  controlpins.o(.data)
    g_sendData                               0x20000018   Data           1  controlpins.o(.data)
    DC_duty                                  0x20000020   Data           8  dcmotors.o(.data)
    SysTickPeriodicTask                      0x20000028   Data           4  systicktimer.o(.data)
    g_SysTickTimerCounter                    0x2000002c   Data           4  systicktimer.o(.data)
    systemTimer                              0x20000030   Data           8  timer32.o(.data)
    Timer32_1_PeriodicTask                   0x20000038   Data           4  timer32.o(.data)
    Timer32_2_PeriodicTask                   0x2000003c   Data           4  timer32.o(.data)
    timeOut                                  0x20000048   Data           1  timer32.o(.data)
    SystemCoreClock                          0x2000004c   Data           4  system_msp432p4111.o(.data)
    smoothData                               0x20000050   Data         256  car.o(.bss)
    line                                     0x20000150   Data         256  controlpins.o(.bss)
    OLED_clr_data                            0x20000250   Data        1024  oled.o(.bss)
    OLED_TEXT_ARR                            0x20000650   Data        1024  oled.o(.bss)
    OLED_GRAPH_ARR                           0x20000a50   Data        1024  oled.o(.bss)
    text                                     0x20000e50   Data          60  oled.o(.bss)
    __libspace_start                         0x20000eb4   Data          96  libspace.o(.bss)
    __temporary_stack_top$libspace           0x20000f14   Data           0  libspace.o(.bss)



==============================================================================

Memory Map of the image

  Image Entry point : 0x00000221

  Load Region LR_1 (Base: 0x00000000, Size: 0x00002aec, Max: 0xffffffff, ABSOLUTE)

    Execution Region ER_RO (Exec base: 0x00000000, Load base: 0x00000000, Size: 0x00002a9c, Max: 0xffffffff, ABSOLUTE)

    Exec Addr    Load Addr    Size         Type   Attr      Idx    E Section Name        Object

    0x00000000   0x00000000   0x00000144   Data   RO          916    RESET               startup_msp432p4111_uvision.o
    0x00000144   0x00000144   0x00000008   Code   RO          999  * !!!main             c_w.l(__main.o)
    0x0000014c   0x0000014c   0x00000034   Code   RO         1243    !!!scatter          c_w.l(__scatter.o)
    0x00000180   0x00000180   0x0000001a   Code   RO         1245    !!handler_copy      c_w.l(__scatter_copy.o)
    0x0000019a   0x0000019a   0x00000002   PAD
    0x0000019c   0x0000019c   0x0000001c   Code   RO         1247    !!handler_zi        c_w.l(__scatter_zi.o)
    0x000001b8   0x000001b8   0x00000000   Code   RO          988    .ARM.Collect$$_printf_percent$$00000000  c_w.l(_printf_percent.o)
    0x000001b8   0x000001b8   0x00000006   Code   RO          987    .ARM.Collect$$_printf_percent$$00000009  c_w.l(_printf_d.o)
    0x000001be   0x000001be   0x00000004   Code   RO         1057    .ARM.Collect$$_printf_percent$$00000017  c_w.l(_printf_percent_end.o)
    0x000001c2   0x000001c2   0x00000002   Code   RO         1112    .ARM.Collect$$libinit$$00000000  c_w.l(libinit.o)
    0x000001c4   0x000001c4   0x00000004   Code   RO         1117    .ARM.Collect$$libinit$$00000001  c_w.l(libinit2.o)
    0x000001c8   0x000001c8   0x00000000   Code   RO         1120    .ARM.Collect$$libinit$$00000004  c_w.l(libinit2.o)
    0x000001c8   0x000001c8   0x00000000   Code   RO         1123    .ARM.Collect$$libinit$$0000000A  c_w.l(libinit2.o)
    0x000001c8   0x000001c8   0x00000000   Code   RO         1125    .ARM.Collect$$libinit$$0000000C  c_w.l(libinit2.o)
    0x000001c8   0x000001c8   0x00000000   Code   RO         1127    .ARM.Collect$$libinit$$0000000E  c_w.l(libinit2.o)
    0x000001c8   0x000001c8   0x00000006   Code   RO         1128    .ARM.Collect$$libinit$$0000000F  c_w.l(libinit2.o)
    0x000001ce   0x000001ce   0x00000000   Code   RO         1130    .ARM.Collect$$libinit$$00000011  c_w.l(libinit2.o)
    0x000001ce   0x000001ce   0x0000000c   Code   RO         1131    .ARM.Collect$$libinit$$00000012  c_w.l(libinit2.o)
    0x000001da   0x000001da   0x00000000   Code   RO         1132    .ARM.Collect$$libinit$$00000013  c_w.l(libinit2.o)
    0x000001da   0x000001da   0x00000000   Code   RO         1134    .ARM.Collect$$libinit$$00000015  c_w.l(libinit2.o)
    0x000001da   0x000001da   0x00000000   Code   RO         1136    .ARM.Collect$$libinit$$00000017  c_w.l(libinit2.o)
    0x000001da   0x000001da   0x00000000   Code   RO         1138    .ARM.Collect$$libinit$$00000019  c_w.l(libinit2.o)
    0x000001da   0x000001da   0x00000000   Code   RO         1140    .ARM.Collect$$libinit$$0000001B  c_w.l(libinit2.o)
    0x000001da   0x000001da   0x00000000   Code   RO         1142    .ARM.Collect$$libinit$$0000001D  c_w.l(libinit2.o)
    0x000001da   0x000001da   0x00000000   Code   RO         1144    .ARM.Collect$$libinit$$0000001F  c_w.l(libinit2.o)
    0x000001da   0x000001da   0x00000000   Code   RO         1146    .ARM.Collect$$libinit$$00000021  c_w.l(libinit2.o)
    0x000001da   0x000001da   0x00000000   Code   RO         1148    .ARM.Collect$$libinit$$00000023  c_w.l(libinit2.o)
    0x000001da   0x000001da   0x00000000   Code   RO         1150    .ARM.Collect$$libinit$$00000025  c_w.l(libinit2.o)
    0x000001da   0x000001da   0x00000000   Code   RO         1154    .ARM.Collect$$libinit$$0000002C  c_w.l(libinit2.o)
    0x000001da   0x000001da   0x00000000   Code   RO         1156    .ARM.Collect$$libinit$$0000002E  c_w.l(libinit2.o)
    0x000001da   0x000001da   0x00000000   Code   RO         1158    .ARM.Collect$$libinit$$00000030  c_w.l(libinit2.o)
    0x000001da   0x000001da   0x00000000   Code   RO         1160    .ARM.Collect$$libinit$$00000032  c_w.l(libinit2.o)
    0x000001da   0x000001da   0x00000002   Code   RO         1161    .ARM.Collect$$libinit$$00000033  c_w.l(libinit2.o)
    0x000001dc   0x000001dc   0x00000002   Code   RO         1181    .ARM.Collect$$libshutdown$$00000000  c_w.l(libshutdown.o)
    0x000001de   0x000001de   0x00000000   Code   RO         1194    .ARM.Collect$$libshutdown$$00000002  c_w.l(libshutdown2.o)
    0x000001de   0x000001de   0x00000000   Code   RO         1196    .ARM.Collect$$libshutdown$$00000004  c_w.l(libshutdown2.o)
    0x000001de   0x000001de   0x00000000   Code   RO         1198    .ARM.Collect$$libshutdown$$00000006  c_w.l(libshutdown2.o)
    0x000001de   0x000001de   0x00000000   Code   RO         1201    .ARM.Collect$$libshutdown$$00000009  c_w.l(libshutdown2.o)
    0x000001de   0x000001de   0x00000000   Code   RO         1204    .ARM.Collect$$libshutdown$$0000000C  c_w.l(libshutdown2.o)
    0x000001de   0x000001de   0x00000000   Code   RO         1206    .ARM.Collect$$libshutdown$$0000000E  c_w.l(libshutdown2.o)
    0x000001de   0x000001de   0x00000000   Code   RO         1209    .ARM.Collect$$libshutdown$$00000011  c_w.l(libshutdown2.o)
    0x000001de   0x000001de   0x00000002   Code   RO         1210    .ARM.Collect$$libshutdown$$00000012  c_w.l(libshutdown2.o)
    0x000001e0   0x000001e0   0x00000000   Code   RO         1045    .ARM.Collect$$rtentry$$00000000  c_w.l(__rtentry.o)
    0x000001e0   0x000001e0   0x00000000   Code   RO         1073    .ARM.Collect$$rtentry$$00000002  c_w.l(__rtentry2.o)
    0x000001e0   0x000001e0   0x00000006   Code   RO         1085    .ARM.Collect$$rtentry$$00000004  c_w.l(__rtentry4.o)
    0x000001e6   0x000001e6   0x00000000   Code   RO         1075    .ARM.Collect$$rtentry$$00000009  c_w.l(__rtentry2.o)
    0x000001e6   0x000001e6   0x00000004   Code   RO         1076    .ARM.Collect$$rtentry$$0000000A  c_w.l(__rtentry2.o)
    0x000001ea   0x000001ea   0x00000000   Code   RO         1078    .ARM.Collect$$rtentry$$0000000C  c_w.l(__rtentry2.o)
    0x000001ea   0x000001ea   0x00000008   Code   RO         1079    .ARM.Collect$$rtentry$$0000000D  c_w.l(__rtentry2.o)
    0x000001f2   0x000001f2   0x00000002   Code   RO         1113    .ARM.Collect$$rtexit$$00000000  c_w.l(rtexit.o)
    0x000001f4   0x000001f4   0x00000000   Code   RO         1163    .ARM.Collect$$rtexit$$00000002  c_w.l(rtexit2.o)
    0x000001f4   0x000001f4   0x00000004   Code   RO         1164    .ARM.Collect$$rtexit$$00000003  c_w.l(rtexit2.o)
    0x000001f8   0x000001f8   0x00000006   Code   RO         1165    .ARM.Collect$$rtexit$$00000004  c_w.l(rtexit2.o)
    0x000001fe   0x000001fe   0x00000002   PAD
    0x00000200   0x00000200   0x00000020   Code   RO          311    .emb_text           cortexm.o
    0x00000220   0x00000220   0x0000003c   Code   RO          917  * .text               startup_msp432p4111_uvision.o
    0x0000025c   0x0000025c   0x00000028   Code   RO          961    .text               c_w.l(noretval__2sprintf.o)
    0x00000284   0x00000284   0x00000068   Code   RO          963    .text               c_w.l(__printf.o)
    0x000002ec   0x000002ec   0x00000078   Code   RO          965    .text               c_w.l(_printf_dec.o)
    0x00000364   0x00000364   0x0000001a   Code   RO          989    .text               c_w.l(atoi.o)
    0x0000037e   0x0000037e   0x00000044   Code   RO          993    .text               c_w.l(rt_memclr.o)
    0x000003c2   0x000003c2   0x0000004e   Code   RO          995    .text               c_w.l(rt_memclr_w.o)
    0x00000410   0x00000410   0x00000006   Code   RO          997    .text               c_w.l(heapauxi.o)
    0x00000416   0x00000416   0x00000002   PAD
    0x00000418   0x00000418   0x00000008   Code   RO         1049    .text               c_w.l(rt_errno_addr_intlibspace.o)
    0x00000420   0x00000420   0x000000b2   Code   RO         1051    .text               c_w.l(_printf_intcommon.o)
    0x000004d2   0x000004d2   0x00000002   PAD
    0x000004d4   0x000004d4   0x00000030   Code   RO         1053    .text               c_w.l(_printf_char_common.o)
    0x00000504   0x00000504   0x0000000a   Code   RO         1055    .text               c_w.l(_sputc.o)
    0x0000050e   0x0000050e   0x00000070   Code   RO         1058    .text               c_w.l(strtol.o)
    0x0000057e   0x0000057e   0x00000002   PAD
    0x00000580   0x00000580   0x00000008   Code   RO         1069    .text               c_w.l(libspace.o)
    0x00000588   0x00000588   0x00000010   Code   RO         1087    .text               c_w.l(rt_ctype_table.o)
    0x00000598   0x00000598   0x0000009e   Code   RO         1091    .text               c_w.l(_strtoul.o)
    0x00000636   0x00000636   0x0000004a   Code   RO         1093    .text               c_w.l(sys_stackheap_outer.o)
    0x00000680   0x00000680   0x00000008   Code   RO         1098    .text               c_w.l(rt_locale_intlibspace.o)
    0x00000688   0x00000688   0x0000001c   Code   RO         1100    .text               c_w.l(_chval.o)
    0x000006a4   0x000006a4   0x00000012   Code   RO         1105    .text               c_w.l(exit.o)
    0x000006b6   0x000006b6   0x00000002   PAD
    0x000006b8   0x000006b8   0x00000080   Code   RO         1115    .text               c_w.l(strcmpv7m.o)
    0x00000738   0x00000738   0x0000000c   Code   RO         1173    .text               c_w.l(sys_exit.o)
    0x00000744   0x00000744   0x00000002   Code   RO         1184    .text               c_w.l(use_no_semi.o)
    0x00000746   0x00000746   0x00000000   Code   RO         1186    .text               c_w.l(indicate_semi.o)
    0x00000746   0x00000746   0x00000002   PAD
    0x00000748   0x00000748   0x00000094   Code   RO            4    i.ADC0_InitSWTriggerCh6  adc14.o
    0x000007dc   0x000007dc   0x00000038   Code   RO            5    i.ADC_In            adc14.o
    0x00000814   0x00000814   0x00000078   Code   RO          268    i.CLK_Handler       controlpins.o
    0x0000088c   0x0000088c   0x00000068   Code   RO          734    i.CalcPeriodFromFrequency  timer32.o
    0x000008f4   0x000008f4   0x00000084   Code   RO          269    i.ControlPin_CLK_Init  controlpins.o
    0x00000978   0x00000978   0x0000005c   Code   RO          270    i.ControlPin_SI_Init  controlpins.o
    0x000009d4   0x000009d4   0x000000d8   Code   RO          330    i.DC_motors_init    dcmotors.o
    0x00000aac   0x00000aac   0x0000000a   Code   RO          689    i.DisableSysTickTimer  systicktimer.o
    0x00000ab6   0x00000ab6   0x0000000a   Code   RO          690    i.EnableSysTickTimer  systicktimer.o
    0x00000ac0   0x00000ac0   0x0000001c   Code   RO          215    i.INIT_Camera       camera.o
    0x00000adc   0x00000adc   0x00000044   Code   RO          431    i.LED1_Init         leds.o
    0x00000b20   0x00000b20   0x00000044   Code   RO          435    i.LED2_Init         leds.o
    0x00000b64   0x00000b64   0x00000018   Code   RO          498    i.OLED_DisplayCameraData  oled.o
    0x00000b7c   0x00000b7c   0x00000120   Code   RO          499    i.OLED_Init         oled.o
    0x00000c9c   0x00000c9c   0x00000018   Code   RO          502    i.OLED_display_clear  oled.o
    0x00000cb4   0x00000cb4   0x0000000a   Code   RO          504    i.OLED_display_on   oled.o
    0x00000cbe   0x00000cbe   0x00000018   Code   RO          507    i.OLED_sendCommand  oled.o
    0x00000cd6   0x00000cd6   0x0000002a   Code   RO          508    i.OLED_sendData     oled.o
    0x00000d00   0x00000d00   0x00000026   Code   RO          509    i.OLED_write_display  oled.o
    0x00000d26   0x00000d26   0x00000002   PAD
    0x00000d28   0x00000d28   0x00000054   Code   RO          271    i.SI_Handler        controlpins.o
    0x00000d7c   0x00000d7c   0x00000044   Code   RO          647    i.Switch1_Init      switches.o
    0x00000dc0   0x00000dc0   0x00000044   Code   RO          649    i.Switch2_Init      switches.o
    0x00000e04   0x00000e04   0x00000048   Code   RO          691    i.SysTickTimer_Init  systicktimer.o
    0x00000e4c   0x00000e4c   0x0000001c   Code   RO          692    i.SysTick_Handler   systicktimer.o
    0x00000e68   0x00000e68   0x00000094   Code   RO          925    i.SystemInit        system_msp432p4111.o
    0x00000efc   0x00000efc   0x0000002c   Code   RO          736    i.T32_INT1_IRQHandler  timer32.o
    0x00000f28   0x00000f28   0x0000002c   Code   RO          737    i.T32_INT2_IRQHandler  timer32.o
    0x00000f54   0x00000f54   0x00000044   Code   RO          791    i.TIMER_A0_PWM_DutyCycle  timera.o
    0x00000f98   0x00000f98   0x0000012c   Code   RO          792    i.TIMER_A0_PWM_Init  timera.o
    0x000010c4   0x000010c4   0x00000044   Code   RO          793    i.TIMER_A2_PWM_DutyCycle  timera.o
    0x00001108   0x00001108   0x000000ac   Code   RO          794    i.TIMER_A2_PWM_Init  timera.o
    0x000011b4   0x000011b4   0x00000088   Code   RO          738    i.Timer32_1_Init    timer32.o
    0x0000123c   0x0000123c   0x00000014   Code   RO         1033    i.__hardfp_fabs     m_wm.l(fabs.o)
    0x00001250   0x00001250   0x00000118   Code   RO         1039    i.__hardfp_floor    m_wm.l(floor.o)
    0x00001368   0x00001368   0x000000ec   Code   RO          216    i.data_smoother     camera.o
    0x00001454   0x00001454   0x00000098   Code   RO           78    i.display_menu      bluetooth.o
    0x000014ec   0x000014ec   0x000000b0   Code   RO          510    i.draw_1d_data      oled.o
    0x0000159c   0x0000159c   0x0000001c   Code   RO          332    i.enable_DCMotor    dcmotors.o
    0x000015b8   0x000015b8   0x0000007c   Code   RO           79    i.execute_cmd       bluetooth.o
    0x00001634   0x00001634   0x0000009c   Code   RO           80    i.get_speed         bluetooth.o
    0x000016d0   0x000016d0   0x00000058   Code   RO          393    i.i2c0_Init         i2c.o
    0x00001728   0x00001728   0x00000068   Code   RO          394    i.i2c0_put          i2c.o
    0x00001790   0x00001790   0x00000018   Code   RO          395    i.i2c0_putchar      i2c.o
    0x000017a8   0x000017a8   0x00000050   Code   RO          133    i.initCar           car.o
    0x000017f8   0x000017f8   0x000000cc   Code   RO          333    i.leftTurn          dcmotors.o
    0x000018c4   0x000018c4   0x00000154   Code   RO          134    i.main              car.o
    0x00001a18   0x00001a18   0x000000cc   Code   RO          334    i.rightTurn         dcmotors.o
    0x00001ae4   0x00001ae4   0x00000034   Code   RO          617    i.servoInit         servomotor.o
    0x00001b18   0x00001b18   0x00000140   Code   RO          136    i.set_steering      car.o
    0x00001c58   0x00001c58   0x00000088   Code   RO          336    i.toggleDCMotorForward  dcmotors.o
    0x00001ce0   0x00001ce0   0x00000040   Code   RO          618    i.toggleServo       servomotor.o
    0x00001d20   0x00001d20   0x00000030   Code   RO          217    i.track_position    camera.o
    0x00001d50   0x00001d50   0x00000054   Code   RO          841    i.uart0_init        uart.o
    0x00001da4   0x00001da4   0x00000018   Code   RO          844    i.uart2_dataAvailable  uart.o
    0x00001dbc   0x00001dbc   0x0000001c   Code   RO          845    i.uart2_getchar     uart.o
    0x00001dd8   0x00001dd8   0x00000054   Code   RO          846    i.uart2_init        uart.o
    0x00001e2c   0x00001e2c   0x00000016   Code   RO          847    i.uart2_put         uart.o
    0x00001e42   0x00001e42   0x00000002   PAD
    0x00001e44   0x00001e44   0x0000001c   Code   RO          848    i.uart2_putchar     uart.o
    0x00001e60   0x00001e60   0x0000002c   Code   RO         1103    locale$$code        c_w.l(lc_ctype_c.o)
    0x00001e8c   0x00001e8c   0x00000150   Code   RO         1001    x$fpl$dadd          fz_wm.l(daddsub_clz.o)
    0x00001fdc   0x00001fdc   0x00000018   Code   RO         1060    x$fpl$dcmpinf       fz_wm.l(dcmpi.o)
    0x00001ff4   0x00001ff4   0x000002b0   Code   RO         1008    x$fpl$ddiv          fz_wm.l(ddiv.o)
    0x000022a4   0x000022a4   0x0000005e   Code   RO         1011    x$fpl$dfix          fz_wm.l(dfix.o)
    0x00002302   0x00002302   0x00000002   PAD
    0x00002304   0x00002304   0x0000005a   Code   RO         1015    x$fpl$dfixu         fz_wm.l(dfixu.o)
    0x0000235e   0x0000235e   0x0000002e   Code   RO         1020    x$fpl$dflt          fz_wm.l(dflt_clz.o)
    0x0000238c   0x0000238c   0x00000026   Code   RO         1019    x$fpl$dfltu         fz_wm.l(dflt_clz.o)
    0x000023b2   0x000023b2   0x00000002   PAD
    0x000023b4   0x000023b4   0x00000078   Code   RO         1025    x$fpl$dleqf         fz_wm.l(dleqf.o)
    0x0000242c   0x0000242c   0x00000154   Code   RO         1027    x$fpl$dmul          fz_wm.l(dmul.o)
    0x00002580   0x00002580   0x0000009c   Code   RO         1062    x$fpl$dnaninf       fz_wm.l(dnaninf.o)
    0x0000261c   0x0000261c   0x0000000c   Code   RO         1064    x$fpl$dretinf       fz_wm.l(dretinf.o)
    0x00002628   0x00002628   0x0000006c   Code   RO         1029    x$fpl$drleqf        fz_wm.l(drleqf.o)
    0x00002694   0x00002694   0x00000016   Code   RO         1002    x$fpl$drsb          fz_wm.l(daddsub_clz.o)
    0x000026aa   0x000026aa   0x00000002   PAD
    0x000026ac   0x000026ac   0x000001d4   Code   RO         1003    x$fpl$dsub          fz_wm.l(daddsub_clz.o)
    0x00002880   0x00002880   0x00000056   Code   RO         1031    x$fpl$f2d           fz_wm.l(f2d.o)
    0x000028d6   0x000028d6   0x0000008c   Code   RO         1066    x$fpl$fnaninf       fz_wm.l(fnaninf.o)
    0x00002962   0x00002962   0x0000000a   Code   RO         1171    x$fpl$fpinit        fz_wm.l(fpinit.o)
    0x0000296c   0x0000296c   0x00000000   Code   RO         1068    x$fpl$usenofp       fz_wm.l(usenofp.o)
    0x0000296c   0x0000296c   0x00000020   Data   RO         1241    Region$$Table       anon$$obj.o
    0x0000298c   0x0000298c   0x00000110   Data   RO         1102    locale$$data        c_w.l(lc_ctype_c.o)


    Execution Region ER_RW (Exec base: 0x20000000, Load base: 0x00002a9c, Size: 0x00000050, Max: 0xffffffff, ABSOLUTE)

    Exec Addr    Load Addr    Size         Type   Attr      Idx    E Section Name        Object

    0x20000000   0x00002a9c   0x00000001   Data   RW           81    .data               bluetooth.o
    0x20000001   0x00002a9d   0x00000003   PAD
    0x20000004   0x00002aa0   0x00000008   Data   RW          138    .data               car.o
    0x2000000c   0x00002aa8   0x00000004   Data   RW          218    .data               camera.o
    0x20000010   0x00002aac   0x00000009   Data   RW          273    .data               controlpins.o
    0x20000019   0x00002ab5   0x00000007   PAD
    0x20000020   0x00002abc   0x00000008   Data   RW          337    .data               dcmotors.o
    0x20000028   0x00002ac4   0x00000008   Data   RW          693    .data               systicktimer.o
    0x20000030   0x00002acc   0x00000019   Data   RW          740    .data               timer32.o
    0x20000049   0x00002ae5   0x00000003   PAD
    0x2000004c   0x00002ae8   0x00000004   Data   RW          926    .data               system_msp432p4111.o


    Execution Region ER_ZI (Exec base: 0x20000050, Load base: 0x00002aec, Size: 0x000010c8, Max: 0xffffffff, ABSOLUTE)

    Exec Addr    Load Addr    Size         Type   Attr      Idx    E Section Name        Object

    0x20000050        -       0x00000100   Zero   RW          137    .bss                car.o
    0x20000150        -       0x00000100   Zero   RW          272    .bss                controlpins.o
    0x20000250        -       0x00000c3c   Zero   RW          511    .bss                oled.o
    0x20000e8c        -       0x00000028   Zero   RW          795    .bss                timera.o
    0x20000eb4        -       0x00000060   Zero   RW         1070    .bss                c_w.l(libspace.o)
    0x20000f14   0x00002aec   0x00000004   PAD
    0x20000f18        -       0x00000000   Zero   RW          915    HEAP                startup_msp432p4111_uvision.o
    0x20000f18        -       0x00000200   Zero   RW          914    STACK               startup_msp432p4111_uvision.o


==============================================================================

Image component sizes


      Code (inc. data)   RO Data    RW Data    ZI Data      Debug   Object Name

       204         30          0          0          0       7873   adc14.o
       432        212          0          1          0       1963   bluetooth.o
       312         18          0          4          0       2516   camera.o
       740        198          0          8        256       4498   car.o
       428         60          0          9        256       2976   controlpins.o
        32          0          0          0          0        548   cortexm.o
       788         94          0          8          0       2990   dcmotors.o
       216         24          0          0          0       1935   i2c.o
       136         12          0          0          0        816   leds.o
       626         34          0          0       3132       5477   oled.o
       116         18          0          0          0       1090   servomotor.o
        60         22        324          0        512        904   startup_msp432p4111_uvision.o
       136         12          0          0          0        846   switches.o
       148         26          0          4          0        751   system_msp432p4111.o
       120         18          0          8          0       2701   systicktimer.o
       328         70          0         25          0       3131   timer32.o
       608         42          0          0         40       3706   timera.o
       270         34          0          0          0       2856   uart.o

    ----------------------------------------------------------------------
      5704        924        356         80       4196      47577   Object Totals
         0          0         32          0          0          0   (incl. Generated)
         4          0          0         13          0          0   (incl. Padding)

    ----------------------------------------------------------------------

      Code (inc. data)   RO Data    RW Data    ZI Data      Debug   Library Member Name

         8          0          0          0          0         68   __main.o
       104          0          0          0          0         84   __printf.o
         0          0          0          0          0          0   __rtentry.o
        12          0          0          0          0          0   __rtentry2.o
         6          0          0          0          0          0   __rtentry4.o
        52          8          0          0          0          0   __scatter.o
        26          0          0          0          0          0   __scatter_copy.o
        28          0          0          0          0          0   __scatter_zi.o
        28          0          0          0          0         68   _chval.o
        48          6          0          0          0         96   _printf_char_common.o
         6          0          0          0          0          0   _printf_d.o
       120         16          0          0          0         92   _printf_dec.o
       178          0          0          0          0         88   _printf_intcommon.o
         0          0          0          0          0          0   _printf_percent.o
         4          0          0          0          0          0   _printf_percent_end.o
        10          0          0          0          0         68   _sputc.o
       158          0          0          0          0         92   _strtoul.o
        26          0          0          0          0         80   atoi.o
        18          0          0          0          0         80   exit.o
         6          0          0          0          0        152   heapauxi.o
         0          0          0          0          0          0   indicate_semi.o
        44         10        272          0          0         76   lc_ctype_c.o
         2          0          0          0          0          0   libinit.o
        24          0          0          0          0          0   libinit2.o
         2          0          0          0          0          0   libshutdown.o
         2          0          0          0          0          0   libshutdown2.o
         8          4          0          0         96         68   libspace.o
        40          6          0          0          0         84   noretval__2sprintf.o
        16          4          0          0          0         76   rt_ctype_table.o
         8          4          0          0          0         68   rt_errno_addr_intlibspace.o
         8          4          0          0          0         68   rt_locale_intlibspace.o
        68          0          0          0          0         68   rt_memclr.o
        78          0          0          0          0         80   rt_memclr_w.o
         2          0          0          0          0          0   rtexit.o
        10          0          0          0          0          0   rtexit2.o
       128          0          0          0          0         68   strcmpv7m.o
       112          0          0          0          0         88   strtol.o
        12          4          0          0          0         68   sys_exit.o
        74          0          0          0          0         80   sys_stackheap_outer.o
         2          0          0          0          0         68   use_no_semi.o
       826         16          0          0          0        492   daddsub_clz.o
        24          0          0          0          0        116   dcmpi.o
       688        140          0          0          0        256   ddiv.o
        94          4          0          0          0        140   dfix.o
        90          4          0          0          0        140   dfixu.o
        84          0          0          0          0        232   dflt_clz.o
       120          4          0          0          0        140   dleqf.o
       340         12          0          0          0        152   dmul.o
       156          4          0          0          0        140   dnaninf.o
        12          0          0          0          0        116   dretinf.o
       108          0          0          0          0        128   drleqf.o
        86          4          0          0          0        132   f2d.o
       140          4          0          0          0        132   fnaninf.o
        10          0          0          0          0        116   fpinit.o
         0          0          0          0          0          0   usenofp.o
        20          0          0          0          0        124   fabs.o
       280         28          0          0          0        156   floor.o

    ----------------------------------------------------------------------
      4576        286        272          0        100       4640   Library Totals
        20          0          0          0          4          0   (incl. Padding)

    ----------------------------------------------------------------------

      Code (inc. data)   RO Data    RW Data    ZI Data      Debug   Library Name

      1478         66        272          0         96       1928   c_w.l
      2778        192          0          0          0       2432   fz_wm.l
       300         28          0          0          0        280   m_wm.l

    ----------------------------------------------------------------------
      4576        286        272          0        100       4640   Library Totals

    ----------------------------------------------------------------------

==============================================================================


      Code (inc. data)   RO Data    RW Data    ZI Data      Debug   

     10280       1210        628         80       4296      44177   Grand Totals
     10280       1210        628         80       4296      44177   ELF Image Totals
     10280       1210        628         80          0          0   ROM Totals

==============================================================================

    Total RO  Size (Code + RO Data)                10908 (  10.65kB)
    Total RW  Size (RW Data + ZI Data)              4376 (   4.27kB)
    Total ROM Size (Code + RO Data + RW Data)      10988 (  10.73kB)

==============================================================================

