<html>
<body>
<pre>
<h1>µVision Build Log</h1>
<h2>Tool Versions:</h2>
IDE-Version: µVision V5.38.0.0
Copyright (C) 2022 ARM Ltd and ARM Germany GmbH. All rights reserved.
License Information: Quentin Ramos, Rochester Institute of Technology, LIC=----
 
Tool Versions:
Toolchain:       MDK-Lite  Version: 5.38.0.0
Toolchain Path:  D:\Programming\Keil\ARM\ARM Compiler 5\Bin
C Compiler:      Armcc.exe V5.06 update 7 (build 960)
Assembler:       Armasm.exe V5.06 update 7 (build 960)
Linker/Locator:  ArmLink.exe V5.06 update 7 (build 960)
Library Manager: ArmAr.exe V5.06 update 7 (build 960)
Hex Converter:   FromElf.exe V5.06 update 7 (build 960)
CPU DLL:         SARMCM3.DLL V5.38.0.0
Dialog DLL:      DCM.DLL V1.17.5.0
Target DLL:      CMSIS_AGDI.dll V1.33.15.0
Dialog DLL:      TCM.DLL V1.56.4.0
 
<h2>Project:</h2>
F:\IDE\Car\MILESTONE #1\Car.uvprojx
Project File Date:  11/01/2023

<h2>Output:</h2>
*** Using Compiler 'V5.06 update 7 (build 960)', folder: 'D:\Programming\Keil\ARM\ARM Compiler 5\Bin'
Rebuild target 'Target 1'
compiling PID.c...
compiling CortexM.c...
compiling DCMotors.c...
compiling I2C.c...
compiling ServoMotor.c...
compiling ControlPins.c...
compiling OLED.c...
compiling ADC14.c...
compiling Switches.c...
compiling LEDs.c...
compiling SysTickTimer.c...
compiling Bluetooth.c...
compiling CAR.c...
compiling Timer32.c...
assembling startup_msp432p4111_uvision.s...
compiling Camera.c...
compiling TimerA.c...
compiling UART.c...
compiling system_msp432p4111.c...
linking...
Program Size: Code=10280 RO-data=628 RW-data=80 ZI-data=4296  
".\Objects\Car.axf" - 0 Error(s), 0 Warning(s).

<h2>Software Packages used:</h2>

Package Vendor: ARM
                http://www.keil.com/pack/ARM.CMSIS.5.9.0.pack
                ARM.CMSIS.5.9.0
                CMSIS (Common Microcontroller Software Interface Standard)
   * Component: CORE Version: 5.6.0

Package Vendor: TexasInstruments
                http://software-dl.ti.com/msp430/msp430_public_sw/mcu/msp430/msp432cmsis/latest/exports/TexasInstruments.MSP432P4xx_DFP.3.2.6.pack
                TexasInstruments.MSP432P4xx_DFP.3.2.6
                Device Family Pack for Texas Instruments SimpleLink(TM) MSP432 Series
   * Component: Startup Version: 3.2.2

<h2>Collection of Component include folders:</h2>
  ./RTE/_Target_1
  C:/Users/qkram/AppData/Local/Arm/Packs/ARM/CMSIS/5.9.0/CMSIS/Core/Include
  C:/Users/qkram/AppData/Local/Arm/Packs/TexasInstruments/MSP432P4xx_DFP/3.2.6/Device/Include

<h2>Collection of Component Files used:</h2>

   * Component: ARM::CMSIS:CORE:5.6.0

   * Component: TexasInstruments::Device:Startup:3.2.2
      Source file:   Device/Source/startup_msp432p4111_uvision.s
      Include file:  Device/Include/msp_compatibility.h
      Source file:   Examples/EmptyMain/main.c
      Source file:   Device/Source/system_msp432p4111.c
      Source file:   Examples/BlinkLED/blinkLED.c
Build Time Elapsed:  00:00:08
</pre>
</body>
</html>
