Component: ARM Compiler 5.06 update 7 (build 960) Tool: armlink [4d3601]

==============================================================================

Section Cross References

    car.o(i.countDown) refers to oled.o(i.clear_OLED) for clear_OLED
    car.o(i.countDown) refers to oled.o(i.OLED_Print) for OLED_Print
    car.o(i.countDown) refers to car.o(i.redFlash) for redFlash
    car.o(i.countDown) refers to leds.o(i.LED2_On) for LED2_On
    car.o(i.countDown) refers to car.o(.data) for .data
    car.o(i.initCar) refers to cortexm.o(.emb_text) for DisableInterrupts
    car.o(i.initCar) refers to servomotor.o(i.initServo) for initServo
    car.o(i.initCar) refers to dcmotors.o(i.initDC) for initDC
    car.o(i.initCar) refers to camera.o(i.initCamera) for initCamera
    car.o(i.initCar) refers to startmenu.o(.data) for setSpeed
    car.o(i.main) refers to car.o(i.initCar) for initCar
    car.o(i.main) refers to camera.o(i.data_smoother) for data_smoother
    car.o(i.main) refers to camera.o(i.track_position) for track_position
    car.o(i.main) refers to pid.o(i.compute_pid) for compute_pid
    car.o(i.main) refers to dcmotors.o(i.stop) for stop
    car.o(i.main) refers to camera.o(i.carpetDetection) for carpetDetection
    car.o(i.main) refers to car.o(i.steer) for steer
    car.o(i.main) refers to controlpins.o(.data) for g_sendData
    car.o(i.main) refers to car.o(.data) for .data
    car.o(i.main) refers to car.o(.bss) for .bss
    car.o(i.main) refers to controlpins.o(.bss) for line
    car.o(i.redFlash) refers to leds.o(i.LED2_On) for LED2_On
    car.o(i.redFlash) refers to car.o(i.delay_ms) for delay_ms
    car.o(i.redFlash) refers to leds.o(i.LED2_Off) for LED2_Off
    car.o(i.steer) refers to fabs.o(i.__hardfp_fabs) for __hardfp_fabs
    car.o(i.steer) refers to drleqf.o(x$fpl$drleqf) for __aeabi_cdrcmple
    car.o(i.steer) refers to servomotor.o(i.toggleServo) for toggleServo
    car.o(i.steer) refers to dcmotors.o(i.differentialTurn) for differentialTurn
    car.o(i.steer) refers to dmul.o(x$fpl$dmul) for __aeabi_dmul
    car.o(i.steer) refers to daddsub_clz.o(x$fpl$dadd) for __aeabi_dadd
    car.o(i.steer) refers to dcmotors.o(i.drive) for drive
    car.o(i.steer) refers to startmenu.o(.data) for setSpeed
    camera.o(i.initCamera) refers to controlpins.o(i.ControlPin_SI_Init) for ControlPin_SI_Init
    camera.o(i.initCamera) refers to controlpins.o(i.ControlPin_CLK_Init) for ControlPin_CLK_Init
    camera.o(i.initCamera) refers to adc14.o(i.ADC0_InitSWTriggerCh6) for ADC0_InitSWTriggerCh6
    camera.o(i.initCamera) refers to controlpins.o(.data) for g_sendData
    camera.o(i.track_position) refers to dflt_clz.o(x$fpl$dfltu) for __aeabi_ui2d
    camera.o(i.track_position) refers to daddsub_clz.o(x$fpl$dadd) for __aeabi_dadd
    camera.o(i.track_position) refers to dflt_clz.o(x$fpl$dflt) for __aeabi_i2d
    camera.o(i.track_position) refers to ddiv.o(x$fpl$ddiv) for __aeabi_ddiv
    controlpins.o(i.CLK_Handler) refers to adc14.o(i.ADC_In) for ADC_In
    controlpins.o(i.CLK_Handler) refers to systicktimer.o(i.DisableSysTickTimer) for DisableSysTickTimer
    controlpins.o(i.CLK_Handler) refers to controlpins.o(.bss) for .bss
    controlpins.o(i.CLK_Handler) refers to controlpins.o(.data) for .data
    controlpins.o(i.ControlPin_CLK_Init) refers to dflt_clz.o(x$fpl$dfltu) for __aeabi_ui2d
    controlpins.o(i.ControlPin_CLK_Init) refers to ddiv.o(x$fpl$ddiv) for __aeabi_ddiv
    controlpins.o(i.ControlPin_CLK_Init) refers to dfixu.o(x$fpl$dfixu) for __aeabi_d2uiz
    controlpins.o(i.ControlPin_CLK_Init) refers to systicktimer.o(i.SysTickTimer_Init) for SysTickTimer_Init
    controlpins.o(i.ControlPin_CLK_Init) refers to systicktimer.o(i.DisableSysTickTimer) for DisableSysTickTimer
    controlpins.o(i.ControlPin_CLK_Init) refers to system_msp432p4111.o(.data) for SystemCoreClock
    controlpins.o(i.ControlPin_CLK_Init) refers to controlpins.o(i.CLK_Handler) for CLK_Handler
    controlpins.o(i.ControlPin_SI_Init) refers to timer32.o(i.CalcPeriodFromFrequency) for CalcPeriodFromFrequency
    controlpins.o(i.ControlPin_SI_Init) refers to timer32.o(i.Timer32_1_Init) for Timer32_1_Init
    controlpins.o(i.ControlPin_SI_Init) refers to controlpins.o(i.SI_Handler) for SI_Handler
    controlpins.o(i.SI_Handler) refers to controlpins.o(i.CLK_Handler) for CLK_Handler
    controlpins.o(i.SI_Handler) refers to systicktimer.o(i.EnableSysTickTimer) for EnableSysTickTimer
    cortexm.o(i.Clock_Delay1ms) refers to cortexm.o(.emb_text) for delay
    dcmotors.o(i.differentialTurn) refers to drleqf.o(x$fpl$drleqf) for __aeabi_cdrcmple
    dcmotors.o(i.differentialTurn) refers to fabs.o(i.__hardfp_fabs) for __hardfp_fabs
    dcmotors.o(i.differentialTurn) refers to ddiv.o(x$fpl$ddiv) for __aeabi_ddiv
    dcmotors.o(i.differentialTurn) refers to dmul.o(x$fpl$dmul) for __aeabi_dmul
    dcmotors.o(i.differentialTurn) refers to daddsub_clz.o(x$fpl$dsub) for __aeabi_dsub
[...]
    _printf_percent.o(.ARM.Collect$$_printf_percent$$00000000) refers (Special) to _printf_percent_end.o(.ARM.Collect$$_printf_percent$$00000017) for _printf_percent_end
    rt_memclr.o(.text) refers to rt_memclr_w.o(.text) for _memset_w
    __main.o(!!!main) refers to __rtentry.o(.ARM.Collect$$rtentry$$00000000) for __rt_entry
    daddsub_clz.o(x$fpl$dadd) refers (Special) to usenofp.o(x$fpl$usenofp) for __I$use$fp
    daddsub_clz.o(x$fpl$dadd) refers to daddsub_clz.o(x$fpl$dsub) for _dsub1
    daddsub_clz.o(x$fpl$dadd) refers to dretinf.o(x$fpl$dretinf) for __fpl_dretinf
    daddsub_clz.o(x$fpl$dadd) refers to dnaninf.o(x$fpl$dnaninf) for __fpl_dnaninf
    daddsub_clz.o(x$fpl$drsb) refers (Special) to usenofp.o(x$fpl$usenofp) for __I$use$fp
    daddsub_clz.o(x$fpl$drsb) refers to daddsub_clz.o(x$fpl$dadd) for _dadd1
    daddsub_clz.o(x$fpl$drsb) refers to daddsub_clz.o(x$fpl$dsub) for _dsub1
    daddsub_clz.o(x$fpl$dsub) refers (Special) to usenofp.o(x$fpl$usenofp) for __I$use$fp
    daddsub_clz.o(x$fpl$dsub) refers to daddsub_clz.o(x$fpl$dadd) for _dadd1
    daddsub_clz.o(x$fpl$dsub) refers to dnaninf.o(x$fpl$dnaninf) for __fpl_dnaninf
    ddiv.o(x$fpl$drdiv) refers (Special) to usenofp.o(x$fpl$usenofp) for __I$use$fp
    ddiv.o(x$fpl$drdiv) refers to ddiv.o(x$fpl$ddiv) for ddiv_entry
    ddiv.o(x$fpl$ddiv) refers (Special) to usenofp.o(x$fpl$usenofp) for __I$use$fp
    ddiv.o(x$fpl$ddiv) refers to dretinf.o(x$fpl$dretinf) for __fpl_dretinf
    ddiv.o(x$fpl$ddiv) refers to dnaninf.o(x$fpl$dnaninf) for __fpl_dnaninf
    dfix.o(x$fpl$dfix) refers (Special) to usenofp.o(x$fpl$usenofp) for __I$use$fp
    dfix.o(x$fpl$dfix) refers to dnaninf.o(x$fpl$dnaninf) for __fpl_dnaninf
    dfix.o(x$fpl$dfixr) refers (Special) to usenofp.o(x$fpl$usenofp) for __I$use$fp
    dfix.o(x$fpl$dfixr) refers to dnaninf.o(x$fpl$dnaninf) for __fpl_dnaninf
    dfixu.o(x$fpl$dfixu) refers (Special) to usenofp.o(x$fpl$usenofp) for __I$use$fp
    dfixu.o(x$fpl$dfixu) refers to dnaninf.o(x$fpl$dnaninf) for __fpl_dnaninf
    dfixu.o(x$fpl$dfixur) refers (Special) to usenofp.o(x$fpl$usenofp) for __I$use$fp
    dfixu.o(x$fpl$dfixur) refers to dnaninf.o(x$fpl$dnaninf) for __fpl_dnaninf
    dflt_clz.o(x$fpl$dfltu) refers (Special) to usenofp.o(x$fpl$usenofp) for __I$use$fp
    dflt_clz.o(x$fpl$dflt) refers (Special) to usenofp.o(x$fpl$usenofp) for __I$use$fp
    dflt_clz.o(x$fpl$dfltn) refers (Special) to usenofp.o(x$fpl$usenofp) for __I$use$fp
    dleqf.o(x$fpl$dleqf) refers (Special) to usenofp.o(x$fpl$usenofp) for __I$use$fp
    dleqf.o(x$fpl$dleqf) refers to dnaninf.o(x$fpl$dnaninf) for __fpl_dnaninf
    dleqf.o(x$fpl$dleqf) refers to dcmpi.o(x$fpl$dcmpinf) for __fpl_dcmp_Inf
    dmul.o(x$fpl$dmul) refers (Special) to usenofp.o(x$fpl$usenofp) for __I$use$fp
    dmul.o(x$fpl$dmul) refers to dretinf.o(x$fpl$dretinf) for __fpl_dretinf
    dmul.o(x$fpl$dmul) refers to dnaninf.o(x$fpl$dnaninf) for __fpl_dnaninf
    drleqf.o(x$fpl$drleqf) refers (Special) to usenofp.o(x$fpl$usenofp) for __I$use$fp
    drleqf.o(x$fpl$drleqf) refers to dleqf.o(x$fpl$dleqf) for __fpl_dcmple_InfNaN
    fabs.o(i.__hardfp_fabs) refers (Special) to usenofp.o(x$fpl$usenofp) for __I$use$fp
    fabs.o(i.__softfp_fabs) refers (Special) to usenofp.o(x$fpl$usenofp) for __I$use$fp
    fabs.o(i.fabs) refers (Special) to usenofp.o(x$fpl$usenofp) for __I$use$fp
    floor.o(i.__hardfp_floor) refers (Special) to usenofp.o(x$fpl$usenofp) for __I$use$fp
    floor.o(i.__hardfp_floor) refers to daddsub_clz.o(x$fpl$dadd) for __aeabi_dadd
    floor.o(i.__hardfp_floor) refers to drleqf.o(x$fpl$drleqf) for __aeabi_cdrcmple
    floor.o(i.__hardfp_floor) refers to daddsub_clz.o(x$fpl$drsb) for __aeabi_drsub
    floor.o(i.__softfp_floor) refers (Special) to usenofp.o(x$fpl$usenofp) for __I$use$fp
    floor.o(i.__softfp_floor) refers to floor.o(i.__hardfp_floor) for __hardfp_floor
    floor.o(i.floor) refers (Special) to usenofp.o(x$fpl$usenofp) for __I$use$fp
    floor.o(i.floor) refers to floor.o(i.__hardfp_floor) for __hardfp_floor
    __rtentry.o(.ARM.Collect$$rtentry$$00000000) refers (Special) to __rtentry2.o(.ARM.Collect$$rtentry$$0000000A) for __rt_entry_li
    __rtentry.o(.ARM.Collect$$rtentry$$00000000) refers (Special) to __rtentry2.o(.ARM.Collect$$rtentry$$0000000D) for __rt_entry_main
    __rtentry.o(.ARM.Collect$$rtentry$$00000000) refers (Special) to __rtentry2.o(.ARM.Collect$$rtentry$$0000000C) for __rt_entry_postli_1
    __rtentry.o(.ARM.Collect$$rtentry$$00000000) refers (Special) to __rtentry2.o(.ARM.Collect$$rtentry$$00000009) for __rt_entry_postsh_1
    __rtentry.o(.ARM.Collect$$rtentry$$00000000) refers (Special) to __rtentry2.o(.ARM.Collect$$rtentry$$00000002) for __rt_entry_presh_1
    __rtentry.o(.ARM.Collect$$rtentry$$00000000) refers (Special) to __rtentry4.o(.ARM.Collect$$rtentry$$00000004) for __rt_entry_sh
    _printf_intcommon.o(.text) refers (Weak) to _printf_pad.o(.text) for _printf_pre_padding
    _printf_intcommon.o(.text) refers (Weak) to _printf_pad.o(.text) for _printf_pre_padding
    _printf_intcommon.o(.text) refers (Weak) to _printf_pad.o(.text) for _printf_post_padding
    _printf_char_common.o(.text) refers to __printf_flags_wp.o(.text) for __printf
    dcmpi.o(x$fpl$dcmpinf) refers (Special) to usenofp.o(x$fpl$usenofp) for __I$use$fp
    dnaninf.o(x$fpl$dnaninf) refers (Special) to usenofp.o(x$fpl$usenofp) for __I$use$fp
    dretinf.o(x$fpl$dretinf) refers (Special) to usenofp.o(x$fpl$usenofp) for __I$use$fp
    __rtentry2.o(.ARM.Collect$$rtentry$$00000008) refers to boardinit2.o(.text) for _platform_post_stackheap_init
    __rtentry2.o(.ARM.Collect$$rtentry$$0000000A) refers to libinit.o(.ARM.Collect$$libinit$$00000000) for __rt_lib_init
    __rtentry2.o(.ARM.Collect$$rtentry$$0000000B) refers to boardinit3.o(.text) for _platform_post_lib_init
    __rtentry2.o(.ARM.Collect$$rtentry$$0000000D) refers to car.o(i.main) for main
    __rtentry2.o(.ARM.Collect$$rtentry$$0000000D) refers to exit.o(.text) for exit
    __rtentry2.o(.ARM.exidx) refers to __rtentry2.o(.ARM.Collect$$rtentry$$00000001) for .ARM.Collect$$rtentry$$00000001
    __rtentry2.o(.ARM.exidx) refers to __rtentry2.o(.ARM.Collect$$rtentry$$00000008) for .ARM.Collect$$rtentry$$00000008
    __rtentry2.o(.ARM.exidx) refers to __rtentry2.o(.ARM.Collect$$rtentry$$0000000A) for .ARM.Collect$$rtentry$$0000000A
    __rtentry2.o(.ARM.exidx) refers to __rtentry2.o(.ARM.Collect$$rtentry$$0000000B) for .ARM.Collect$$rtentry$$0000000B
    __rtentry2.o(.ARM.exidx) refers to __rtentry2.o(.ARM.Collect$$rtentry$$0000000D) for .ARM.Collect$$rtentry$$0000000D
    __rtentry4.o(.ARM.Collect$$rtentry$$00000004) refers to sys_stackheap_outer.o(.text) for __user_setup_stackheap
    __rtentry4.o(.ARM.exidx) refers to __rtentry4.o(.ARM.Collect$$rtentry$$00000004) for .ARM.Collect$$rtentry$$00000004
    sys_stackheap_outer.o(.text) refers to libspace.o(.text) for __user_perproc_libspace
    sys_stackheap_outer.o(.text) refers to startup_msp432p4111_uvision.o(.text) for __user_initial_stackheap
    exit.o(.text) refers to rtexit.o(.ARM.Collect$$rtexit$$00000000) for __rt_exit
    libinit.o(.ARM.Collect$$libinit$$00000000) refers (Special) to libinit2.o(.ARM.Collect$$libinit$$0000002E) for __rt_lib_init_alloca_1
    libinit.o(.ARM.Collect$$libinit$$00000000) refers (Special) to libinit2.o(.ARM.Collect$$libinit$$0000002C) for __rt_lib_init_argv_1
    libinit.o(.ARM.Collect$$libinit$$00000000) refers (Special) to libinit2.o(.ARM.Collect$$libinit$$0000001B) for __rt_lib_init_atexit_1
    libinit.o(.ARM.Collect$$libinit$$00000000) refers (Special) to libinit2.o(.ARM.Collect$$libinit$$00000021) for __rt_lib_init_clock_1
    libinit.o(.ARM.Collect$$libinit$$00000000) refers (Special) to libinit2.o(.ARM.Collect$$libinit$$00000032) for __rt_lib_init_cpp_1
    libinit.o(.ARM.Collect$$libinit$$00000000) refers (Special) to libinit2.o(.ARM.Collect$$libinit$$00000030) for __rt_lib_init_exceptions_1
    libinit.o(.ARM.Collect$$libinit$$00000000) refers (Special) to libinit2.o(.ARM.Collect$$libinit$$00000001) for __rt_lib_init_fp_1
    libinit.o(.ARM.Collect$$libinit$$00000000) refers (Special) to libinit2.o(.ARM.Collect$$libinit$$0000001F) for __rt_lib_init_fp_trap_1
    libinit.o(.ARM.Collect$$libinit$$00000000) refers (Special) to libinit2.o(.ARM.Collect$$libinit$$00000023) for __rt_lib_init_getenv_1
    libinit.o(.ARM.Collect$$libinit$$00000000) refers (Special) to libinit2.o(.ARM.Collect$$libinit$$0000000A) for __rt_lib_init_heap_1
    libinit.o(.ARM.Collect$$libinit$$00000000) refers (Special) to libinit2.o(.ARM.Collect$$libinit$$00000011) for __rt_lib_init_lc_collate_1
    libinit.o(.ARM.Collect$$libinit$$00000000) refers (Special) to libinit2.o(.ARM.Collect$$libinit$$00000013) for __rt_lib_init_lc_ctype_1
    libinit.o(.ARM.Collect$$libinit$$00000000) refers (Special) to libinit2.o(.ARM.Collect$$libinit$$00000015) for __rt_lib_init_lc_monetary_1
    libinit.o(.ARM.Collect$$libinit$$00000000) refers (Special) to libinit2.o(.ARM.Collect$$libinit$$00000017) for __rt_lib_init_lc_numeric_1
    libinit.o(.ARM.Collect$$libinit$$00000000) refers (Special) to libinit2.o(.ARM.Collect$$libinit$$00000019) for __rt_lib_init_lc_time_1
    libinit.o(.ARM.Collect$$libinit$$00000000) refers (Special) to libinit2.o(.ARM.Collect$$libinit$$00000004) for __rt_lib_init_preinit_1
    libinit.o(.ARM.Collect$$libinit$$00000000) refers (Special) to libinit2.o(.ARM.Collect$$libinit$$0000000E) for __rt_lib_init_rand_1
    libinit.o(.ARM.Collect$$libinit$$00000000) refers (Special) to libinit2.o(.ARM.Collect$$libinit$$00000033) for __rt_lib_init_return
    libinit.o(.ARM.Collect$$libinit$$00000000) refers (Special) to libinit2.o(.ARM.Collect$$libinit$$0000001D) for __rt_lib_init_signal_1
    libinit.o(.ARM.Collect$$libinit$$00000000) refers (Special) to libinit2.o(.ARM.Collect$$libinit$$00000025) for __rt_lib_init_stdio_1
    libinit.o(.ARM.Collect$$libinit$$00000000) refers (Special) to libinit2.o(.ARM.Collect$$libinit$$0000000C) for __rt_lib_init_user_alloc_1
    libspace.o(.text) refers to libspace.o(.bss) for __libspace_start
    rtexit.o(.ARM.Collect$$rtexit$$00000000) refers (Special) to rtexit2.o(.ARM.Collect$$rtexit$$00000004) for __rt_exit_exit
    rtexit.o(.ARM.Collect$$rtexit$$00000000) refers (Special) to rtexit2.o(.ARM.Collect$$rtexit$$00000003) for __rt_exit_ls
    rtexit.o(.ARM.Collect$$rtexit$$00000000) refers (Special) to rtexit2.o(.ARM.Collect$$rtexit$$00000002) for __rt_exit_prels_1
    rtexit.o(.ARM.exidx) refers (Special) to rtexit2.o(.ARM.Collect$$rtexit$$00000004) for __rt_exit_exit
    rtexit.o(.ARM.exidx) refers (Special) to rtexit2.o(.ARM.Collect$$rtexit$$00000003) for __rt_exit_ls
    rtexit.o(.ARM.exidx) refers (Special) to rtexit2.o(.ARM.Collect$$rtexit$$00000002) for __rt_exit_prels_1
    rtexit.o(.ARM.exidx) refers to rtexit.o(.ARM.Collect$$rtexit$$00000000) for .ARM.Collect$$rtexit$$00000000
    libinit2.o(.ARM.Collect$$libinit$$00000001) refers to fpinit.o(x$fpl$fpinit) for _fp_init
    libinit2.o(.ARM.Collect$$libinit$$00000010) refers to libinit2.o(.ARM.Collect$$libinit$$0000000F) for .ARM.Collect$$libinit$$0000000F
    libinit2.o(.ARM.Collect$$libinit$$00000012) refers to libinit2.o(.ARM.Collect$$libinit$$0000000F) for .ARM.Collect$$libinit$$0000000F
    libinit2.o(.ARM.Collect$$libinit$$00000014) refers to libinit2.o(.ARM.Collect$$libinit$$0000000F) for .ARM.Collect$$libinit$$0000000F
    libinit2.o(.ARM.Collect$$libinit$$00000016) refers to libinit2.o(.ARM.Collect$$libinit$$0000000F) for .ARM.Collect$$libinit$$0000000F
    libinit2.o(.ARM.Collect$$libinit$$00000018) refers to libinit2.o(.ARM.Collect$$libinit$$0000000F) for .ARM.Collect$$libinit$$0000000F
    libinit2.o(.ARM.Collect$$libinit$$00000026) refers to argv_veneer.o(.emb_text) for __ARM_argv_veneer
    libinit2.o(.ARM.Collect$$libinit$$00000027) refers to argv_veneer.o(.emb_text) for __ARM_argv_veneer
    rtexit2.o(.ARM.Collect$$rtexit$$00000003) refers to libshutdown.o(.ARM.Collect$$libshutdown$$00000000) for __rt_lib_shutdown
    rtexit2.o(.ARM.Collect$$rtexit$$00000004) refers to sys_exit.o(.text) for _sys_exit
    rtexit2.o(.ARM.exidx) refers to rtexit2.o(.ARM.Collect$$rtexit$$00000001) for .ARM.Collect$$rtexit$$00000001
    rtexit2.o(.ARM.exidx) refers to rtexit2.o(.ARM.Collect$$rtexit$$00000003) for .ARM.Collect$$rtexit$$00000003
    rtexit2.o(.ARM.exidx) refers to rtexit2.o(.ARM.Collect$$rtexit$$00000004) for .ARM.Collect$$rtexit$$00000004
    argv_veneer.o(.emb_text) refers to no_argv.o(.text) for __ARM_get_argv
    sys_exit.o(.text) refers (Special) to use_no_semi.o(.text) for __I$use$semihosting
    sys_exit.o(.text) refers (Special) to indicate_semi.o(.text) for __semihosting_library_function
    _get_argv_nomalloc.o(.text) refers (Special) to hrguard.o(.text) for __heap_region$guard
    _get_argv_nomalloc.o(.text) refers to defsig_rtmem_outer.o(.text) for __rt_SIGRTMEM
    _get_argv_nomalloc.o(.text) refers to sys_command.o(.text) for _sys_command_string
    libshutdown.o(.ARM.Collect$$libshutdown$$00000000) refers (Special) to libshutdown2.o(.ARM.Collect$$libshutdown$$00000004) for __rt_lib_shutdown_cpp_1
    libshutdown.o(.ARM.Collect$$libshutdown$$00000000) refers (Special) to libshutdown2.o(.ARM.Collect$$libshutdown$$00000002) for __rt_lib_shutdown_fini_1
    libshutdown.o(.ARM.Collect$$libshutdown$$00000000) refers (Special) to libshutdown2.o(.ARM.Collect$$libshutdown$$00000009) for __rt_lib_shutdown_fp_trap_1
    libshutdown.o(.ARM.Collect$$libshutdown$$00000000) refers (Special) to libshutdown2.o(.ARM.Collect$$libshutdown$$00000011) for __rt_lib_shutdown_heap_1
    libshutdown.o(.ARM.Collect$$libshutdown$$00000000) refers (Special) to libshutdown2.o(.ARM.Collect$$libshutdown$$00000012) for __rt_lib_shutdown_return
    libshutdown.o(.ARM.Collect$$libshutdown$$00000000) refers (Special) to libshutdown2.o(.ARM.Collect$$libshutdown$$0000000C) for __rt_lib_shutdown_signal_1
    libshutdown.o(.ARM.Collect$$libshutdown$$00000000) refers (Special) to libshutdown2.o(.ARM.Collect$$libshutdown$$00000006) for __rt_lib_shutdown_stdio_1
    libshutdown.o(.ARM.Collect$$libshutdown$$00000000) refers (Special) to libshutdown2.o(.ARM.Collect$$libshutdown$$0000000E) for __rt_lib_shutdown_user_alloc_1
    sys_command.o(.text) refers (Special) to use_no_semi.o(.text) for __I$use$semihosting
    sys_command.o(.text) refers (Special) to indicate_semi.o(.text) for __semihosting_library_function
    defsig_rtmem_outer.o(.text) refers to defsig_rtmem_inner.o(.text) for __rt_SIGRTMEM_inner
    defsig_rtmem_outer.o(.text) refers to defsig_exit.o(.text) for __sig_exit
    defsig_rtmem_formal.o(.text) refers to rt_raise.o(.text) for __rt_raise
    rt_raise.o(.text) refers to __raise.o(.text) for __raise
    rt_raise.o(.text) refers to sys_exit.o(.text) for _sys_exit
    defsig_exit.o(.text) refers to sys_exit.o(.text) for _sys_exit
    defsig_rtmem_inner.o(.text) refers to defsig_general.o(.text) for __default_signal_display
    __raise.o(.text) refers to defsig.o(CL$$defsig) for __default_signal_handler
    defsig_general.o(.text) refers to sys_wrch.o(.text) for _ttywrch
    sys_wrch.o(.text) refers (Special) to use_no_semi.o(.text) for __I$use$semihosting
    sys_wrch.o(.text) refers (Special) to indicate_semi.o(.text) for __semihosting_library_function
    defsig.o(CL$$defsig) refers to defsig_rtmem_inner.o(.text) for __rt_SIGRTMEM_inner
    defsig_abrt_inner.o(.text) refers to defsig_general.o(.text) for __default_signal_display
    defsig_fpe_inner.o(.text) refers to defsig_general.o(.text) for __default_signal_display
    defsig_rtred_inner.o(.text) refers to defsig_general.o(.text) for __default_signal_display
    defsig_stak_inner.o(.text) refers to defsig_general.o(.text) for __default_signal_display
    defsig_pvfn_inner.o(.text) refers to defsig_general.o(.text) for __default_signal_display
    defsig_cppl_inner.o(.text) refers to defsig_general.o(.text) for __default_signal_display
    defsig_segv_inner.o(.text) refers to defsig_general.o(.text) for __default_signal_display
    defsig_other.o(.text) refers to defsig_general.o(.text) for __default_signal_display


==============================================================================

Removing Unused input sections from the image.

    Removing car.o(.rev16_text), (4 bytes).
    Removing car.o(.revsh_text), (4 bytes).
    Removing car.o(.rrx_text), (6 bytes).
    Removing car.o(i.countDown), (100 bytes).
    Removing car.o(i.delay_ms), (20 bytes).
    Removing car.o(i.redFlash), (30 bytes).
    Removing car.o(.bss), (100 bytes).
    Removing adc14.o(.rev16_text), (4 bytes).
    Removing adc14.o(.revsh_text), (4 bytes).
    Removing adc14.o(.rrx_text), (6 bytes).
    Removing camera.o(.rev16_text), (4 bytes).
    Removing camera.o(.revsh_text), (4 bytes).
    Removing camera.o(.rrx_text), (6 bytes).
    Removing controlpins.o(.rev16_text), (4 bytes).
    Removing controlpins.o(.revsh_text), (4 bytes).
    Removing controlpins.o(.rrx_text), (6 bytes).
    Removing controlpins.o(.data), (4 bytes).
    Removing cortexm.o(i.Clock_Delay1ms), (24 bytes).
    Removing dcmotors.o(.rev16_text), (4 bytes).
    Removing dcmotors.o(.revsh_text), (4 bytes).
    Removing dcmotors.o(.rrx_text), (6 bytes).
    Removing dcmotors.o(i.disableMotors), (24 bytes).
    Removing i2c.o(.rev16_text), (4 bytes).
    Removing i2c.o(.revsh_text), (4 bytes).
    Removing i2c.o(.rrx_text), (6 bytes).
    Removing i2c.o(i.i2c0_Init), (76 bytes).
    Removing i2c.o(i.i2c0_put), (80 bytes).
    Removing i2c.o(i.i2c0_putchar), (16 bytes).
    Removing leds.o(.rev16_text), (4 bytes).
    Removing leds.o(.revsh_text), (4 bytes).
    Removing leds.o(.rrx_text), (6 bytes).
    Removing leds.o(i.LED1_Off), (16 bytes).
    Removing leds.o(i.LED1_On), (16 bytes).
    Removing leds.o(i.LED1_State), (20 bytes).
    Removing leds.o(i.LED2_Off), (16 bytes).
    Removing leds.o(i.LED2_On), (16 bytes).
    Removing leds.o(i.LED2_State), (32 bytes).
    Removing leds.o(i.initLED1), (56 bytes).
    Removing leds.o(i.initLED2), (56 bytes).
    Removing oled.o(.rev16_text), (4 bytes).
    Removing oled.o(.revsh_text), (4 bytes).
    Removing oled.o(.rrx_text), (6 bytes).
    Removing oled.o(i.OLED_ClearTextArr), (16 bytes).
    Removing oled.o(i.OLED_DisplayCameraData), (20 bytes).
    Removing oled.o(i.OLED_Init), (288 bytes).
    Removing oled.o(i.OLED_Print), (36 bytes).
    Removing oled.o(i.OLED_PrintLine), (56 bytes).
    Removing oled.o(i.OLED_display_clear), (28 bytes).
    Removing oled.o(i.OLED_display_off), (6 bytes).
    Removing oled.o(i.OLED_display_on), (6 bytes).
    Removing oled.o(i.OLED_draw), (72 bytes).
    Removing oled.o(i.OLED_draw_line), (42 bytes).
    Removing oled.o(i.OLED_sendCommand), (22 bytes).
    Removing oled.o(i.OLED_sendData), (40 bytes).
    Removing oled.o(i.OLED_write_display), (36 bytes).
    Removing oled.o(i.clear_OLED), (72 bytes).
    Removing oled.o(i.draw_1d_data), (132 bytes).
    Removing oled.o(.bss), (3132 bytes).
    Removing oled.o(.data), (1528 bytes).
    Removing oled.o(.data), (1 bytes).
    Removing servomotor.o(.rev16_text), (4 bytes).
    Removing servomotor.o(.revsh_text), (4 bytes).
    Removing servomotor.o(.rrx_text), (6 bytes).
    Removing startmenu.o(.rev16_text), (4 bytes).
    Removing startmenu.o(.revsh_text), (4 bytes).
    Removing startmenu.o(.rrx_text), (6 bytes).
    Removing startmenu.o(i.changeSpeed), (340 bytes).
    Removing startmenu.o(i.changeSteering), (268 bytes).
    Removing startmenu.o(i.delay), (12 bytes).
    Removing startmenu.o(i.openingScreen), (132 bytes).
    Removing startmenu.o(i.optionMenu), (140 bytes).
    Removing startmenu.o(i.quickStart), (132 bytes).
    Removing startmenu.o(i.setMode), (268 bytes).
    Removing startmenu.o(i.startMenu), (508 bytes).
    Removing switches.o(.rev16_text), (4 bytes).
    Removing switches.o(.revsh_text), (4 bytes).
    Removing switches.o(.rrx_text), (6 bytes).
    Removing switches.o(i.Switch1_Pressed), (20 bytes).
    Removing switches.o(i.Switch2_Pressed), (20 bytes).
    Removing switches.o(i.initSwitch1), (56 bytes).
    Removing switches.o(i.initSwitch2), (56 bytes).
    Removing systicktimer.o(.rev16_text), (4 bytes).
    Removing systicktimer.o(.revsh_text), (4 bytes).
    Removing systicktimer.o(.rrx_text), (6 bytes).
    Removing timer32.o(.rev16_text), (4 bytes).
    Removing timer32.o(.revsh_text), (4 bytes).
    Removing timer32.o(.rrx_text), (6 bytes).
    Removing timer32.o(i.MS_Timeout_Handler), (12 bytes).
    Removing timer32.o(i.Timer32_2_Init), (116 bytes).
    Removing timer32.o(.data), (8 bytes).
    Removing timera.o(.rev16_text), (4 bytes).
    Removing timera.o(.revsh_text), (4 bytes).
    Removing timera.o(.rrx_text), (6 bytes).
    Removing uart.o(.rev16_text), (4 bytes).
    Removing uart.o(.revsh_text), (4 bytes).
    Removing uart.o(.rrx_text), (6 bytes).
    Removing uart.o(i.uart0_dataAvailable), (20 bytes).
    Removing uart.o(i.uart0_getchar), (20 bytes).
    Removing uart.o(i.uart0_init), (80 bytes).
    Removing uart.o(i.uart0_put), (20 bytes).
    Removing uart.o(i.uart0_putchar), (16 bytes).
    Removing uart.o(i.uart2_dataAvailable), (20 bytes).
    Removing uart.o(i.uart2_getchar), (24 bytes).
    Removing uart.o(i.uart2_init), (76 bytes).
    Removing uart.o(i.uart2_put), (20 bytes).
    Removing uart.o(i.uart2_putchar), (20 bytes).
    Removing system_msp432p4111.o(.rev16_text), (4 bytes).
    Removing system_msp432p4111.o(.revsh_text), (4 bytes).
    Removing system_msp432p4111.o(.rrx_text), (6 bytes).
    Removing system_msp432p4111.o(i.SystemCoreClockUpdate), (508 bytes).

110 unused section(s) (total 9371 bytes) removed from the image.

==============================================================================

Image Symbol Table

    Local Symbols

    Symbol Name                              Value     Ov Type        Size  Object(Section)

    RESET                                    0x00000000   Section      324  startup_msp432p4111_uvision.o(RESET)
    ../clib/angel/boardlib.s                 0x00000000   Number         0  boardinit3.o ABSOLUTE
    ../clib/angel/boardlib.s                 0x00000000   Number         0  boardshut.o ABSOLUTE
    ../clib/angel/boardlib.s                 0x00000000   Number         0  boardinit1.o ABSOLUTE
    ../clib/angel/boardlib.s                 0x00000000   Number         0  boardinit2.o ABSOLUTE
    ../clib/angel/handlers.s                 0x00000000   Number         0  __scatter_zi.o ABSOLUTE
    ../clib/angel/handlers.s                 0x00000000   Number         0  __scatter_copy.o ABSOLUTE
    ../clib/angel/kernel.s                   0x00000000   Number         0  __rtentry2.o ABSOLUTE
    ../clib/angel/kernel.s                   0x00000000   Number         0  rtexit.o ABSOLUTE
    ../clib/angel/kernel.s                   0x00000000   Number         0  rtexit2.o ABSOLUTE
    ../clib/angel/kernel.s                   0x00000000   Number         0  __rtentry.o ABSOLUTE
    ../clib/angel/kernel.s                   0x00000000   Number         0  __rtentry4.o ABSOLUTE
    ../clib/angel/rt.s                       0x00000000   Number         0  rt_raise.o ABSOLUTE
    ../clib/angel/scatter.s                  0x00000000   Number         0  __scatter.o ABSOLUTE
    ../clib/angel/startup.s                  0x00000000   Number         0  __main.o ABSOLUTE
    ../clib/angel/sys.s                      0x00000000   Number         0  sys_stackheap_outer.o ABSOLUTE
    ../clib/angel/sys.s                      0x00000000   Number         0  libspace.o ABSOLUTE
    ../clib/angel/sys.s                      0x00000000   Number         0  indicate_semi.o ABSOLUTE
    ../clib/angel/sys.s                      0x00000000   Number         0  use_no_semi.o ABSOLUTE
    ../clib/angel/sysapp.c                   0x00000000   Number         0  sys_wrch.o ABSOLUTE
    ../clib/angel/sysapp.c                   0x00000000   Number         0  sys_exit.o ABSOLUTE
    ../clib/angel/sysapp.c                   0x00000000   Number         0  sys_command.o ABSOLUTE
    ../clib/armsys.c                         0x00000000   Number         0  no_argv.o ABSOLUTE
    ../clib/armsys.c                         0x00000000   Number         0  argv_veneer.o ABSOLUTE
    ../clib/armsys.c                         0x00000000   Number         0  argv_veneer.o ABSOLUTE
    ../clib/armsys.c                         0x00000000   Number         0  _get_argv_nomalloc.o ABSOLUTE
    ../clib/heapalloc.c                      0x00000000   Number         0  hrguard.o ABSOLUTE
    ../clib/heapaux.c                        0x00000000   Number         0  heapauxi.o ABSOLUTE
    ../clib/libinit.s                        0x00000000   Number         0  libshutdown.o ABSOLUTE
    ../clib/libinit.s                        0x00000000   Number         0  libshutdown2.o ABSOLUTE
    ../clib/libinit.s                        0x00000000   Number         0  libinit.o ABSOLUTE
    ../clib/libinit.s                        0x00000000   Number         0  libinit2.o ABSOLUTE
    ../clib/memcpset.s                       0x00000000   Number         0  rt_memclr_w.o ABSOLUTE
    ../clib/memcpset.s                       0x00000000   Number         0  rt_memclr.o ABSOLUTE
    ../clib/misc.s                           0x00000000   Number         0  printf_stubs.o ABSOLUTE
    ../clib/printf.c                         0x00000000   Number         0  _printf_intcommon.o ABSOLUTE
    ../clib/printf.c                         0x00000000   Number         0  _sputc.o ABSOLUTE
    ../clib/printf.c                         0x00000000   Number         0  __printf_ss.o ABSOLUTE
    ../clib/printf.c                         0x00000000   Number         0  __printf_flags.o ABSOLUTE
    ../clib/printf.c                         0x00000000   Number         0  _printf_dec.o ABSOLUTE
    ../clib/printf.c                         0x00000000   Number         0  __printf_nopercent.o ABSOLUTE
    ../clib/printf.c                         0x00000000   Number         0  _printf_pad.o ABSOLUTE
    ../clib/printf.c                         0x00000000   Number         0  __2sprintf.o ABSOLUTE
    ../clib/printf.c                         0x00000000   Number         0  noretval__2sprintf.o ABSOLUTE
    ../clib/printf.c                         0x00000000   Number         0  __printf.o ABSOLUTE
    ../clib/printf.c                         0x00000000   Number         0  _printf_char_common.o ABSOLUTE
    ../clib/printf.c                         0x00000000   Number         0  __printf_flags_ss_wp.o ABSOLUTE
    ../clib/printf.c                         0x00000000   Number         0  __printf_ss_wp.o ABSOLUTE
    ../clib/printf.c                         0x00000000   Number         0  __printf_flags_wp.o ABSOLUTE
    ../clib/printf.c                         0x00000000   Number         0  __printf_wp.o ABSOLUTE
    ../clib/printf.c                         0x00000000   Number         0  __printf_flags_ss.o ABSOLUTE
    ../clib/printf_percent.s                 0x00000000   Number         0  _printf_percent_end.o ABSOLUTE
    ../clib/printf_percent.s                 0x00000000   Number         0  _printf_percent.o ABSOLUTE
    ../clib/printf_percent.s                 0x00000000   Number         0  _printf_d.o ABSOLUTE
    ../clib/signal.c                         0x00000000   Number         0  __raise.o ABSOLUTE
    ../clib/signal.c                         0x00000000   Number         0  defsig_rtmem_inner.o ABSOLUTE
    ../clib/signal.c                         0x00000000   Number         0  defsig_exit.o ABSOLUTE
    ../clib/signal.c                         0x00000000   Number         0  defsig_rtmem_formal.o ABSOLUTE
    ../clib/signal.c                         0x00000000   Number         0  defsig_rtmem_outer.o ABSOLUTE
    ../clib/signal.c                         0x00000000   Number         0  defsig_other.o ABSOLUTE
    ../clib/signal.c                         0x00000000   Number         0  defsig_segv_inner.o ABSOLUTE
    ../clib/signal.c                         0x00000000   Number         0  defsig_cppl_inner.o ABSOLUTE
    ../clib/signal.c                         0x00000000   Number         0  defsig_pvfn_inner.o ABSOLUTE
    ../clib/signal.c                         0x00000000   Number         0  defsig_stak_inner.o ABSOLUTE
    ../clib/signal.c                         0x00000000   Number         0  defsig_rtred_inner.o ABSOLUTE
    ../clib/signal.c                         0x00000000   Number         0  defsig_fpe_inner.o ABSOLUTE
    ../clib/signal.c                         0x00000000   Number         0  defsig_abrt_inner.o ABSOLUTE
    ../clib/signal.c                         0x00000000   Number         0  defsig_general.o ABSOLUTE
    ../clib/signal.s                         0x00000000   Number         0  defsig.o ABSOLUTE
    ../clib/stdlib.c                         0x00000000   Number         0  exit.o ABSOLUTE
    ../clib/string.c                         0x00000000   Number         0  strlen.o ABSOLUTE
    ../fplib/daddsub.s                       0x00000000   Number         0  daddsub_clz.o ABSOLUTE
    ../fplib/dcmpi.s                         0x00000000   Number         0  dcmpi.o ABSOLUTE
    ../fplib/ddiv.s                          0x00000000   Number         0  ddiv.o ABSOLUTE
    ../fplib/dfix.s                          0x00000000   Number         0  dfix.o ABSOLUTE
    ../fplib/dfixu.s                         0x00000000   Number         0  dfixu.o ABSOLUTE
    ../fplib/dflt.s                          0x00000000   Number         0  dflt_clz.o ABSOLUTE
    ../fplib/dleqf.s                         0x00000000   Number         0  dleqf.o ABSOLUTE
    ../fplib/dmul.s                          0x00000000   Number         0  dmul.o ABSOLUTE
    ../fplib/dnaninf.s                       0x00000000   Number         0  dnaninf.o ABSOLUTE
    ../fplib/dretinf.s                       0x00000000   Number         0  dretinf.o ABSOLUTE
    ../fplib/drleqf.s                        0x00000000   Number         0  drleqf.o ABSOLUTE
    ../fplib/fpinit.s                        0x00000000   Number         0  fpinit.o ABSOLUTE
    ../fplib/usenofp.s                       0x00000000   Number         0  usenofp.o ABSOLUTE
    ../mathlib/fabs.c                        0x00000000   Number         0  fabs.o ABSOLUTE
    ../mathlib/floor.c                       0x00000000   Number         0  floor.o ABSOLUTE
    ADC14.c                                  0x00000000   Number         0  adc14.o ABSOLUTE
    ADC14.c                                  0x00000000   Number         0  adc14.o ABSOLUTE
    CAR.c                                    0x00000000   Number         0  car.o ABSOLUTE
    CAR.c                                    0x00000000   Number         0  car.o ABSOLUTE
    Camera.c                                 0x00000000   Number         0  camera.o ABSOLUTE
    Camera.c                                 0x00000000   Number         0  camera.o ABSOLUTE
    ControlPins.c                            0x00000000   Number         0  controlpins.o ABSOLUTE
    ControlPins.c                            0x00000000   Number         0  controlpins.o ABSOLUTE
    CortexM.c                                0x00000000   Number         0  cortexm.o ABSOLUTE
    CortexM.c                                0x00000000   Number         0  cortexm.o ABSOLUTE
    DCMotors.c                               0x00000000   Number         0  dcmotors.o ABSOLUTE
    DCMotors.c                               0x00000000   Number         0  dcmotors.o ABSOLUTE
    I2C.c                                    0x00000000   Number         0  i2c.o ABSOLUTE
    I2C.c                                    0x00000000   Number         0  i2c.o ABSOLUTE
    LEDs.c                                   0x00000000   Number         0  leds.o ABSOLUTE
    LEDs.c                                   0x00000000   Number         0  leds.o ABSOLUTE
    OLED.c                                   0x00000000   Number         0  oled.o ABSOLUTE
    OLED.c                                   0x00000000   Number         0  oled.o ABSOLUTE
    PID.c                                    0x00000000   Number         0  pid.o ABSOLUTE
    RTE/Device/MSP432P4111/startup_msp432p4111_uvision.s 0x00000000   Number         0  startup_msp432p4111_uvision.o ABSOLUTE
    RTE/Device/MSP432P4111/system_msp432p4111.c 0x00000000   Number         0  system_msp432p4111.o ABSOLUTE
    RTE\Device\MSP432P4111\system_msp432p4111.c 0x00000000   Number         0  system_msp432p4111.o ABSOLUTE
    ServoMotor.c                             0x00000000   Number         0  servomotor.o ABSOLUTE
    ServoMotor.c                             0x00000000   Number         0  servomotor.o ABSOLUTE
    StartMenu.c                              0x00000000   Number         0  startmenu.o ABSOLUTE
    StartMenu.c                              0x00000000   Number         0  startmenu.o ABSOLUTE
    Switches.c                               0x00000000   Number         0  switches.o ABSOLUTE
    Switches.c                               0x00000000   Number         0  switches.o ABSOLUTE
    SysTickTimer.c                           0x00000000   Number         0  systicktimer.o ABSOLUTE
    SysTickTimer.c                           0x00000000   Number         0  systicktimer.o ABSOLUTE
    Timer32.c                                0x00000000   Number         0  timer32.o ABSOLUTE
    Timer32.c                                0x00000000   Number         0  timer32.o ABSOLUTE
    TimerA.c                                 0x00000000   Number         0  timera.o ABSOLUTE
    TimerA.c                                 0x00000000   Number         0  timera.o ABSOLUTE
    UART.c                                   0x00000000   Number         0  uart.o ABSOLUTE
    UART.c                                   0x00000000   Number         0  uart.o ABSOLUTE
    dc.s                                     0x00000000   Number         0  dc.o ABSOLUTE
    !!!main                                  0x00000144   Section        8  __main.o(!!!main)
    !!!scatter                               0x0000014c   Section       52  __scatter.o(!!!scatter)
    !!handler_copy                           0x00000180   Section       26  __scatter_copy.o(!!handler_copy)
    !!handler_zi                             0x0000019c   Section       28  __scatter_zi.o(!!handler_zi)
    .ARM.Collect$$libinit$$00000000          0x000001b8   Section        2  libinit.o(.ARM.Collect$$libinit$$00000000)
    .ARM.Collect$$libinit$$00000001          0x000001ba   Section        4  libinit2.o(.ARM.Collect$$libinit$$00000001)
    .ARM.Collect$$libinit$$00000004          0x000001be   Section        0  libinit2.o(.ARM.Collect$$libinit$$00000004)
    .ARM.Collect$$libinit$$0000000A          0x000001be   Section        0  libinit2.o(.ARM.Collect$$libinit$$0000000A)
    .ARM.Collect$$libinit$$0000000C          0x000001be   Section        0  libinit2.o(.ARM.Collect$$libinit$$0000000C)
    .ARM.Collect$$libinit$$0000000E          0x000001be   Section        0  libinit2.o(.ARM.Collect$$libinit$$0000000E)
    .ARM.Collect$$libinit$$00000011          0x000001be   Section        0  libinit2.o(.ARM.Collect$$libinit$$00000011)
    .ARM.Collect$$libinit$$00000013          0x000001be   Section        0  libinit2.o(.ARM.Collect$$libinit$$00000013)
    .ARM.Collect$$libinit$$00000015          0x000001be   Section        0  libinit2.o(.ARM.Collect$$libinit$$00000015)
    .ARM.Collect$$libinit$$00000017          0x000001be   Section        0  libinit2.o(.ARM.Collect$$libinit$$00000017)
    .ARM.Collect$$libinit$$00000019          0x000001be   Section        0  libinit2.o(.ARM.Collect$$libinit$$00000019)
    .ARM.Collect$$libinit$$0000001B          0x000001be   Section        0  libinit2.o(.ARM.Collect$$libinit$$0000001B)
    .ARM.Collect$$libinit$$0000001D          0x000001be   Section        0  libinit2.o(.ARM.Collect$$libinit$$0000001D)
    .ARM.Collect$$libinit$$0000001F          0x000001be   Section        0  libinit2.o(.ARM.Collect$$libinit$$0000001F)
    .ARM.Collect$$libinit$$00000021          0x000001be   Section        0  libinit2.o(.ARM.Collect$$libinit$$00000021)
    .ARM.Collect$$libinit$$00000023          0x000001be   Section        0  libinit2.o(.ARM.Collect$$libinit$$00000023)
    .ARM.Collect$$libinit$$00000025          0x000001be   Section        0  libinit2.o(.ARM.Collect$$libinit$$00000025)
    .ARM.Collect$$libinit$$0000002C          0x000001be   Section        0  libinit2.o(.ARM.Collect$$libinit$$0000002C)
    .ARM.Collect$$libinit$$0000002E          0x000001be   Section        0  libinit2.o(.ARM.Collect$$libinit$$0000002E)
    .ARM.Collect$$libinit$$00000030          0x000001be   Section        0  libinit2.o(.ARM.Collect$$libinit$$00000030)
    .ARM.Collect$$libinit$$00000032          0x000001be   Section        0  libinit2.o(.ARM.Collect$$libinit$$00000032)
    .ARM.Collect$$libinit$$00000033          0x000001be   Section        2  libinit2.o(.ARM.Collect$$libinit$$00000033)
    .ARM.Collect$$libshutdown$$00000000      0x000001c0   Section        2  libshutdown.o(.ARM.Collect$$libshutdown$$00000000)
    .ARM.Collect$$libshutdown$$00000002      0x000001c2   Section        0  libshutdown2.o(.ARM.Collect$$libshutdown$$00000002)
    .ARM.Collect$$libshutdown$$00000004      0x000001c2   Section        0  libshutdown2.o(.ARM.Collect$$libshutdown$$00000004)
    .ARM.Collect$$libshutdown$$00000006      0x000001c2   Section        0  libshutdown2.o(.ARM.Collect$$libshutdown$$00000006)
    .ARM.Collect$$libshutdown$$00000009      0x000001c2   Section        0  libshutdown2.o(.ARM.Collect$$libshutdown$$00000009)
    .ARM.Collect$$libshutdown$$0000000C      0x000001c2   Section        0  libshutdown2.o(.ARM.Collect$$libshutdown$$0000000C)
    .ARM.Collect$$libshutdown$$0000000E      0x000001c2   Section        0  libshutdown2.o(.ARM.Collect$$libshutdown$$0000000E)
    .ARM.Collect$$libshutdown$$00000011      0x000001c2   Section        0  libshutdown2.o(.ARM.Collect$$libshutdown$$00000011)
    .ARM.Collect$$libshutdown$$00000012      0x000001c2   Section        2  libshutdown2.o(.ARM.Collect$$libshutdown$$00000012)
    .ARM.Collect$$rtentry$$00000000          0x000001c4   Section        0  __rtentry.o(.ARM.Collect$$rtentry$$00000000)
    .ARM.Collect$$rtentry$$00000002          0x000001c4   Section        0  __rtentry2.o(.ARM.Collect$$rtentry$$00000002)
    .ARM.Collect$$rtentry$$00000004          0x000001c4   Section        6  __rtentry4.o(.ARM.Collect$$rtentry$$00000004)
    .ARM.Collect$$rtentry$$00000009          0x000001ca   Section        0  __rtentry2.o(.ARM.Collect$$rtentry$$00000009)
    .ARM.Collect$$rtentry$$0000000A          0x000001ca   Section        4  __rtentry2.o(.ARM.Collect$$rtentry$$0000000A)
    .ARM.Collect$$rtentry$$0000000C          0x000001ce   Section        0  __rtentry2.o(.ARM.Collect$$rtentry$$0000000C)
    .ARM.Collect$$rtentry$$0000000D          0x000001ce   Section        8  __rtentry2.o(.ARM.Collect$$rtentry$$0000000D)
    .ARM.Collect$$rtexit$$00000000           0x000001d6   Section        2  rtexit.o(.ARM.Collect$$rtexit$$00000000)
    .ARM.Collect$$rtexit$$00000002           0x000001d8   Section        0  rtexit2.o(.ARM.Collect$$rtexit$$00000002)
    .ARM.Collect$$rtexit$$00000003           0x000001d8   Section        4  rtexit2.o(.ARM.Collect$$rtexit$$00000003)
    .ARM.Collect$$rtexit$$00000004           0x000001dc   Section        6  rtexit2.o(.ARM.Collect$$rtexit$$00000004)
    .emb_text                                0x000001e4   Section       32  cortexm.o(.emb_text)
    $v0                                      0x000001e4   Number         0  cortexm.o(.emb_text)
    .text                                    0x00000204   Section       64  startup_msp432p4111_uvision.o(.text)
    $v0                                      0x00000204   Number         0  startup_msp432p4111_uvision.o(.text)
    .text                                    0x00000244   Section        0  heapauxi.o(.text)
    .text                                    0x0000024a   Section       74  sys_stackheap_outer.o(.text)
    .text                                    0x00000294   Section        0  exit.o(.text)
    .text                                    0x000002a8   Section        8  libspace.o(.text)
    .text                                    0x000002b0   Section        0  sys_exit.o(.text)
    .text                                    0x000002bc   Section        2  use_no_semi.o(.text)
    .text                                    0x000002be   Section        0  indicate_semi.o(.text)
    i.ADC0_InitSWTriggerCh6                  0x000002c0   Section        0  adc14.o(i.ADC0_InitSWTriggerCh6)
    i.ADC_In                                 0x00000328   Section        0  adc14.o(i.ADC_In)
    i.CLK_Handler                            0x0000034c   Section        0  controlpins.o(i.CLK_Handler)
    i.CalcPeriodFromFrequency                0x00000398   Section        0  timer32.o(i.CalcPeriodFromFrequency)
    i.ControlPin_CLK_Init                    0x000003ec   Section        0  controlpins.o(i.ControlPin_CLK_Init)
    i.ControlPin_SI_Init                     0x00000454   Section        0  controlpins.o(i.ControlPin_SI_Init)
    i.DisableSysTickTimer                    0x000004a8   Section        0  systicktimer.o(i.DisableSysTickTimer)
    i.EnableSysTickTimer                     0x000004b2   Section        0  systicktimer.o(i.EnableSysTickTimer)
    i.SI_Handler                             0x000004bc   Section        0  controlpins.o(i.SI_Handler)
    i.SysTickTimer_Init                      0x00000500   Section        0  systicktimer.o(i.SysTickTimer_Init)
    i.SysTick_Handler                        0x00000544   Section        0  systicktimer.o(i.SysTick_Handler)
    i.SystemInit                             0x00000554   Section        0  system_msp432p4111.o(i.SystemInit)
    i.T32_INT1_IRQHandler                    0x00000600   Section        0  timer32.o(i.T32_INT1_IRQHandler)
    i.T32_INT2_IRQHandler                    0x00000620   Section        0  timer32.o(i.T32_INT2_IRQHandler)
    i.TIMER_A0_PWM_DutyCycle                 0x00000640   Section        0  timera.o(i.TIMER_A0_PWM_DutyCycle)
    i.TIMER_A0_PWM_Init                      0x00000678   Section        0  timera.o(i.TIMER_A0_PWM_Init)
    i.TIMER_A2_PWM_DutyCycle                 0x0000074c   Section        0  timera.o(i.TIMER_A2_PWM_DutyCycle)
    i.TIMER_A2_PWM_Init                      0x00000788   Section        0  timera.o(i.TIMER_A2_PWM_Init)
    i.Timer32_1_Init                         0x00000808   Section        0  timer32.o(i.Timer32_1_Init)
    i.__hardfp_fabs                          0x0000086c   Section        0  fabs.o(i.__hardfp_fabs)
    i.carpetDetection                        0x00000880   Section        0  camera.o(i.carpetDetection)
    i.compute_pid                            0x000008a8   Section        0  pid.o(i.compute_pid)
    i.data_smoother                          0x00000900   Section        0  camera.o(i.data_smoother)
    i.differentialTurn                       0x00000994   Section        0  dcmotors.o(i.differentialTurn)
    i.drive                                  0x00000acc   Section        0  dcmotors.o(i.drive)
    i.enableMotors                           0x00000b34   Section        0  dcmotors.o(i.enableMotors)
    i.initCamera                             0x00000b4c   Section        0  camera.o(i.initCamera)
    i.initCar                                0x00000b68   Section        0  car.o(i.initCar)
    i.initDC                                 0x00000bac   Section        0  dcmotors.o(i.initDC)
    i.initServo                              0x00000c48   Section        0  servomotor.o(i.initServo)
    i.main                                   0x00000c60   Section        0  car.o(i.main)
    i.steer                                  0x00000cdc   Section        0  car.o(i.steer)
    i.stop                                   0x00000e18   Section        0  dcmotors.o(i.stop)
    i.toggleServo                            0x00000e6c   Section        0  servomotor.o(i.toggleServo)
    i.track_position                         0x00000ee0   Section        0  camera.o(i.track_position)
    x$fpl$dadd                               0x00000f44   Section      336  daddsub_clz.o(x$fpl$dadd)
    $v0                                      0x00000f44   Number         0  daddsub_clz.o(x$fpl$dadd)
    _dadd1                                   0x00000f55   Thumb Code     0  daddsub_clz.o(x$fpl$dadd)
    x$fpl$dcmpinf                            0x00001094   Section       24  dcmpi.o(x$fpl$dcmpinf)
    $v0                                      0x00001094   Number         0  dcmpi.o(x$fpl$dcmpinf)
    x$fpl$ddiv                               0x000010ac   Section      688  ddiv.o(x$fpl$ddiv)
    $v0                                      0x000010ac   Number         0  ddiv.o(x$fpl$ddiv)
    ddiv_entry                               0x000010b3   Thumb Code     0  ddiv.o(x$fpl$ddiv)
    x$fpl$dfixu                              0x0000135c   Section       90  dfixu.o(x$fpl$dfixu)
    $v0                                      0x0000135c   Number         0  dfixu.o(x$fpl$dfixu)
    x$fpl$dflt                               0x000013b6   Section       46  dflt_clz.o(x$fpl$dflt)
    $v0                                      0x000013b6   Number         0  dflt_clz.o(x$fpl$dflt)
    x$fpl$dfltu                              0x000013e4   Section       38  dflt_clz.o(x$fpl$dfltu)
    $v0                                      0x000013e4   Number         0  dflt_clz.o(x$fpl$dfltu)
    x$fpl$dleqf                              0x0000140c   Section      120  dleqf.o(x$fpl$dleqf)
    $v0                                      0x0000140c   Number         0  dleqf.o(x$fpl$dleqf)
    x$fpl$dmul                               0x00001484   Section      340  dmul.o(x$fpl$dmul)
    $v0                                      0x00001484   Number         0  dmul.o(x$fpl$dmul)
    x$fpl$dnaninf                            0x000015d8   Section      156  dnaninf.o(x$fpl$dnaninf)
    $v0                                      0x000015d8   Number         0  dnaninf.o(x$fpl$dnaninf)
    x$fpl$dretinf                            0x00001674   Section       12  dretinf.o(x$fpl$dretinf)
    $v0                                      0x00001674   Number         0  dretinf.o(x$fpl$dretinf)
    x$fpl$drleqf                             0x00001680   Section      108  drleqf.o(x$fpl$drleqf)
    $v0                                      0x00001680   Number         0  drleqf.o(x$fpl$drleqf)
    x$fpl$dsub                               0x000016ec   Section      468  daddsub_clz.o(x$fpl$dsub)
    $v0                                      0x000016ec   Number         0  daddsub_clz.o(x$fpl$dsub)
    _dsub1                                   0x000016fd   Thumb Code     0  daddsub_clz.o(x$fpl$dsub)
    x$fpl$fpinit                             0x000018c0   Section       10  fpinit.o(x$fpl$fpinit)
    $v0                                      0x000018c0   Number         0  fpinit.o(x$fpl$fpinit)
    x$fpl$usenofp                            0x000018ca   Section        0  usenofp.o(x$fpl$usenofp)
    .data                                    0x20000000   Section       16  car.o(.data)
    .data                                    0x20000010   Section        8  controlpins.o(.data)
    pixelCounter                             0x20000014   Data           4  controlpins.o(.data)
    .data                                    0x20000018   Section       24  pid.o(.data)
    .data                                    0x20000030   Section       32  startmenu.o(.data)
    .data                                    0x20000050   Section        8  systicktimer.o(.data)
    .data                                    0x20000058   Section       20  timer32.o(.data)
    timer1Period                             0x20000064   Data           4  timer32.o(.data)
    timer2Period                             0x20000068   Data           4  timer32.o(.data)
    .data                                    0x2000006c   Section        4  system_msp432p4111.o(.data)
    .bss                                     0x20000070   Section      256  car.o(.bss)
    .bss                                     0x20000170   Section      256  controlpins.o(.bss)
    .bss                                     0x20000270   Section       40  timera.o(.bss)
    DEFAULT_PERIOD_A0                        0x20000270   Data          20  timera.o(.bss)
    DEFAULT_PERIOD_A2                        0x20000284   Data          20  timera.o(.bss)
    .bss                                     0x20000298   Section       96  libspace.o(.bss)
    HEAP                                     0x200002f8   Section     1024  startup_msp432p4111_uvision.o(HEAP)
    Heap_Mem                                 0x200002f8   Data        1024  startup_msp432p4111_uvision.o(HEAP)
    STACK                                    0x200006f8   Section      512  startup_msp432p4111_uvision.o(STACK)
    Stack_Mem                                0x200006f8   Data         512  startup_msp432p4111_uvision.o(STACK)
    __initial_sp                             0x200008f8   Data           0  startup_msp432p4111_uvision.o(STACK)

    Global Symbols

    Symbol Name                              Value     Ov Type        Size  Object(Section)

    BuildAttributes$$THM_ISAv4$E$P$D$K$B$S$7EM$VFPi3$EXTD16$VFPS$VFMA$PE$A:L22UL41UL21$X:L11$S22US41US21$IEEE1$IW$USESV6$~STKCKD$USESV7$~SHL$OTIME$ROPI$IEEEJ$EBA8$UX$STANDARDLIB$REQ8$PRES8$EABIv2 0x00000000   Number         0  anon$$obj.o ABSOLUTE
    __ARM_use_no_argv                        0x00000000   Number         0  car.o ABSOLUTE
    __Vectors                                0x00000000   Data           4  startup_msp432p4111_uvision.o(RESET)
    _printf_flags                            0x00000000   Number         0  printf_stubs.o ABSOLUTE
    _printf_return_value                     0x00000000   Number         0  printf_stubs.o ABSOLUTE
    _printf_sizespec                         0x00000000   Number         0  printf_stubs.o ABSOLUTE
    _printf_widthprec                        0x00000000   Number         0  printf_stubs.o ABSOLUTE
    __ARM_exceptions_init                     - Undefined Weak Reference
    __alloca_initialize                       - Undefined Weak Reference
    __arm_fini_                               - Undefined Weak Reference
    __arm_preinit_                            - Undefined Weak Reference
    __cpp_initialize__aeabi_                  - Undefined Weak Reference
    __cxa_finalize                            - Undefined Weak Reference
    __rt_locale                               - Undefined Weak Reference
    __sigvec_lookup                           - Undefined Weak Reference
    _atexit_init                              - Undefined Weak Reference
    _call_atexit_fns                          - Undefined Weak Reference
    _clock_init                               - Undefined Weak Reference
    _fp_trap_init                             - Undefined Weak Reference
    _fp_trap_shutdown                         - Undefined Weak Reference
    _get_lc_collate                           - Undefined Weak Reference
    _get_lc_ctype                             - Undefined Weak Reference
    _get_lc_monetary                          - Undefined Weak Reference
    _get_lc_numeric                           - Undefined Weak Reference
    _get_lc_time                              - Undefined Weak Reference
    _getenv_init                              - Undefined Weak Reference
    _handle_redirection                       - Undefined Weak Reference
    _init_alloc                               - Undefined Weak Reference
    _init_user_alloc                          - Undefined Weak Reference
    _initio                                   - Undefined Weak Reference
    _printf_truncate_signed                   - Undefined Weak Reference
    _printf_truncate_unsigned                 - Undefined Weak Reference
    _rand_init                                - Undefined Weak Reference
    _signal_finish                            - Undefined Weak Reference
    _signal_init                              - Undefined Weak Reference
    _terminate_alloc                          - Undefined Weak Reference
    _terminate_user_alloc                     - Undefined Weak Reference
    _terminateio                              - Undefined Weak Reference
    __Vectors_End                            0x00000144   Data           0  startup_msp432p4111_uvision.o(RESET)
    __Vectors_Size                           0x00000144   Number         0  startup_msp432p4111_uvision.o ABSOLUTE
    __main                                   0x00000145   Thumb Code     8  __main.o(!!!main)
    __scatterload                            0x0000014d   Thumb Code     0  __scatter.o(!!!scatter)
    __scatterload_rt2                        0x0000014d   Thumb Code    44  __scatter.o(!!!scatter)
    __scatterload_rt2_thumb_only             0x0000014d   Thumb Code     0  __scatter.o(!!!scatter)
    __scatterload_null                       0x0000015b   Thumb Code     0  __scatter.o(!!!scatter)
    __scatterload_copy                       0x00000181   Thumb Code    26  __scatter_copy.o(!!handler_copy)
    __scatterload_zeroinit                   0x0000019d   Thumb Code    28  __scatter_zi.o(!!handler_zi)
    __rt_lib_init                            0x000001b9   Thumb Code     0  libinit.o(.ARM.Collect$$libinit$$00000000)
    __rt_lib_init_fp_1                       0x000001bb   Thumb Code     0  libinit2.o(.ARM.Collect$$libinit$$00000001)
    __rt_lib_init_alloca_1                   0x000001bf   Thumb Code     0  libinit2.o(.ARM.Collect$$libinit$$0000002E)
    __rt_lib_init_argv_1                     0x000001bf   Thumb Code     0  libinit2.o(.ARM.Collect$$libinit$$0000002C)
    __rt_lib_init_atexit_1                   0x000001bf   Thumb Code     0  libinit2.o(.ARM.Collect$$libinit$$0000001B)
    __rt_lib_init_clock_1                    0x000001bf   Thumb Code     0  libinit2.o(.ARM.Collect$$libinit$$00000021)
    __rt_lib_init_cpp_1                      0x000001bf   Thumb Code     0  libinit2.o(.ARM.Collect$$libinit$$00000032)
    __rt_lib_init_exceptions_1               0x000001bf   Thumb Code     0  libinit2.o(.ARM.Collect$$libinit$$00000030)
    __rt_lib_init_fp_trap_1                  0x000001bf   Thumb Code     0  libinit2.o(.ARM.Collect$$libinit$$0000001F)
    __rt_lib_init_getenv_1                   0x000001bf   Thumb Code     0  libinit2.o(.ARM.Collect$$libinit$$00000023)
    __rt_lib_init_heap_1                     0x000001bf   Thumb Code     0  libinit2.o(.ARM.Collect$$libinit$$0000000A)
    __rt_lib_init_lc_collate_1               0x000001bf   Thumb Code     0  libinit2.o(.ARM.Collect$$libinit$$00000011)
    __rt_lib_init_lc_ctype_1                 0x000001bf   Thumb Code     0  libinit2.o(.ARM.Collect$$libinit$$00000013)
    __rt_lib_init_lc_monetary_1              0x000001bf   Thumb Code     0  libinit2.o(.ARM.Collect$$libinit$$00000015)
    __rt_lib_init_lc_numeric_1               0x000001bf   Thumb Code     0  libinit2.o(.ARM.Collect$$libinit$$00000017)
    __rt_lib_init_lc_time_1                  0x000001bf   Thumb Code     0  libinit2.o(.ARM.Collect$$libinit$$00000019)
    __rt_lib_init_preinit_1                  0x000001bf   Thumb Code     0  libinit2.o(.ARM.Collect$$libinit$$00000004)
    __rt_lib_init_rand_1                     0x000001bf   Thumb Code     0  libinit2.o(.ARM.Collect$$libinit$$0000000E)
    __rt_lib_init_return                     0x000001bf   Thumb Code     0  libinit2.o(.ARM.Collect$$libinit$$00000033)
    __rt_lib_init_signal_1                   0x000001bf   Thumb Code     0  libinit2.o(.ARM.Collect$$libinit$$0000001D)
    __rt_lib_init_stdio_1                    0x000001bf   Thumb Code     0  libinit2.o(.ARM.Collect$$libinit$$00000025)
    __rt_lib_init_user_alloc_1               0x000001bf   Thumb Code     0  libinit2.o(.ARM.Collect$$libinit$$0000000C)
    __rt_lib_shutdown                        0x000001c1   Thumb Code     0  libshutdown.o(.ARM.Collect$$libshutdown$$00000000)
    __rt_lib_shutdown_cpp_1                  0x000001c3   Thumb Code     0  libshutdown2.o(.ARM.Collect$$libshutdown$$00000004)
    __rt_lib_shutdown_fini_1                 0x000001c3   Thumb Code     0  libshutdown2.o(.ARM.Collect$$libshutdown$$00000002)
    __rt_lib_shutdown_fp_trap_1              0x000001c3   Thumb Code     0  libshutdown2.o(.ARM.Collect$$libshutdown$$00000009)
    __rt_lib_shutdown_heap_1                 0x000001c3   Thumb Code     0  libshutdown2.o(.ARM.Collect$$libshutdown$$00000011)
    __rt_lib_shutdown_return                 0x000001c3   Thumb Code     0  libshutdown2.o(.ARM.Collect$$libshutdown$$00000012)
    __rt_lib_shutdown_signal_1               0x000001c3   Thumb Code     0  libshutdown2.o(.ARM.Collect$$libshutdown$$0000000C)
    __rt_lib_shutdown_stdio_1                0x000001c3   Thumb Code     0  libshutdown2.o(.ARM.Collect$$libshutdown$$00000006)
    __rt_lib_shutdown_user_alloc_1           0x000001c3   Thumb Code     0  libshutdown2.o(.ARM.Collect$$libshutdown$$0000000E)
    __rt_entry                               0x000001c5   Thumb Code     0  __rtentry.o(.ARM.Collect$$rtentry$$00000000)
    __rt_entry_presh_1                       0x000001c5   Thumb Code     0  __rtentry2.o(.ARM.Collect$$rtentry$$00000002)
    __rt_entry_sh                            0x000001c5   Thumb Code     0  __rtentry4.o(.ARM.Collect$$rtentry$$00000004)
    __rt_entry_li                            0x000001cb   Thumb Code     0  __rtentry2.o(.ARM.Collect$$rtentry$$0000000A)
    __rt_entry_postsh_1                      0x000001cb   Thumb Code     0  __rtentry2.o(.ARM.Collect$$rtentry$$00000009)
    __rt_entry_main                          0x000001cf   Thumb Code     0  __rtentry2.o(.ARM.Collect$$rtentry$$0000000D)
    __rt_entry_postli_1                      0x000001cf   Thumb Code     0  __rtentry2.o(.ARM.Collect$$rtentry$$0000000C)
    __rt_exit                                0x000001d7   Thumb Code     0  rtexit.o(.ARM.Collect$$rtexit$$00000000)
    __rt_exit_ls                             0x000001d9   Thumb Code     0  rtexit2.o(.ARM.Collect$$rtexit$$00000003)
    __rt_exit_prels_1                        0x000001d9   Thumb Code     0  rtexit2.o(.ARM.Collect$$rtexit$$00000002)
    __rt_exit_exit                           0x000001dd   Thumb Code     0  rtexit2.o(.ARM.Collect$$rtexit$$00000004)
    DisableInterrupts                        0x000001e5   Thumb Code     4  cortexm.o(.emb_text)
    EnableInterrupts                         0x000001e9   Thumb Code     4  cortexm.o(.emb_text)
    StartCritical                            0x000001ed   Thumb Code     8  cortexm.o(.emb_text)
    EndCritical                              0x000001f5   Thumb Code     6  cortexm.o(.emb_text)
    WaitForInterrupt                         0x000001fb   Thumb Code     4  cortexm.o(.emb_text)
    delay                                    0x000001ff   Thumb Code     6  cortexm.o(.emb_text)
    Reset_Handler                            0x00000205   Thumb Code     8  startup_msp432p4111_uvision.o(.text)
    NMI_Handler                              0x0000020d   Thumb Code     2  startup_msp432p4111_uvision.o(.text)
    HardFault_Handler                        0x0000020f   Thumb Code     2  startup_msp432p4111_uvision.o(.text)
    MemManage_Handler                        0x00000211   Thumb Code     2  startup_msp432p4111_uvision.o(.text)
    BusFault_Handler                         0x00000213   Thumb Code     2  startup_msp432p4111_uvision.o(.text)
    UsageFault_Handler                       0x00000215   Thumb Code     2  startup_msp432p4111_uvision.o(.text)
    SVC_Handler                              0x00000217   Thumb Code     2  startup_msp432p4111_uvision.o(.text)
    DebugMon_Handler                         0x00000219   Thumb Code     2  startup_msp432p4111_uvision.o(.text)
    PendSV_Handler                           0x0000021b   Thumb Code     2  startup_msp432p4111_uvision.o(.text)
    ADC14_IRQHandler                         0x0000021f   Thumb Code     0  startup_msp432p4111_uvision.o(.text)
    AES256_IRQHandler                        0x0000021f   Thumb Code     0  startup_msp432p4111_uvision.o(.text)
    COMP_E0_IRQHandler                       0x0000021f   Thumb Code     0  startup_msp432p4111_uvision.o(.text)
    COMP_E1_IRQHandler                       0x0000021f   Thumb Code     0  startup_msp432p4111_uvision.o(.text)
    CS_IRQHandler                            0x0000021f   Thumb Code     0  startup_msp432p4111_uvision.o(.text)
    DMA_ERR_IRQHandler                       0x0000021f   Thumb Code     0  startup_msp432p4111_uvision.o(.text)
    DMA_INT0_IRQHandler                      0x0000021f   Thumb Code     0  startup_msp432p4111_uvision.o(.text)
    DMA_INT1_IRQHandler                      0x0000021f   Thumb Code     0  startup_msp432p4111_uvision.o(.text)
    DMA_INT2_IRQHandler                      0x0000021f   Thumb Code     0  startup_msp432p4111_uvision.o(.text)
    DMA_INT3_IRQHandler                      0x0000021f   Thumb Code     0  startup_msp432p4111_uvision.o(.text)
    EUSCIA0_IRQHandler                       0x0000021f   Thumb Code     0  startup_msp432p4111_uvision.o(.text)
    EUSCIA1_IRQHandler                       0x0000021f   Thumb Code     0  startup_msp432p4111_uvision.o(.text)
    EUSCIA2_IRQHandler                       0x0000021f   Thumb Code     0  startup_msp432p4111_uvision.o(.text)
    EUSCIA3_IRQHandler                       0x0000021f   Thumb Code     0  startup_msp432p4111_uvision.o(.text)
    EUSCIB0_IRQHandler                       0x0000021f   Thumb Code     0  startup_msp432p4111_uvision.o(.text)
    EUSCIB1_IRQHandler                       0x0000021f   Thumb Code     0  startup_msp432p4111_uvision.o(.text)
    EUSCIB2_IRQHandler                       0x0000021f   Thumb Code     0  startup_msp432p4111_uvision.o(.text)
    EUSCIB3_IRQHandler                       0x0000021f   Thumb Code     0  startup_msp432p4111_uvision.o(.text)
    FLCTL_A_IRQHandler                       0x0000021f   Thumb Code     0  startup_msp432p4111_uvision.o(.text)
    FPU_IRQHandler                           0x0000021f   Thumb Code     0  startup_msp432p4111_uvision.o(.text)
    LCD_F_IRQHandler                         0x0000021f   Thumb Code     0  startup_msp432p4111_uvision.o(.text)
    PCM_IRQHandler                           0x0000021f   Thumb Code     0  startup_msp432p4111_uvision.o(.text)
    PORT1_IRQHandler                         0x0000021f   Thumb Code     0  startup_msp432p4111_uvision.o(.text)
    PORT2_IRQHandler                         0x0000021f   Thumb Code     0  startup_msp432p4111_uvision.o(.text)
    PORT3_IRQHandler                         0x0000021f   Thumb Code     0  startup_msp432p4111_uvision.o(.text)
    PORT4_IRQHandler                         0x0000021f   Thumb Code     0  startup_msp432p4111_uvision.o(.text)
    PORT5_IRQHandler                         0x0000021f   Thumb Code     0  startup_msp432p4111_uvision.o(.text)
    PORT6_IRQHandler                         0x0000021f   Thumb Code     0  startup_msp432p4111_uvision.o(.text)
    PSS_IRQHandler                           0x0000021f   Thumb Code     0  startup_msp432p4111_uvision.o(.text)
    RTC_C_IRQHandler                         0x0000021f   Thumb Code     0  startup_msp432p4111_uvision.o(.text)
    T32_INTC_IRQHandler                      0x0000021f   Thumb Code     0  startup_msp432p4111_uvision.o(.text)
    TA0_0_IRQHandler                         0x0000021f   Thumb Code     0  startup_msp432p4111_uvision.o(.text)
    TA0_N_IRQHandler                         0x0000021f   Thumb Code     0  startup_msp432p4111_uvision.o(.text)
    TA1_0_IRQHandler                         0x0000021f   Thumb Code     0  startup_msp432p4111_uvision.o(.text)
    TA1_N_IRQHandler                         0x0000021f   Thumb Code     0  startup_msp432p4111_uvision.o(.text)
    TA2_0_IRQHandler                         0x0000021f   Thumb Code     0  startup_msp432p4111_uvision.o(.text)
    TA2_N_IRQHandler                         0x0000021f   Thumb Code     0  startup_msp432p4111_uvision.o(.text)
    TA3_0_IRQHandler                         0x0000021f   Thumb Code     0  startup_msp432p4111_uvision.o(.text)
    TA3_N_IRQHandler                         0x0000021f   Thumb Code     0  startup_msp432p4111_uvision.o(.text)
    WDT_A_IRQHandler                         0x0000021f   Thumb Code     0  startup_msp432p4111_uvision.o(.text)
    __user_initial_stackheap                 0x00000221   Thumb Code    10  startup_msp432p4111_uvision.o(.text)
    __use_two_region_memory                  0x00000245   Thumb Code     2  heapauxi.o(.text)
    __rt_heap_escrow$2region                 0x00000247   Thumb Code     2  heapauxi.o(.text)
    __rt_heap_expand$2region                 0x00000249   Thumb Code     2  heapauxi.o(.text)
    __user_setup_stackheap                   0x0000024b   Thumb Code    74  sys_stackheap_outer.o(.text)
    exit                                     0x00000295   Thumb Code    18  exit.o(.text)
    __user_libspace                          0x000002a9   Thumb Code     8  libspace.o(.text)
    __user_perproc_libspace                  0x000002a9   Thumb Code     0  libspace.o(.text)
    __user_perthread_libspace                0x000002a9   Thumb Code     0  libspace.o(.text)
    _sys_exit                                0x000002b1   Thumb Code     8  sys_exit.o(.text)
    __I$use$semihosting                      0x000002bd   Thumb Code     0  use_no_semi.o(.text)
    __use_no_semihosting_swi                 0x000002bd   Thumb Code     2  use_no_semi.o(.text)
    __semihosting_library_function           0x000002bf   Thumb Code     0  indicate_semi.o(.text)
    ADC0_InitSWTriggerCh6                    0x000002c1   Thumb Code    88  adc14.o(i.ADC0_InitSWTriggerCh6)
    ADC_In                                   0x00000329   Thumb Code    30  adc14.o(i.ADC_In)
    CLK_Handler                              0x0000034d   Thumb Code    64  controlpins.o(i.CLK_Handler)
    CalcPeriodFromFrequency                  0x00000399   Thumb Code    70  timer32.o(i.CalcPeriodFromFrequency)
    ControlPin_CLK_Init                      0x000003ed   Thumb Code    84  controlpins.o(i.ControlPin_CLK_Init)
    ControlPin_SI_Init                       0x00000455   Thumb Code    66  controlpins.o(i.ControlPin_SI_Init)
    DisableSysTickTimer                      0x000004a9   Thumb Code    10  systicktimer.o(i.DisableSysTickTimer)
    EnableSysTickTimer                       0x000004b3   Thumb Code    10  systicktimer.o(i.EnableSysTickTimer)
    SI_Handler                               0x000004bd   Thumb Code    62  controlpins.o(i.SI_Handler)
    SysTickTimer_Init                        0x00000501   Thumb Code    58  systicktimer.o(i.SysTickTimer_Init)
    SysTick_Handler                          0x00000545   Thumb Code    12  systicktimer.o(i.SysTick_Handler)
    SystemInit                               0x00000555   Thumb Code   138  system_msp432p4111.o(i.SystemInit)
    T32_INT1_IRQHandler                      0x00000601   Thumb Code    24  timer32.o(i.T32_INT1_IRQHandler)
    T32_INT2_IRQHandler                      0x00000621   Thumb Code    24  timer32.o(i.T32_INT2_IRQHandler)
    TIMER_A0_PWM_DutyCycle                   0x00000641   Thumb Code    52  timera.o(i.TIMER_A0_PWM_DutyCycle)
    TIMER_A0_PWM_Init                        0x00000679   Thumb Code   202  timera.o(i.TIMER_A0_PWM_Init)
    TIMER_A2_PWM_DutyCycle                   0x0000074d   Thumb Code    54  timera.o(i.TIMER_A2_PWM_DutyCycle)
    TIMER_A2_PWM_Init                        0x00000789   Thumb Code   114  timera.o(i.TIMER_A2_PWM_Init)
    Timer32_1_Init                           0x00000809   Thumb Code    84  timer32.o(i.Timer32_1_Init)
    __hardfp_fabs                            0x0000086d   Thumb Code    20  fabs.o(i.__hardfp_fabs)
    carpetDetection                          0x00000881   Thumb Code    40  camera.o(i.carpetDetection)
    compute_pid                              0x000008a9   Thumb Code    84  pid.o(i.compute_pid)
    data_smoother                            0x00000901   Thumb Code   146  camera.o(i.data_smoother)
    differentialTurn                         0x00000995   Thumb Code   270  dcmotors.o(i.differentialTurn)
    drive                                    0x00000acd   Thumb Code    86  dcmotors.o(i.drive)
    enableMotors                             0x00000b35   Thumb Code    20  dcmotors.o(i.enableMotors)
    initCamera                               0x00000b4d   Thumb Code    24  camera.o(i.initCamera)
    initCar                                  0x00000b69   Thumb Code    46  car.o(i.initCar)
    initDC                                   0x00000bad   Thumb Code   144  dcmotors.o(i.initDC)
    initServo                                0x00000c49   Thumb Code    14  servomotor.o(i.initServo)
    main                                     0x00000c61   Thumb Code    98  car.o(i.main)
    steer                                    0x00000cdd   Thumb Code   256  car.o(i.steer)
    stop                                     0x00000e19   Thumb Code    74  dcmotors.o(i.stop)
    toggleServo                              0x00000e6d   Thumb Code    90  servomotor.o(i.toggleServo)
    track_position                           0x00000ee1   Thumb Code    92  camera.o(i.track_position)
    __aeabi_dadd                             0x00000f45   Thumb Code     0  daddsub_clz.o(x$fpl$dadd)
    _dadd                                    0x00000f45   Thumb Code   332  daddsub_clz.o(x$fpl$dadd)
    __fpl_dcmp_Inf                           0x00001095   Thumb Code    24  dcmpi.o(x$fpl$dcmpinf)
    __aeabi_ddiv                             0x000010ad   Thumb Code     0  ddiv.o(x$fpl$ddiv)
    _ddiv                                    0x000010ad   Thumb Code   552  ddiv.o(x$fpl$ddiv)
    __aeabi_d2uiz                            0x0000135d   Thumb Code     0  dfixu.o(x$fpl$dfixu)
    _dfixu                                   0x0000135d   Thumb Code    90  dfixu.o(x$fpl$dfixu)
    __aeabi_i2d                              0x000013b7   Thumb Code     0  dflt_clz.o(x$fpl$dflt)
    _dflt                                    0x000013b7   Thumb Code    46  dflt_clz.o(x$fpl$dflt)
    __aeabi_ui2d                             0x000013e5   Thumb Code     0  dflt_clz.o(x$fpl$dfltu)
    _dfltu                                   0x000013e5   Thumb Code    38  dflt_clz.o(x$fpl$dfltu)
    __aeabi_cdcmple                          0x0000140d   Thumb Code     0  dleqf.o(x$fpl$dleqf)
    _dcmple                                  0x0000140d   Thumb Code   120  dleqf.o(x$fpl$dleqf)
    __fpl_dcmple_InfNaN                      0x0000146f   Thumb Code     0  dleqf.o(x$fpl$dleqf)
    __aeabi_dmul                             0x00001485   Thumb Code     0  dmul.o(x$fpl$dmul)
    _dmul                                    0x00001485   Thumb Code   332  dmul.o(x$fpl$dmul)
    __fpl_dnaninf                            0x000015d9   Thumb Code   156  dnaninf.o(x$fpl$dnaninf)
    __fpl_dretinf                            0x00001675   Thumb Code    12  dretinf.o(x$fpl$dretinf)
    __aeabi_cdrcmple                         0x00001681   Thumb Code     0  drleqf.o(x$fpl$drleqf)
    _drcmple                                 0x00001681   Thumb Code   108  drleqf.o(x$fpl$drleqf)
    __aeabi_dsub                             0x000016ed   Thumb Code     0  daddsub_clz.o(x$fpl$dsub)
    _dsub                                    0x000016ed   Thumb Code   464  daddsub_clz.o(x$fpl$dsub)
    _fp_init                                 0x000018c1   Thumb Code    10  fpinit.o(x$fpl$fpinit)
    __fplib_config_fpu_vfp                   0x000018c9   Thumb Code     0  fpinit.o(x$fpl$fpinit)
    __fplib_config_pureend_doubles           0x000018c9   Thumb Code     0  fpinit.o(x$fpl$fpinit)
    __I$use$fp                               0x000018ca   Number         0  usenofp.o(x$fpl$usenofp)
    Region$$Table$$Base                      0x000018cc   Number         0  anon$$obj.o(Region$$Table)
    Region$$Table$$Limit                     0x000018ec   Number         0  anon$$obj.o(Region$$Table)
    color                                    0x20000000   Data           2  car.o(.data)
    carpetCounter                            0x20000004   Data           4  car.o(.data)
    error                                    0x20000008   Data           8  car.o(.data)
    g_sendData                               0x20000010   Data           1  controlpins.o(.data)
    last_error                               0x20000018   Data           8  pid.o(.data)
    integral                                 0x20000020   Data           8  pid.o(.data)
    derivative                               0x20000028   Data           8  pid.o(.data)
    driveMode                                0x20000030   Data           4  startmenu.o(.data)
    steerMode                                0x20000034   Data           4  startmenu.o(.data)
    counterOne                               0x20000038   Data           4  startmenu.o(.data)
    counterTwo                               0x2000003c   Data           4  startmenu.o(.data)
    executeOptionMenu                        0x20000040   Data           4  startmenu.o(.data)
    setSpeed                                 0x20000048   Data           8  startmenu.o(.data)
    g_SysTickTimerCounter                    0x20000050   Data           4  systicktimer.o(.data)
    SysTickPeriodicTask                      0x20000054   Data           4  systicktimer.o(.data)
    timeOut                                  0x20000058   Data           1  timer32.o(.data)
    Timer32_1_PeriodicTask                   0x2000005c   Data           4  timer32.o(.data)
    Timer32_2_PeriodicTask                   0x20000060   Data           4  timer32.o(.data)
    SystemCoreClock                          0x2000006c   Data           4  system_msp432p4111.o(.data)
    smoothData                               0x20000070   Data         256  car.o(.bss)
    line                                     0x20000170   Data         256  controlpins.o(.bss)
    __libspace_start                         0x20000298   Data          96  libspace.o(.bss)
    __temporary_stack_top$libspace           0x200002f8   Data           0  libspace.o(.bss)



==============================================================================

Memory Map of the image

  Image Entry point : 0x00000145

  Load Region LR_IROM1 (Base: 0x00000000, Size: 0x0000195c, Max: 0x00200000, ABSOLUTE)

    Execution Region ER_IROM1 (Exec base: 0x00000000, Load base: 0x00000000, Size: 0x000018ec, Max: 0x00200000, ABSOLUTE)

    Exec Addr    Load Addr    Size         Type   Attr      Idx    E Section Name        Object

    0x00000000   0x00000000   0x00000144   Data   RO          984    RESET               startup_msp432p4111_uvision.o
    0x00000144   0x00000144   0x00000008   Code   RO         1065  * !!!main             c_w.l(__main.o)
    0x0000014c   0x0000014c   0x00000034   Code   RO         1284    !!!scatter          c_w.l(__scatter.o)
    0x00000180   0x00000180   0x0000001a   Code   RO         1286    !!handler_copy      c_w.l(__scatter_copy.o)
    0x0000019a   0x0000019a   0x00000002   PAD
    0x0000019c   0x0000019c   0x0000001c   Code   RO         1288    !!handler_zi        c_w.l(__scatter_zi.o)
    0x000001b8   0x000001b8   0x00000002   Code   RO         1152    .ARM.Collect$$libinit$$00000000  c_w.l(libinit.o)
    0x000001ba   0x000001ba   0x00000004   Code   RO         1158    .ARM.Collect$$libinit$$00000001  c_w.l(libinit2.o)
    0x000001be   0x000001be   0x00000000   Code   RO         1161    .ARM.Collect$$libinit$$00000004  c_w.l(libinit2.o)
    0x000001be   0x000001be   0x00000000   Code   RO         1164    .ARM.Collect$$libinit$$0000000A  c_w.l(libinit2.o)
    0x000001be   0x000001be   0x00000000   Code   RO         1166    .ARM.Collect$$libinit$$0000000C  c_w.l(libinit2.o)
    0x000001be   0x000001be   0x00000000   Code   RO         1168    .ARM.Collect$$libinit$$0000000E  c_w.l(libinit2.o)
    0x000001be   0x000001be   0x00000000   Code   RO         1171    .ARM.Collect$$libinit$$00000011  c_w.l(libinit2.o)
    0x000001be   0x000001be   0x00000000   Code   RO         1173    .ARM.Collect$$libinit$$00000013  c_w.l(libinit2.o)
    0x000001be   0x000001be   0x00000000   Code   RO         1175    .ARM.Collect$$libinit$$00000015  c_w.l(libinit2.o)
    0x000001be   0x000001be   0x00000000   Code   RO         1177    .ARM.Collect$$libinit$$00000017  c_w.l(libinit2.o)
    0x000001be   0x000001be   0x00000000   Code   RO         1179    .ARM.Collect$$libinit$$00000019  c_w.l(libinit2.o)
    0x000001be   0x000001be   0x00000000   Code   RO         1181    .ARM.Collect$$libinit$$0000001B  c_w.l(libinit2.o)
    0x000001be   0x000001be   0x00000000   Code   RO         1183    .ARM.Collect$$libinit$$0000001D  c_w.l(libinit2.o)
    0x000001be   0x000001be   0x00000000   Code   RO         1185    .ARM.Collect$$libinit$$0000001F  c_w.l(libinit2.o)
    0x000001be   0x000001be   0x00000000   Code   RO         1187    .ARM.Collect$$libinit$$00000021  c_w.l(libinit2.o)
    0x000001be   0x000001be   0x00000000   Code   RO         1189    .ARM.Collect$$libinit$$00000023  c_w.l(libinit2.o)
    0x000001be   0x000001be   0x00000000   Code   RO         1191    .ARM.Collect$$libinit$$00000025  c_w.l(libinit2.o)
    0x000001be   0x000001be   0x00000000   Code   RO         1195    .ARM.Collect$$libinit$$0000002C  c_w.l(libinit2.o)
    0x000001be   0x000001be   0x00000000   Code   RO         1197    .ARM.Collect$$libinit$$0000002E  c_w.l(libinit2.o)
    0x000001be   0x000001be   0x00000000   Code   RO         1199    .ARM.Collect$$libinit$$00000030  c_w.l(libinit2.o)
    0x000001be   0x000001be   0x00000000   Code   RO         1201    .ARM.Collect$$libinit$$00000032  c_w.l(libinit2.o)
    0x000001be   0x000001be   0x00000002   Code   RO         1202    .ARM.Collect$$libinit$$00000033  c_w.l(libinit2.o)
    0x000001c0   0x000001c0   0x00000002   Code   RO         1222    .ARM.Collect$$libshutdown$$00000000  c_w.l(libshutdown.o)
    0x000001c2   0x000001c2   0x00000000   Code   RO         1235    .ARM.Collect$$libshutdown$$00000002  c_w.l(libshutdown2.o)
    0x000001c2   0x000001c2   0x00000000   Code   RO         1237    .ARM.Collect$$libshutdown$$00000004  c_w.l(libshutdown2.o)
    0x000001c2   0x000001c2   0x00000000   Code   RO         1239    .ARM.Collect$$libshutdown$$00000006  c_w.l(libshutdown2.o)
    0x000001c2   0x000001c2   0x00000000   Code   RO         1242    .ARM.Collect$$libshutdown$$00000009  c_w.l(libshutdown2.o)
    0x000001c2   0x000001c2   0x00000000   Code   RO         1245    .ARM.Collect$$libshutdown$$0000000C  c_w.l(libshutdown2.o)
    0x000001c2   0x000001c2   0x00000000   Code   RO         1247    .ARM.Collect$$libshutdown$$0000000E  c_w.l(libshutdown2.o)
    0x000001c2   0x000001c2   0x00000000   Code   RO         1250    .ARM.Collect$$libshutdown$$00000011  c_w.l(libshutdown2.o)
    0x000001c2   0x000001c2   0x00000002   Code   RO         1251    .ARM.Collect$$libshutdown$$00000012  c_w.l(libshutdown2.o)
    0x000001c4   0x000001c4   0x00000000   Code   RO         1109    .ARM.Collect$$rtentry$$00000000  c_w.l(__rtentry.o)
    0x000001c4   0x000001c4   0x00000000   Code   RO         1127    .ARM.Collect$$rtentry$$00000002  c_w.l(__rtentry2.o)
    0x000001c4   0x000001c4   0x00000006   Code   RO         1139    .ARM.Collect$$rtentry$$00000004  c_w.l(__rtentry4.o)
    0x000001ca   0x000001ca   0x00000000   Code   RO         1129    .ARM.Collect$$rtentry$$00000009  c_w.l(__rtentry2.o)
    0x000001ca   0x000001ca   0x00000004   Code   RO         1130    .ARM.Collect$$rtentry$$0000000A  c_w.l(__rtentry2.o)
    0x000001ce   0x000001ce   0x00000000   Code   RO         1132    .ARM.Collect$$rtentry$$0000000C  c_w.l(__rtentry2.o)
    0x000001ce   0x000001ce   0x00000008   Code   RO         1133    .ARM.Collect$$rtentry$$0000000D  c_w.l(__rtentry2.o)
    0x000001d6   0x000001d6   0x00000002   Code   RO         1156    .ARM.Collect$$rtexit$$00000000  c_w.l(rtexit.o)
    0x000001d8   0x000001d8   0x00000000   Code   RO         1204    .ARM.Collect$$rtexit$$00000002  c_w.l(rtexit2.o)
    0x000001d8   0x000001d8   0x00000004   Code   RO         1205    .ARM.Collect$$rtexit$$00000003  c_w.l(rtexit2.o)
    0x000001dc   0x000001dc   0x00000006   Code   RO         1206    .ARM.Collect$$rtexit$$00000004  c_w.l(rtexit2.o)
    0x000001e2   0x000001e2   0x00000002   PAD
    0x000001e4   0x000001e4   0x00000020   Code   RO          285    .emb_text           cortexm.o
    0x00000204   0x00000204   0x00000040   Code   RO          985    .text               startup_msp432p4111_uvision.o
    0x00000244   0x00000244   0x00000006   Code   RO         1063    .text               c_w.l(heapauxi.o)
    0x0000024a   0x0000024a   0x0000004a   Code   RO         1143    .text               c_w.l(sys_stackheap_outer.o)
    0x00000294   0x00000294   0x00000012   Code   RO         1145    .text               c_w.l(exit.o)
    0x000002a6   0x000002a6   0x00000002   PAD
    0x000002a8   0x000002a8   0x00000008   Code   RO         1153    .text               c_w.l(libspace.o)
    0x000002b0   0x000002b0   0x0000000c   Code   RO         1214    .text               c_w.l(sys_exit.o)
    0x000002bc   0x000002bc   0x00000002   Code   RO         1225    .text               c_w.l(use_no_semi.o)
    0x000002be   0x000002be   0x00000000   Code   RO         1227    .text               c_w.l(indicate_semi.o)
    0x000002be   0x000002be   0x00000002   PAD
    0x000002c0   0x000002c0   0x00000068   Code   RO          158    i.ADC0_InitSWTriggerCh6  adc14.o
    0x00000328   0x00000328   0x00000024   Code   RO          159    i.ADC_In            adc14.o
    0x0000034c   0x0000034c   0x0000004c   Code   RO          235    i.CLK_Handler       controlpins.o
    0x00000398   0x00000398   0x00000054   Code   RO          801    i.CalcPeriodFromFrequency  timer32.o
    0x000003ec   0x000003ec   0x00000068   Code   RO          236    i.ControlPin_CLK_Init  controlpins.o
    0x00000454   0x00000454   0x00000054   Code   RO          237    i.ControlPin_SI_Init  controlpins.o
    0x000004a8   0x000004a8   0x0000000a   Code   RO          756    i.DisableSysTickTimer  systicktimer.o
    0x000004b2   0x000004b2   0x0000000a   Code   RO          757    i.EnableSysTickTimer  systicktimer.o
    0x000004bc   0x000004bc   0x00000044   Code   RO          238    i.SI_Handler        controlpins.o
    0x00000500   0x00000500   0x00000044   Code   RO          758    i.SysTickTimer_Init  systicktimer.o
    0x00000544   0x00000544   0x00000010   Code   RO          759    i.SysTick_Handler   systicktimer.o
    0x00000554   0x00000554   0x000000ac   Code   RO          993    i.SystemInit        system_msp432p4111.o
    0x00000600   0x00000600   0x00000020   Code   RO          803    i.T32_INT1_IRQHandler  timer32.o
    0x00000620   0x00000620   0x00000020   Code   RO          804    i.T32_INT2_IRQHandler  timer32.o
    0x00000640   0x00000640   0x00000038   Code   RO          859    i.TIMER_A0_PWM_DutyCycle  timera.o
    0x00000678   0x00000678   0x000000d4   Code   RO          860    i.TIMER_A0_PWM_Init  timera.o
    0x0000074c   0x0000074c   0x0000003c   Code   RO          861    i.TIMER_A2_PWM_DutyCycle  timera.o
    0x00000788   0x00000788   0x00000080   Code   RO          862    i.TIMER_A2_PWM_Init  timera.o
    0x00000808   0x00000808   0x00000064   Code   RO          805    i.Timer32_1_Init    timer32.o
    0x0000086c   0x0000086c   0x00000014   Code   RO         1097    i.__hardfp_fabs     m_wm.l(fabs.o)
    0x00000880   0x00000880   0x00000028   Code   RO          188    i.carpetDetection   camera.o
    0x000008a8   0x000008a8   0x00000058   Code   RO          584    i.compute_pid       pid.o
    0x00000900   0x00000900   0x00000092   Code   RO          189    i.data_smoother     camera.o
    0x00000992   0x00000992   0x00000002   PAD
    0x00000994   0x00000994   0x00000138   Code   RO          304    i.differentialTurn  dcmotors.o
    0x00000acc   0x00000acc   0x00000068   Code   RO          306    i.drive             dcmotors.o
    0x00000b34   0x00000b34   0x00000018   Code   RO          307    i.enableMotors      dcmotors.o
    0x00000b4c   0x00000b4c   0x0000001c   Code   RO          190    i.initCamera        camera.o
    0x00000b68   0x00000b68   0x00000044   Code   RO            6    i.initCar           car.o
    0x00000bac   0x00000bac   0x0000009c   Code   RO          308    i.initDC            dcmotors.o
    0x00000c48   0x00000c48   0x00000018   Code   RO          606    i.initServo         servomotor.o
    0x00000c60   0x00000c60   0x0000007c   Code   RO            7    i.main              car.o
    0x00000cdc   0x00000cdc   0x0000013c   Code   RO            9    i.steer             car.o
    0x00000e18   0x00000e18   0x00000054   Code   RO          309    i.stop              dcmotors.o
    0x00000e6c   0x00000e6c   0x00000074   Code   RO          607    i.toggleServo       servomotor.o
    0x00000ee0   0x00000ee0   0x00000064   Code   RO          191    i.track_position    camera.o
    0x00000f44   0x00000f44   0x00000150   Code   RO         1067    x$fpl$dadd          fz_wm.l(daddsub_clz.o)
    0x00001094   0x00001094   0x00000018   Code   RO         1119    x$fpl$dcmpinf       fz_wm.l(dcmpi.o)
    0x000010ac   0x000010ac   0x000002b0   Code   RO         1074    x$fpl$ddiv          fz_wm.l(ddiv.o)
    0x0000135c   0x0000135c   0x0000005a   Code   RO         1081    x$fpl$dfixu         fz_wm.l(dfixu.o)
    0x000013b6   0x000013b6   0x0000002e   Code   RO         1086    x$fpl$dflt          fz_wm.l(dflt_clz.o)
    0x000013e4   0x000013e4   0x00000026   Code   RO         1085    x$fpl$dfltu         fz_wm.l(dflt_clz.o)
    0x0000140a   0x0000140a   0x00000002   PAD
    0x0000140c   0x0000140c   0x00000078   Code   RO         1091    x$fpl$dleqf         fz_wm.l(dleqf.o)
    0x00001484   0x00001484   0x00000154   Code   RO         1093    x$fpl$dmul          fz_wm.l(dmul.o)
    0x000015d8   0x000015d8   0x0000009c   Code   RO         1121    x$fpl$dnaninf       fz_wm.l(dnaninf.o)
    0x00001674   0x00001674   0x0000000c   Code   RO         1123    x$fpl$dretinf       fz_wm.l(dretinf.o)
    0x00001680   0x00001680   0x0000006c   Code   RO         1095    x$fpl$drleqf        fz_wm.l(drleqf.o)
    0x000016ec   0x000016ec   0x000001d4   Code   RO         1069    x$fpl$dsub          fz_wm.l(daddsub_clz.o)
    0x000018c0   0x000018c0   0x0000000a   Code   RO         1212    x$fpl$fpinit        fz_wm.l(fpinit.o)
    0x000018ca   0x000018ca   0x00000000   Code   RO         1125    x$fpl$usenofp       fz_wm.l(usenofp.o)
    0x000018ca   0x000018ca   0x00000002   PAD
    0x000018cc   0x000018cc   0x00000020   Data   RO         1282    Region$$Table       anon$$obj.o


    Execution Region RW_IRAM1 (Exec base: 0x20000000, Load base: 0x000018ec, Size: 0x000008f8, Max: 0x00040000, ABSOLUTE)

    Exec Addr    Load Addr    Size         Type   Attr      Idx    E Section Name        Object

    0x20000000   0x000018ec   0x00000010   Data   RW           12    .data               car.o
    0x20000010   0x000018fc   0x00000008   Data   RW          241    .data               controlpins.o
    0x20000018   0x00001904   0x00000018   Data   RW          585    .data               pid.o
    0x20000030   0x0000191c   0x00000020   Data   RW          644    .data               startmenu.o
    0x20000050   0x0000193c   0x00000008   Data   RW          760    .data               systicktimer.o
    0x20000058   0x00001944   0x00000014   Data   RW          808    .data               timer32.o
    0x2000006c   0x00001958   0x00000004   Data   RW          994    .data               system_msp432p4111.o
    0x20000070        -       0x00000100   Zero   RW           11    .bss                car.o
    0x20000170        -       0x00000100   Zero   RW          239    .bss                controlpins.o
    0x20000270        -       0x00000028   Zero   RW          863    .bss                timera.o
    0x20000298        -       0x00000060   Zero   RW         1154    .bss                c_w.l(libspace.o)
    0x200002f8        -       0x00000400   Zero   RW          983    HEAP                startup_msp432p4111_uvision.o
    0x200006f8        -       0x00000200   Zero   RW          982    STACK               startup_msp432p4111_uvision.o



  Load Region LR_IROM2 (Base: 0x00200000, Size: 0x00000000, Max: 0x00008000, ABSOLUTE)

    Execution Region ER_IROM2 (Exec base: 0x00200000, Load base: 0x00200000, Size: 0x00000000, Max: 0x00008000, ABSOLUTE)

    **** No section assigned to this execution region ****


==============================================================================

Image component sizes


      Code (inc. data)   RO Data    RW Data    ZI Data      Debug   Object Name

       140         22          0          0          0        913   adc14.o
       314         12          0          0          0       2769   camera.o
       508        108          0         16        256      10105   car.o
       332         56          0          8        256       4256   controlpins.o
        32          0          0          0          0        536   cortexm.o
       680         86          0          0          0       2858   dcmotors.o
        88          4          0         24          0        851   pid.o
       140         36          0          0          0       1070   servomotor.o
         0          0          0         32          0        367   startmenu.o
        64         26        324          0       1536        892   startup_msp432p4111_uvision.o
       172         34          0          4          0        787   system_msp432p4111.o
       104         14          0          8          0       2613   systicktimer.o
       248         46          0         20          0       3031   timer32.o
       456         34          0          0         40       3586   timera.o

    ----------------------------------------------------------------------
      3280        478        356        112       2088      34634   Object Totals
         0          0         32          0          0          0   (incl. Generated)
         2          0          0          0          0          0   (incl. Padding)

    ----------------------------------------------------------------------

      Code (inc. data)   RO Data    RW Data    ZI Data      Debug   Library Member Name

         8          0          0          0          0         68   __main.o
         0          0          0          0          0          0   __rtentry.o
        12          0          0          0          0          0   __rtentry2.o
         6          0          0          0          0          0   __rtentry4.o
        52          8          0          0          0          0   __scatter.o
        26          0          0          0          0          0   __scatter_copy.o
        28          0          0          0          0          0   __scatter_zi.o
        18          0          0          0          0         80   exit.o
         6          0          0          0          0        152   heapauxi.o
         0          0          0          0          0          0   indicate_semi.o
         2          0          0          0          0          0   libinit.o
         6          0          0          0          0          0   libinit2.o
         2          0          0          0          0          0   libshutdown.o
         2          0          0          0          0          0   libshutdown2.o
         8          4          0          0         96         68   libspace.o
         2          0          0          0          0          0   rtexit.o
        10          0          0          0          0          0   rtexit2.o
        12          4          0          0          0         68   sys_exit.o
        74          0          0          0          0         80   sys_stackheap_outer.o
         2          0          0          0          0         68   use_no_semi.o
       804         16          0          0          0        368   daddsub_clz.o
        24          0          0          0          0        116   dcmpi.o
       688        140          0          0          0        256   ddiv.o
        90          4          0          0          0        140   dfixu.o
        84          0          0          0          0        232   dflt_clz.o
       120          4          0          0          0        140   dleqf.o
       340         12          0          0          0        152   dmul.o
       156          4          0          0          0        140   dnaninf.o
        12          0          0          0          0        116   dretinf.o
       108          0          0          0          0        128   drleqf.o
        10          0          0          0          0        116   fpinit.o
         0          0          0          0          0          0   usenofp.o
        20          0          0          0          0        124   fabs.o

    ----------------------------------------------------------------------
      2744        196          0          0         96       2612   Library Totals
        12          0          0          0          0          0   (incl. Padding)

    ----------------------------------------------------------------------

      Code (inc. data)   RO Data    RW Data    ZI Data      Debug   Library Name

       276         16          0          0         96        584   c_w.l
      2436        180          0          0          0       1904   fz_wm.l
        20          0          0          0          0        124   m_wm.l

    ----------------------------------------------------------------------
      2744        196          0          0         96       2612   Library Totals

    ----------------------------------------------------------------------

==============================================================================


      Code (inc. data)   RO Data    RW Data    ZI Data      Debug   

      6024        674        356        112       2184      32690   Grand Totals
      6024        674        356        112       2184      32690   ELF Image Totals
      6024        674        356        112          0          0   ROM Totals

==============================================================================

    Total RO  Size (Code + RO Data)                 6380 (   6.23kB)
    Total RW  Size (RW Data + ZI Data)              2296 (   2.24kB)
    Total ROM Size (Code + RO Data + RW Data)       6492 (   6.34kB)

==============================================================================

